Component: ARM Compiler 5.06 update 7 (build 960) Tool: armlink [4d3601]

==============================================================================

Section Cross References

    main.o(i.main) refers to init.o(i.tick_init) for tick_init
    main.o(i.main) refers to memseta.o(.text) for __aeabi_memclr4
    main.o(i.main) refers to cs32f10x_rcu.o(i.rcu_clk_freq_get) for rcu_clk_freq_get
    main.o(i.main) refers to app.o(i.tick_delay) for tick_delay
    main.o(i.main) refers to cs32f10x_gpio.o(i.gpio_pin_remap_config) for gpio_pin_remap_config
    main.o(i.main) refers to init.o(i.uart_init) for uart_init
    main.o(i.main) refers to init.o(i.log_init) for log_init
    main.o(i.main) refers to printf8.o(i.__0printf$8) for __2printf
    main.o(i.main) refers to key.o(i.key_init) for key_init
    main.o(i.main) refers to adc.o(i.adc_init_) for adc_init_
    main.o(i.main) refers to init.o(i.tim_init) for tim_init
    main.o(i.main) refers to iic.o(i.i2c_init_2) for i2c_init_2
    main.o(i.main) refers to init.o(i.other_io_init) for other_io_init
    main.o(i.main) refers to bms.o(i.bq76942_reset) for bq76942_reset
    main.o(i.main) refers to coulomp.o(i.coulomp_init) for coulomp_init
    main.o(i.main) refers to bathealth.o(i.health_init) for health_init
    main.o(i.main) refers to led.o(i.led_init) for led_init
    main.o(i.main) refers to init.o(i.rtc_config) for rtc_config
    main.o(i.main) refers to init.o(i.fwdt_init) for fwdt_init
    main.o(i.main) refers to cs32f10x_fwdt.o(i.fwdt_reload_counter) for fwdt_reload_counter
    main.o(i.main) refers to task.o(i.Task_Pro_Handler_Callback) for Task_Pro_Handler_Callback
    main.o(i.main) refers to app.o(.data) for sys
    cs32f10x_it.o(i.EXTI15_10_IRQHandler) refers to app.o(.data) for sys
    cs32f10x_it.o(i.EXTI1_IRQHandler) refers to app.o(.data) for sys
    cs32f10x_it.o(i.EXTI4_IRQHandler) refers to app.o(.data) for sys
    cs32f10x_it.o(i.RTC_IRQHandler) refers to main.o(.data) for second_flag
    cs32f10x_it.o(i.SysTick_Handler) refers to task.o(i.Task_Marks_Handler_Callback) for Task_Marks_Handler_Callback
    cs32f10x_it.o(i.SysTick_Handler) refers to app.o(.data) for sys
    cs32f10x_it.o(i.TIM1_UP_IRQHandler) refers to led.o(i.led_pwm_control) for led_pwm_control
    cs32f10x_it.o(i.TIM1_UP_IRQHandler) refers to app.o(i.eta_driver) for eta_driver
    cs32f10x_it.o(i.TIM1_UP_IRQHandler) refers to led.o(.data) for led
    cs32f10x_it.o(i.USART3_IRQHandler) refers to queue.o(i.circ_buffer_push) for circ_buffer_push
    cs32f10x_it.o(i.USART3_IRQHandler) refers to queue.o(.bss) for rxBuffer
    cs32f10x_it.o(i.USART3_IRQHandler) refers to app.o(.data) for sys
    init.o(i.deinit_befor_sleep) refers to bms.o(i.BQ769x2_DSG_OFF) for BQ769x2_DSG_OFF
    init.o(i.deinit_befor_sleep) refers to bms.o(i.CommandSubcommands) for CommandSubcommands
    init.o(i.deinit_befor_sleep) refers to cs32f10x_usart.o(i.usart_def_init) for usart_def_init
    init.o(i.deinit_befor_sleep) refers to cs32f10x_tim.o(i.tim_def_init) for tim_def_init
    init.o(i.deinit_befor_sleep) refers to init.o(i.exti_init) for exti_init
    init.o(i.deinit_befor_sleep) refers to init.o(i.uart3_to_exit) for uart3_to_exit
    init.o(i.deinit_befor_sleep) refers to init.o(i.io_sleep_conf) for io_sleep_conf
    init.o(i.exti_init) refers to cs32f10x_exti.o(i.exti_def_init) for exti_def_init
    init.o(i.exti_init) refers to cs32f10x_misc.o(i.nvic_priority_group_config) for nvic_priority_group_config
    init.o(i.exti_init) refers to cs32f10x_gpio.o(i.gpio_mode_config) for gpio_mode_config
    init.o(i.exti_init) refers to cs32f10x_gpio.o(i.gpio_exti_pin_config) for gpio_exti_pin_config
    init.o(i.exti_init) refers to cs32f10x_misc.o(i.nvic_init) for nvic_init
    init.o(i.fwdt_init) refers to cs32f10x_fwdt.o(i.fwdt_write_access_enable_ctrl) for fwdt_write_access_enable_ctrl
    init.o(i.fwdt_init) refers to cs32f10x_fwdt.o(i.fwdt_prescaler_set) for fwdt_prescaler_set
    init.o(i.fwdt_init) refers to cs32f10x_fwdt.o(i.fwdt_reload_set) for fwdt_reload_set
    init.o(i.fwdt_init) refers to cs32f10x_fwdt.o(i.fwdt_enable) for fwdt_enable
    init.o(i.init_after_wakeup) refers to init.o(i.log_init) for log_init
    init.o(i.init_after_wakeup) refers to init.o(i.uart_init) for uart_init
    init.o(i.init_after_wakeup) refers to adc.o(i.adc_init_) for adc_init_
    init.o(i.init_after_wakeup) refers to init.o(i.tim_init) for tim_init
    init.o(i.init_after_wakeup) refers to iic.o(i.i2c_init_2) for i2c_init_2
    init.o(i.init_after_wakeup) refers to init.o(i.other_io_init) for other_io_init
    init.o(i.init_after_wakeup) refers to led.o(i.led_init) for led_init
    init.o(i.init_after_wakeup) refers to bms.o(i.CommandSubcommands) for CommandSubcommands
    init.o(i.init_after_wakeup) refers to bms.o(i.bq76942_reset) for bq76942_reset
    init.o(i.init_after_wakeup) refers to bms.o(i.BQ769x2_RESET_CHG_OFF) for BQ769x2_RESET_CHG_OFF
[...]
    i.I2C_Start                              0x08000fbc   Section        0  iic.o(i.I2C_Start)
    i.I2C_Stop                               0x08000fec   Section        0  iic.o(i.I2C_Stop)
    i.I2C_WaitAck                            0x08001044   Section        0  iic.o(i.I2C_WaitAck)
    i.I2C_WriteMulti                         0x080010c8   Section        0  iic.o(i.I2C_WriteMulti)
    i.I2C_WriteReg                           0x0800110c   Section        0  bms.o(i.I2C_WriteReg)
    i.IIC_ReadData                           0x08001198   Section        0  bms.o(i.IIC_ReadData)
    i.IIC_WriteData                          0x080011a6   Section        0  bms.o(i.IIC_WriteData)
    i.MemManage_Handler                      0x080011b4   Section        0  cs32f10x_it.o(i.MemManage_Handler)
    i.NMI_Handler                            0x080011b6   Section        0  cs32f10x_it.o(i.NMI_Handler)
    i.PendSV_Handler                         0x080011b8   Section        0  cs32f10x_it.o(i.PendSV_Handler)
    i.ProcessData1                           0x080011bc   Section        0  queue.o(i.ProcessData1)
    i.ProcessPacket                          0x0800121c   Section        0  queue.o(i.ProcessPacket)
    i.RTCAlarm_IRQHandler                    0x080012d4   Section        0  cs32f10x_it.o(i.RTCAlarm_IRQHandler)
    i.RTC_IRQHandler                         0x080012f8   Section        0  cs32f10x_it.o(i.RTC_IRQHandler)
    i.SVC_Handler                            0x08001318   Section        0  cs32f10x_it.o(i.SVC_Handler)
    i.SetSysClock                            0x0800131a   Section        0  system_cs32f10x.o(i.SetSysClock)
    SetSysClock                              0x0800131b   Thumb Code     4  system_cs32f10x.o(i.SetSysClock)
    i.Subcommands                            0x08001320   Section        0  bms.o(i.Subcommands)
    i.SysTick_Handler                        0x080013cc   Section        0  cs32f10x_it.o(i.SysTick_Handler)
    i.SystemInit                             0x080013ec   Section        0  system_cs32f10x.o(i.SystemInit)
    i.TIM1_UP_IRQHandler                     0x0800143c   Section        0  cs32f10x_it.o(i.TIM1_UP_IRQHandler)
    i.Task_Marks_Handler_Callback            0x0800145c   Section        0  task.o(i.Task_Marks_Handler_Callback)
    i.Task_Pro_Handler_Callback              0x08001494   Section        0  task.o(i.Task_Pro_Handler_Callback)
    i.USART3_IRQHandler                      0x080014cc   Section        0  cs32f10x_it.o(i.USART3_IRQHandler)
    i.UsageFault_Handler                     0x08001504   Section        0  cs32f10x_it.o(i.UsageFault_Handler)
    i.__0printf$8                            0x08001508   Section        0  printf8.o(i.__0printf$8)
    i.__scatterload_copy                     0x08001528   Section       14  handlers.o(i.__scatterload_copy)
    i.__scatterload_null                     0x08001536   Section        2  handlers.o(i.__scatterload_null)
    i.__scatterload_zeroinit                 0x08001538   Section       14  handlers.o(i.__scatterload_zeroinit)
    i._printf_core                           0x08001548   Section        0  printf8.o(i._printf_core)
    _printf_core                             0x08001549   Thumb Code   984  printf8.o(i._printf_core)
    i._printf_post_padding                   0x0800194c   Section        0  printf8.o(i._printf_post_padding)
    _printf_post_padding                     0x0800194d   Thumb Code    36  printf8.o(i._printf_post_padding)
    i._printf_pre_padding                    0x08001970   Section        0  printf8.o(i._printf_pre_padding)
    _printf_pre_padding                      0x08001971   Thumb Code    46  printf8.o(i._printf_pre_padding)
    i.adc_init                               0x080019a0   Section        0  cs32f10x_adc.o(i.adc_init)
    i.adc_init_                              0x080019e0   Section        0  adc.o(i.adc_init_)
    i.adc_regular_channel_config             0x08001ab8   Section        0  cs32f10x_adc.o(i.adc_regular_channel_config)
    i.adc_struct_init                        0x08001b2c   Section        0  cs32f10x_adc.o(i.adc_struct_init)
    i.app_bms_charge_to_active               0x08001b40   Section        0  app.o(i.app_bms_charge_to_active)
    i.app_bms_comm_recover                   0x08001b5c   Section        0  app.o(i.app_bms_comm_recover)
    i.app_eta_control                        0x08001bbc   Section        0  app.o(i.app_eta_control)
    i.app_led_control                        0x08001bdc   Section        0  app.o(i.app_led_control)
    i.app_power_rank_contorl                 0x08001d08   Section        0  app.o(i.app_power_rank_contorl)
    i.app_power_sw_contorl                   0x08001d6c   Section        0  app.o(i.app_power_sw_contorl)
    i.app_rtc                                0x08001e0c   Section        0  app.o(i.app_rtc)
    i.app_sleep                              0x08001eb0   Section        0  app.o(i.app_sleep)
    i.app_temperature_protect                0x08001f5c   Section        0  app.o(i.app_temperature_protect)
    i.app_usba_control_protect               0x0800206c   Section        0  app.o(i.app_usba_control_protect)
    i.bms_init                               0x080021b8   Section        0  bms.o(i.bms_init)
    i.bq76942_reset                          0x08002238   Section        0  bms.o(i.bq76942_reset)
    i.circ_buffer_pop                        0x080022a0   Section        0  queue.o(i.circ_buffer_pop)
    i.circ_buffer_push                       0x080022ca   Section        0  queue.o(i.circ_buffer_push)
    i.cmd_g020_write                         0x080022f4   Section        0  communication.o(i.cmd_g020_write)
    i.coulomp_calc                           0x08002300   Section        0  coulomp.o(i.coulomp_calc)
    i.coulomp_init                           0x080023dc   Section        0  coulomp.o(i.coulomp_init)
    i.deinit_befor_sleep                     0x08002498   Section        0  init.o(i.deinit_befor_sleep)
    i.delay_us_2ms                           0x08002508   Section        0  bms.o(i.delay_us_2ms)
    i.estimate_soc_from_voltage              0x0800251c   Section        0  coulomp.o(i.estimate_soc_from_voltage)
    i.eta_driver                             0x0800258c   Section        0  app.o(i.eta_driver)
    i.exti_def_init                          0x080025ac   Section        0  cs32f10x_exti.o(i.exti_def_init)
    i.exti_init                              0x080025cc   Section        0  init.o(i.exti_init)
    i.f_led_alloff                           0x0800268c   Section        0  led.o(i.f_led_alloff)
    i.f_led_charge                           0x080026f0   Section        0  led.o(i.f_led_charge)
    i.f_led_discharge                        0x08002768   Section        0  led.o(i.f_led_discharge)
    i.f_led_err                              0x080027e8   Section        0  led.o(i.f_led_err)
    i.f_led_health                           0x08002860   Section        0  led.o(i.f_led_health)
    i.f_led_port_normal                      0x080028c8   Section        0  led.o(i.f_led_port_normal)
    i.f_led_port_warning                     0x08002928   Section        0  led.o(i.f_led_port_warning)
    i.f_led_show_battery                     0x08002a5c   Section        0  led.o(i.f_led_show_battery)
    i.f_led_warning                          0x08002ac0   Section        0  led.o(i.f_led_warning)
    i.f_uaba_close                           0x08002b28   Section        0  app.o(i.f_uaba_close)
    i.f_uaba_fault_ov                        0x08002b90   Section        0  app.o(i.f_uaba_fault_ov)
    i.f_uaba_open                            0x08002be0   Section        0  app.o(i.f_uaba_open)
    i.fputc                                  0x08002c48   Section        0  init.o(i.fputc)
    i.fwdt_enable                            0x08002c60   Section        0  cs32f10x_fwdt.o(i.fwdt_enable)
    i.fwdt_init                              0x08002c70   Section        0  init.o(i.fwdt_init)
    i.fwdt_prescaler_set                     0x08002c90   Section        0  cs32f10x_fwdt.o(i.fwdt_prescaler_set)
    i.fwdt_reload_counter                    0x08002c9c   Section        0  cs32f10x_fwdt.o(i.fwdt_reload_counter)
    i.fwdt_reload_set                        0x08002cac   Section        0  cs32f10x_fwdt.o(i.fwdt_reload_set)
    i.fwdt_write_access_enable_ctrl          0x08002cb8   Section        0  cs32f10x_fwdt.o(i.fwdt_write_access_enable_ctrl)
    i.gpio_exti_pin_config                   0x08002cc4   Section        0  cs32f10x_gpio.o(i.gpio_exti_pin_config)
    i.gpio_mode_config                       0x08002cec   Section        0  cs32f10x_gpio.o(i.gpio_mode_config)
    i.gpio_pin_remap_config                  0x08002da4   Section        0  cs32f10x_gpio.o(i.gpio_pin_remap_config)
    i.health_calc                            0x08002dc0   Section        0  bathealth.o(i.health_calc)
    i.health_init                            0x08002dfc   Section        0  bathealth.o(i.health_init)
    i.i2c_init_2                             0x08002e08   Section        0  iic.o(i.i2c_init_2)
    i.i2c_nop                                0x08002e40   Section        0  iic.o(i.i2c_nop)
    i.init_after_wakeup                      0x08002e52   Section        0  init.o(i.init_after_wakeup)
    i.io_sleep_conf                          0x08002e88   Section        0  init.o(i.io_sleep_conf)
    i.key_fast_switch                        0x080030f4   Section        0  app.o(i.key_fast_switch)
    i.key_init                               0x08003134   Section        0  key.o(i.key_init)
    i.ledBreath_init                         0x08003178   Section        0  led.o(i.ledBreath_init)
    i.led_bat_show                           0x0800318c   Section        0  led.o(i.led_bat_show)
    i.led_init                               0x08003a3c   Section        0  led.o(i.led_init)
    i.led_port_show                          0x08003b3c   Section        0  led.o(i.led_port_show)
    i.led_pwm_control                        0x08003c3c   Section        0  led.o(i.led_pwm_control)
    i.load_bms_init_array                    0x08003ce0   Section        0  bms.o(i.load_bms_init_array)
    i.log_init                               0x08003d08   Section        0  init.o(i.log_init)
    i.main                                   0x08003d6c   Section        0  main.o(i.main)
    i.nvic_init                              0x08003dfc   Section        0  cs32f10x_misc.o(i.nvic_init)
    i.nvic_priority_group_config             0x08003e28   Section        0  cs32f10x_misc.o(i.nvic_priority_group_config)
    i.other_io_init                          0x08003e3c   Section        0  init.o(i.other_io_init)
    i.pmu_stop_mode_enter                    0x08003ec8   Section        0  cs32f10x_pmu.o(i.pmu_stop_mode_enter)
    i.pmu_vbat_domain_write_config           0x08003f00   Section        0  cs32f10x_pmu.o(i.pmu_vbat_domain_write_config)
    i.portA_plug_check                       0x08003f14   Section        0  app.o(i.portA_plug_check)
    portA_plug_check                         0x08003f15   Thumb Code    38  app.o(i.portA_plug_check)
    i.rcu_adcclk_config                      0x08003f44   Section        0  cs32f10x_rcu.o(i.rcu_adcclk_config)
    i.rcu_clk_freq_get                       0x08003f58   Section        0  cs32f10x_rcu.o(i.rcu_clk_freq_get)
    i.rcu_clkready_reset_flag_get            0x08004004   Section        0  cs32f10x_rcu.o(i.rcu_clkready_reset_flag_get)
    i.rcu_rtcclk_config                      0x0800403c   Section        0  cs32f10x_rcu.o(i.rcu_rtcclk_config)
    i.rcu_sysclk_config                      0x08004050   Section        0  cs32f10x_rcu.o(i.rcu_sysclk_config)
    i.rcu_sysclk_src_get                     0x08004064   Section        0  cs32f10x_rcu.o(i.rcu_sysclk_src_get)
    i.rtc_alarm_set                          0x08004074   Section        0  cs32f10x_rtc.o(i.rtc_alarm_set)
    i.rtc_config                             0x0800409c   Section        0  init.o(i.rtc_config)
    i.rtc_counter_set                        0x08004174   Section        0  cs32f10x_rtc.o(i.rtc_counter_set)
    i.rtc_prescaler_set                      0x0800419c   Section        0  cs32f10x_rtc.o(i.rtc_prescaler_set)
    i.rtc_wait_for_synchronize               0x080041c0   Section        0  cs32f10x_rtc.o(i.rtc_wait_for_synchronize)
    i.set_sysclk_freq_64M                    0x080041d8   Section        0  system_cs32f10x.o(i.set_sysclk_freq_64M)
    set_sysclk_freq_64M                      0x080041d9   Thumb Code   168  system_cs32f10x.o(i.set_sysclk_freq_64M)
    i.sleep_del                              0x08004288   Section        0  app.o(i.sleep_del)
    sleep_del                                0x08004289   Thumb Code   192  app.o(i.sleep_del)
    i.sys_pow_on_off_deal                    0x08004384   Section        0  app.o(i.sys_pow_on_off_deal)
    i.sys_switch_check                       0x080043ec   Section        0  app.o(i.sys_switch_check)
    i.task_adc                               0x08004440   Section        0  adc.o(i.task_adc)
    i.task_app                               0x08004528   Section        0  app.o(i.task_app)
    i.task_bms                               0x08004578   Section        0  bms_pro.o(i.task_bms)
    i.task_com_rx                            0x080046c0   Section        0  communication.o(i.task_com_rx)
    i.task_com_tx                            0x080046cc   Section        0  communication.o(i.task_com_tx)
    i.task_coulomp                           0x08004768   Section        0  coulomp.o(i.task_coulomp)
    i.task_debug                             0x080047a4   Section        0  debug.o(i.task_debug)
    i.task_health                            0x08004b94   Section        0  bathealth.o(i.task_health)
    i.task_key                               0x08004bcc   Section        0  key.o(i.task_key)
    i.task_led                               0x08004c94   Section        0  led.o(i.task_led)
    i.tick_delay                             0x08004cac   Section        0  app.o(i.tick_delay)
    i.tick_init                              0x08004cbc   Section        0  init.o(i.tick_init)
    i.tim_base_init                          0x08004cfc   Section        0  cs32f10x_tim.o(i.tim_base_init)
    i.tim_def_init                           0x08004d3c   Section        0  cs32f10x_tim.o(i.tim_def_init)
    i.tim_init                               0x08004e20   Section        0  init.o(i.tim_init)
    i.transmit_data                          0x08004e94   Section        0  communication.o(i.transmit_data)
    i.turn_to_CFGUPDATE                      0x08004eb8   Section        0  bms.o(i.turn_to_CFGUPDATE)
    i.uart3_to_exit                          0x08004f0c   Section        0  init.o(i.uart3_to_exit)
    i.uart_init                              0x08004f94   Section        0  init.o(i.uart_init)
    i.usart_def_init                         0x0800500c   Section        0  cs32f10x_usart.o(i.usart_def_init)
    i.usart_init                             0x080050a0   Section        0  cs32f10x_usart.o(i.usart_init)
    .constdata                               0x08005114   Section       57  app.o(.constdata)
    __func__                                 0x08005114   Data          12  app.o(.constdata)
    __func__                                 0x08005120   Data          13  app.o(.constdata)
    __func__                                 0x0800512d   Data          16  app.o(.constdata)
    __func__                                 0x0800513d   Data          16  app.o(.constdata)
    .constdata                               0x0800514d   Section      135  led.o(.constdata)
    __func__                                 0x0800514d   Data          19  led.o(.constdata)
    __func__                                 0x08005160   Data          16  led.o(.constdata)
    __func__                                 0x08005170   Data          13  led.o(.constdata)
    __func__                                 0x0800517d   Data          13  led.o(.constdata)
    __func__                                 0x0800518a   Data          13  led.o(.constdata)
    __func__                                 0x08005197   Data          14  led.o(.constdata)
    __func__                                 0x080051a5   Data          10  led.o(.constdata)
    __func__                                 0x080051af   Data          18  led.o(.constdata)
    __func__                                 0x080051c1   Data          19  led.o(.constdata)
    .constdata                               0x080051d4   Section        9  coulomp.o(.constdata)
    table                                    0x080051d4   Data           9  coulomp.o(.constdata)
    .constdata                               0x080051dd   Section        7  bathealth.o(.constdata)
    table                                    0x080051dd   Data           7  bathealth.o(.constdata)
    .conststring                             0x080051e4   Section       13  app.o(.conststring)
    .data                                    0x20000000   Section        1  main.o(.data)
    .data                                    0x20000004   Section      116  app.o(.data)
    cnt                                      0x20000004   Data           1  app.o(.data)
    last_level                               0x20000005   Data           1  app.o(.data)
    num                                      0x20000006   Data           1  app.o(.data)
    key2_high_cnt                            0x20000007   Data           1  app.o(.data)
    key2_low_cnt                             0x20000008   Data           1  app.o(.data)
    oc_cnt                                   0x20000009   Data           1  app.o(.data)
    cnt                                      0x2000000a   Data           1  app.o(.data)
    timer                                    0x2000000c   Data           2  app.o(.data)
    delay_off                                0x2000000e   Data           2  app.o(.data)
    delay_on                                 0x20000010   Data           2  app.o(.data)
    cnt                                      0x20000012   Data           2  app.o(.data)
    small_cur_cnt                            0x20000018   Data           4  app.o(.data)
    recover_cnt                              0x2000001c   Data           4  app.o(.data)
    hour                                     0x20000020   Data           4  app.o(.data)
    min                                      0x20000024   Data           4  app.o(.data)
    second                                   0x20000028   Data           4  app.o(.data)
    rep                                      0x2000002c   Data           8  app.o(.data)
    .data                                    0x20000078   Section        4  app.o(.data)
    .data                                    0x2000007c   Section      482  bms.o(.data)
    .data                                    0x2000025e   Section        2  bms.o(.data)
    .data                                    0x20000260   Section        2  bms.o(.data)
    .data                                    0x20000262   Section        1  bms.o(.data)
    .data                                    0x20000264   Section        2  bms.o(.data)
    .data                                    0x20000266   Section        7  communication.o(.data)
    .data                                    0x2000026d   Section        4  communication.o(.data)
    .data                                    0x20000271   Section        8  key.o(.data)
    .data                                    0x2000027c   Section       76  led.o(.data)
    flag                                     0x2000027c   Data           1  led.o(.data)
    .data                                    0x200002c8   Section        6  queue.o(.data)
    receiving                                0x200002c8   Data           1  queue.o(.data)
    receive_status                           0x200002c9   Data           1  queue.o(.data)
    packetIndex                              0x200002ca   Data           2  queue.o(.data)
    packetIndex                              0x200002cc   Data           2  queue.o(.data)
    .data                                    0x200002d0   Section      124  task.o(.data)
    Task_Comps                               0x200002d4   Data         120  task.o(.data)
    .data                                    0x2000034c   Section       46  bms_pro.o(.data)
    pidx                                     0x2000034f   Data           1  bms_pro.o(.data)
    idx                                      0x20000350   Data           1  bms_pro.o(.data)
    .data                                    0x2000037c   Section      144  coulomp.o(.data)
    .data                                    0x20000410   Section        8  bathealth.o(.data)
    .data                                    0x20000418   Section       20  cs32f10x_rcu.o(.data)
    ADC_pdiv_table                           0x20000418   Data           4  cs32f10x_rcu.o(.data)
    APBAHB_pdiv_table                        0x2000041c   Data          16  cs32f10x_rcu.o(.data)
    .data                                    0x2000042c   Section       20  system_cs32f10x.o(.data)
    AHBPrescTable                            0x20000430   Data          16  system_cs32f10x.o(.data)
    .data                                    0x20000440   Section        4  stdout.o(.data)
    .data__ZZ15app_led_controlE8err_mode     0x20000444   Section        1  app.o(.data__ZZ15app_led_controlE8err_mode)
    .bss                                     0x20000448   Section       76  bms.o(.bss)
    .bss                                     0x20000494   Section       28  communication.o(.bss)
    .bss                                     0x200004b0   Section      152  queue.o(.bss)
    packet                                   0x200004b0   Data          50  queue.o(.bss)
    packet                                   0x200004e2   Data          50  queue.o(.bss)
    .bss                                     0x20000548   Section       12  coulomp.o(.bss)
    STACK                                    0x20000558   Section     2048  startup_cs32f103xb.o(STACK)

    Global Symbols

    Symbol Name                              Value     Ov Type        Size  Object(Section)

    BuildAttributes$$THM_ISAv4$P$D$K$B$S$PE$A:L22UL41UL21$X:L11$S22US41US21$IEEE1$IW$USESV6$~STKCKD$USESV7$~SHL$OTIME$ROPI$EBA8$MICROLIB$REQ8$PRES8$EABIv2 0x00000000   Number         0  anon$$obj.o ABSOLUTE
    __ARM_use_no_argv                        0x00000000   Number         0  main.o ABSOLUTE
    _printf_a                                0x00000000   Number         0  stubs.o ABSOLUTE
    _printf_c                                0x00000000   Number         0  stubs.o ABSOLUTE
    _printf_charcount                        0x00000000   Number         0  stubs.o ABSOLUTE
    _printf_d                                0x00000000   Number         0  stubs.o ABSOLUTE
    _printf_e                                0x00000000   Number         0  stubs.o ABSOLUTE
    _printf_f                                0x00000000   Number         0  stubs.o ABSOLUTE
    _printf_flags                            0x00000000   Number         0  stubs.o ABSOLUTE
    _printf_fp_dec                           0x00000000   Number         0  stubs.o ABSOLUTE
    _printf_fp_hex                           0x00000000   Number         0  stubs.o ABSOLUTE
    _printf_g                                0x00000000   Number         0  stubs.o ABSOLUTE
    _printf_i                                0x00000000   Number         0  stubs.o ABSOLUTE
    _printf_int_dec                          0x00000000   Number         0  stubs.o ABSOLUTE
    _printf_l                                0x00000000   Number         0  stubs.o ABSOLUTE
    _printf_lc                               0x00000000   Number         0  stubs.o ABSOLUTE
    _printf_ll                               0x00000000   Number         0  stubs.o ABSOLUTE
    _printf_lld                              0x00000000   Number         0  stubs.o ABSOLUTE
    _printf_lli                              0x00000000   Number         0  stubs.o ABSOLUTE
    _printf_llo                              0x00000000   Number         0  stubs.o ABSOLUTE
    _printf_llu                              0x00000000   Number         0  stubs.o ABSOLUTE
    _printf_llx                              0x00000000   Number         0  stubs.o ABSOLUTE
    _printf_longlong_dec                     0x00000000   Number         0  stubs.o ABSOLUTE
    _printf_longlong_hex                     0x00000000   Number         0  stubs.o ABSOLUTE
    _printf_longlong_oct                     0x00000000   Number         0  stubs.o ABSOLUTE
    _printf_ls                               0x00000000   Number         0  stubs.o ABSOLUTE
    _printf_mbtowc                           0x00000000   Number         0  stubs.o ABSOLUTE
    _printf_n                                0x00000000   Number         0  stubs.o ABSOLUTE
    _printf_o                                0x00000000   Number         0  stubs.o ABSOLUTE
    _printf_p                                0x00000000   Number         0  stubs.o ABSOLUTE
    _printf_percent                          0x00000000   Number         0  stubs.o ABSOLUTE
    _printf_pre_padding                      0x00000000   Number         0  stubs.o ABSOLUTE
    _printf_return_value                     0x00000000   Number         0  stubs.o ABSOLUTE
    _printf_s                                0x00000000   Number         0  stubs.o ABSOLUTE
    _printf_sizespec                         0x00000000   Number         0  stubs.o ABSOLUTE
    _printf_str                              0x00000000   Number         0  stubs.o ABSOLUTE
    _printf_truncate_signed                  0x00000000   Number         0  stubs.o ABSOLUTE
    _printf_truncate_unsigned                0x00000000   Number         0  stubs.o ABSOLUTE
    _printf_u                                0x00000000   Number         0  stubs.o ABSOLUTE
    _printf_wc                               0x00000000   Number         0  stubs.o ABSOLUTE
    _printf_wctomb                           0x00000000   Number         0  stubs.o ABSOLUTE
    _printf_widthprec                        0x00000000   Number         0  stubs.o ABSOLUTE
    _printf_x                                0x00000000   Number         0  stubs.o ABSOLUTE
    __arm_fini_                               - Undefined Weak Reference
    __cpp_initialize__aeabi_                  - Undefined Weak Reference
    __cxa_finalize                            - Undefined Weak Reference
    _clock_init                               - Undefined Weak Reference
    _microlib_exit                            - Undefined Weak Reference
    __Vectors_Size                           0x000000ec   Number         0  startup_cs32f103xb.o ABSOLUTE
    __Vectors                                0x08000000   Data           4  startup_cs32f103xb.o(RESET)
    __Vectors_End                            0x080000ec   Data           0  startup_cs32f103xb.o(RESET)
    __main                                   0x080000ed   Thumb Code     0  entry.o(.ARM.Collect$$$$00000000)
    _main_stk                                0x080000ed   Thumb Code     0  entry2.o(.ARM.Collect$$$$00000001)
    _main_scatterload                        0x080000f1   Thumb Code     0  entry5.o(.ARM.Collect$$$$00000004)
    __main_after_scatterload                 0x080000f5   Thumb Code     0  entry5.o(.ARM.Collect$$$$00000004)
    _main_clock                              0x080000f5   Thumb Code     0  entry7b.o(.ARM.Collect$$$$00000008)
    _main_cpp_init                           0x080000f5   Thumb Code     0  entry8b.o(.ARM.Collect$$$$0000000A)
    _main_init                               0x080000f5   Thumb Code     0  entry9a.o(.ARM.Collect$$$$0000000B)
    __rt_lib_shutdown_fini                   0x080000fd   Thumb Code     0  entry12b.o(.ARM.Collect$$$$0000000E)
    __rt_final_cpp                           0x08000101   Thumb Code     0  entry10a.o(.ARM.Collect$$$$0000000F)
    __rt_final_exit                          0x08000101   Thumb Code     0  entry11a.o(.ARM.Collect$$$$00000011)
    Reset_Handler                            0x08000105   Thumb Code     8  startup_cs32f103xb.o(.text)
    ADC1_2_IRQHandler                        0x0800011f   Thumb Code     0  startup_cs32f103xb.o(.text)
    CAN1_RX1_IRQHandler                      0x0800011f   Thumb Code     0  startup_cs32f103xb.o(.text)
    CAN1_SCE_IRQHandler                      0x0800011f   Thumb Code     0  startup_cs32f103xb.o(.text)
    DMA1_Channel1_IRQHandler                 0x0800011f   Thumb Code     0  startup_cs32f103xb.o(.text)
    DMA1_Channel2_IRQHandler                 0x0800011f   Thumb Code     0  startup_cs32f103xb.o(.text)
    DMA1_Channel3_IRQHandler                 0x0800011f   Thumb Code     0  startup_cs32f103xb.o(.text)
    DMA1_Channel4_IRQHandler                 0x0800011f   Thumb Code     0  startup_cs32f103xb.o(.text)
    DMA1_Channel5_IRQHandler                 0x0800011f   Thumb Code     0  startup_cs32f103xb.o(.text)
    DMA1_Channel6_IRQHandler                 0x0800011f   Thumb Code     0  startup_cs32f103xb.o(.text)
    DMA1_Channel7_IRQHandler                 0x0800011f   Thumb Code     0  startup_cs32f103xb.o(.text)
    EXTI0_IRQHandler                         0x0800011f   Thumb Code     0  startup_cs32f103xb.o(.text)
    EXTI2_IRQHandler                         0x0800011f   Thumb Code     0  startup_cs32f103xb.o(.text)
    EXTI3_IRQHandler                         0x0800011f   Thumb Code     0  startup_cs32f103xb.o(.text)
    EXTI9_5_IRQHandler                       0x0800011f   Thumb Code     0  startup_cs32f103xb.o(.text)
    FLASH_IRQHandler                         0x0800011f   Thumb Code     0  startup_cs32f103xb.o(.text)
    I2C1_ER_IRQHandler                       0x0800011f   Thumb Code     0  startup_cs32f103xb.o(.text)
    I2C1_EV_IRQHandler                       0x0800011f   Thumb Code     0  startup_cs32f103xb.o(.text)
    I2C2_ER_IRQHandler                       0x0800011f   Thumb Code     0  startup_cs32f103xb.o(.text)
    I2C2_EV_IRQHandler                       0x0800011f   Thumb Code     0  startup_cs32f103xb.o(.text)
    PVD_IRQHandler                           0x0800011f   Thumb Code     0  startup_cs32f103xb.o(.text)
    RCU_IRQHandler                           0x0800011f   Thumb Code     0  startup_cs32f103xb.o(.text)
    SPI1_IRQHandler                          0x0800011f   Thumb Code     0  startup_cs32f103xb.o(.text)
    SPI2_IRQHandler                          0x0800011f   Thumb Code     0  startup_cs32f103xb.o(.text)
    TAMPER_IRQHandler                        0x0800011f   Thumb Code     0  startup_cs32f103xb.o(.text)
    TIM1_BRK_IRQHandler                      0x0800011f   Thumb Code     0  startup_cs32f103xb.o(.text)
    TIM1_CC_IRQHandler                       0x0800011f   Thumb Code     0  startup_cs32f103xb.o(.text)
    TIM1_TRG_COM_IRQHandler                  0x0800011f   Thumb Code     0  startup_cs32f103xb.o(.text)
    TIM2_IRQHandler                          0x0800011f   Thumb Code     0  startup_cs32f103xb.o(.text)
    TIM3_IRQHandler                          0x0800011f   Thumb Code     0  startup_cs32f103xb.o(.text)
    TIM4_IRQHandler                          0x0800011f   Thumb Code     0  startup_cs32f103xb.o(.text)
    USART1_IRQHandler                        0x0800011f   Thumb Code     0  startup_cs32f103xb.o(.text)
    USART2_IRQHandler                        0x0800011f   Thumb Code     0  startup_cs32f103xb.o(.text)
    USBWakeUp_IRQHandler                     0x0800011f   Thumb Code     0  startup_cs32f103xb.o(.text)
    USB_HP_CAN1_TX_IRQHandler                0x0800011f   Thumb Code     0  startup_cs32f103xb.o(.text)
    USB_LP_CAN1_RX0_IRQHandler               0x0800011f   Thumb Code     0  startup_cs32f103xb.o(.text)
    WWDT_IRQHandler                          0x0800011f   Thumb Code     0  startup_cs32f103xb.o(.text)
    __aeabi_uldivmod                         0x08000129   Thumb Code    98  uldiv.o(.text)
    __aeabi_memset                           0x0800018b   Thumb Code    14  memseta.o(.text)
    __aeabi_memset4                          0x0800018b   Thumb Code     0  memseta.o(.text)
    __aeabi_memset8                          0x0800018b   Thumb Code     0  memseta.o(.text)
    __aeabi_memclr                           0x08000199   Thumb Code     4  memseta.o(.text)
    __aeabi_memclr4                          0x08000199   Thumb Code     0  memseta.o(.text)
    __aeabi_memclr8                          0x08000199   Thumb Code     0  memseta.o(.text)
    _memset$wrapper                          0x0800019d   Thumb Code    18  memseta.o(.text)
    __aeabi_fadd                             0x080001af   Thumb Code   164  fadd.o(.text)
    __aeabi_fsub                             0x08000253   Thumb Code     6  fadd.o(.text)
    __aeabi_frsub                            0x08000259   Thumb Code     6  fadd.o(.text)
    __aeabi_fmul                             0x0800025f   Thumb Code   100  fmul.o(.text)
    __aeabi_fdiv                             0x080002c3   Thumb Code   124  fdiv.o(.text)
    __aeabi_dmul                             0x0800033f   Thumb Code   228  dmul.o(.text)
    __aeabi_ddiv                             0x08000423   Thumb Code   222  ddiv.o(.text)
    __aeabi_i2f                              0x08000501   Thumb Code    18  fflti.o(.text)
    __aeabi_i2d                              0x08000513   Thumb Code    34  dflti.o(.text)
    __aeabi_ui2d                             0x08000535   Thumb Code    26  dfltui.o(.text)
    __aeabi_f2uiz                            0x0800054f   Thumb Code    40  ffixui.o(.text)
    __aeabi_d2iz                             0x08000577   Thumb Code    62  dfixi.o(.text)
    __aeabi_d2uiz                            0x080005b5   Thumb Code    50  dfixui.o(.text)
    __aeabi_llsl                             0x080005e7   Thumb Code    30  llshl.o(.text)
    _ll_shift_l                              0x080005e7   Thumb Code     0  llshl.o(.text)
    __aeabi_llsr                             0x08000605   Thumb Code    32  llushr.o(.text)
    _ll_ushift_r                             0x08000605   Thumb Code     0  llushr.o(.text)
    __I$use$fp                               0x08000625   Thumb Code     0  iusefp.o(.text)
    _float_round                             0x08000625   Thumb Code    18  fepilogue.o(.text)
    _float_epilogue                          0x08000637   Thumb Code    92  fepilogue.o(.text)
    _double_round                            0x08000693   Thumb Code    30  depilogue.o(.text)
    _double_epilogue                         0x080006b1   Thumb Code   156  depilogue.o(.text)
    __scatterload                            0x0800074d   Thumb Code    28  init.o(.text)
    __scatterload_rt2                        0x0800074d   Thumb Code     0  init.o(.text)
    __decompress                             0x08000771   Thumb Code     0  __dczerorl2.o(.text)
    __decompress1                            0x08000771   Thumb Code    86  __dczerorl2.o(.text)
    BMS_FET_ENABLE                           0x080007c9   Thumb Code    50  bms.o(i.BMS_FET_ENABLE)
    BQ769x2_DSG_OFF                          0x08000801   Thumb Code    10  bms.o(i.BQ769x2_DSG_OFF)
    BQ769x2_Init                             0x08000811   Thumb Code    88  bms.o(i.BQ769x2_Init)
    BQ769x2_RESET_CHG_OFF                    0x08000871   Thumb Code     8  bms.o(i.BQ769x2_RESET_CHG_OFF)
    BQ769x2_RESET_DSG_OFF                    0x0800087d   Thumb Code    10  bms.o(i.BQ769x2_RESET_DSG_OFF)
    BQ769x2_ReadAlarmRaw                     0x0800088d   Thumb Code    26  bms.o(i.BQ769x2_ReadAlarmRaw)
    BQ769x2_ReadAlarmStatus                  0x080008ad   Thumb Code    26  bms.o(i.BQ769x2_ReadAlarmStatus)
    BQ769x2_ReadAllVoltages                  0x080008cd   Thumb Code    58  bms.o(i.BQ769x2_ReadAllVoltages)
    BQ769x2_ReadControlStatus                0x08000915   Thumb Code    36  bms.o(i.BQ769x2_ReadControlStatus)
    BQ769x2_ReadCurrent                      0x0800093d   Thumb Code    26  bms.o(i.BQ769x2_ReadCurrent)
    BQ769x2_ReadFETStatus                    0x0800095d   Thumb Code    54  bms.o(i.BQ769x2_ReadFETStatus)
    BQ769x2_ReadPFStatusA                    0x08000999   Thumb Code    30  bms.o(i.BQ769x2_ReadPFStatusA)
    BQ769x2_ReadPFStatusB                    0x080009bd   Thumb Code    30  bms.o(i.BQ769x2_ReadPFStatusB)
    BQ769x2_ReadPFStatusC                    0x080009e1   Thumb Code    30  bms.o(i.BQ769x2_ReadPFStatusC)
    BQ769x2_ReadSafetyStatusA                0x08000a05   Thumb Code    64  bms.o(i.BQ769x2_ReadSafetyStatusA)
    BQ769x2_ReadSafetyStatusB                0x08000a49   Thumb Code    36  bms.o(i.BQ769x2_ReadSafetyStatusB)
    BQ769x2_ReadSafetyStatusC                0x08000a71   Thumb Code    60  bms.o(i.BQ769x2_ReadSafetyStatusC)
    BQ769x2_ReadTemperature                  0x08000ab1   Thumb Code    24  bms.o(i.BQ769x2_ReadTemperature)
    BQ769x2_ReadVoltage                      0x08000acd   Thumb Code    46  bms.o(i.BQ769x2_ReadVoltage)
    BQ769x2_Read_Vcells_123                  0x08000b01   Thumb Code    10  bms.o(i.BQ769x2_Read_Vcells_123)
    BQ769x2_Read_Vcells_5                    0x08000b11   Thumb Code    10  bms.o(i.BQ769x2_Read_Vcells_5)
    BQ769x2_Read_Vcells_7                    0x08000b21   Thumb Code    10  bms.o(i.BQ769x2_Read_Vcells_7)
    BQ769x2_Read_Vcells_9                    0x08000b31   Thumb Code    10  bms.o(i.BQ769x2_Read_Vcells_9)
    BQ769x2_ReleaseShutdownPin               0x08000b41   Thumb Code     8  bms.o(i.BQ769x2_ReleaseShutdownPin)
    BQ769x2_SetRegister                      0x08000b4d   Thumb Code   224  bms.o(i.BQ769x2_SetRegister)
    BSWBq769x2ReadBatteryStatus              0x08000c31   Thumb Code    30  bms.o(i.BSWBq769x2ReadBatteryStatus)
    BusFault_Handler                         0x08000c55   Thumb Code     2  cs32f10x_it.o(i.BusFault_Handler)
    CRC8                                     0x08000c57   Thumb Code    56  bms.o(i.CRC8)
    Checksum                                 0x08000c8f   Thumb Code    28  bms.o(i.Checksum)
    CommandSubcommands                       0x08000cad   Thumb Code    36  bms.o(i.CommandSubcommands)
    DebugMon_Handler                         0x08000cd5   Thumb Code     2  cs32f10x_it.o(i.DebugMon_Handler)
    DirectCommands                           0x08000cd9   Thumb Code    58  bms.o(i.DirectCommands)
    EXTI15_10_IRQHandler                     0x08000d19   Thumb Code    24  cs32f10x_it.o(i.EXTI15_10_IRQHandler)
    EXTI1_IRQHandler                         0x08000d39   Thumb Code    24  cs32f10x_it.o(i.EXTI1_IRQHandler)
    EXTI4_IRQHandler                         0x08000d59   Thumb Code    42  cs32f10x_it.o(i.EXTI4_IRQHandler)
    HardFault_Handler                        0x08000d8d   Thumb Code     2  cs32f10x_it.o(i.HardFault_Handler)
    I2C_ReadMulti                            0x08000d8f   Thumb Code   104  iic.o(i.I2C_ReadMulti)
    I2C_ReadReg                              0x08000df9   Thumb Code   126  bms.o(i.I2C_ReadReg)
    I2C_ReceiveByte                          0x08000e85   Thumb Code   118  iic.o(i.I2C_ReceiveByte)
    I2C_SendAck                              0x08000f05   Thumb Code    40  iic.o(i.I2C_SendAck)
    I2C_SendByte                             0x08000f31   Thumb Code   130  iic.o(i.I2C_SendByte)
    I2C_Start                                0x08000fbd   Thumb Code    42  iic.o(i.I2C_Start)
    I2C_Stop                                 0x08000fed   Thumb Code    78  iic.o(i.I2C_Stop)
    I2C_WaitAck                              0x08001045   Thumb Code   108  iic.o(i.I2C_WaitAck)
    I2C_WriteMulti                           0x080010c9   Thumb Code    68  iic.o(i.I2C_WriteMulti)
    I2C_WriteReg                             0x0800110d   Thumb Code   136  bms.o(i.I2C_WriteReg)
    IIC_ReadData                             0x08001199   Thumb Code    14  bms.o(i.IIC_ReadData)
    IIC_WriteData                            0x080011a7   Thumb Code    14  bms.o(i.IIC_WriteData)
    MemManage_Handler                        0x080011b5   Thumb Code     2  cs32f10x_it.o(i.MemManage_Handler)
    NMI_Handler                              0x080011b7   Thumb Code     2  cs32f10x_it.o(i.NMI_Handler)
    PendSV_Handler                           0x080011b9   Thumb Code     2  cs32f10x_it.o(i.PendSV_Handler)
    ProcessData1                             0x080011bd   Thumb Code    86  queue.o(i.ProcessData1)
    ProcessPacket                            0x0800121d   Thumb Code   120  queue.o(i.ProcessPacket)
    RTCAlarm_IRQHandler                      0x080012d5   Thumb Code    26  cs32f10x_it.o(i.RTCAlarm_IRQHandler)
    RTC_IRQHandler                           0x080012f9   Thumb Code    24  cs32f10x_it.o(i.RTC_IRQHandler)
    SVC_Handler                              0x08001319   Thumb Code     2  cs32f10x_it.o(i.SVC_Handler)
    Subcommands                              0x08001321   Thumb Code   168  bms.o(i.Subcommands)
    SysTick_Handler                          0x080013cd   Thumb Code    28  cs32f10x_it.o(i.SysTick_Handler)
    SystemInit                               0x080013ed   Thumb Code    64  system_cs32f10x.o(i.SystemInit)
    TIM1_UP_IRQHandler                       0x0800143d   Thumb Code    22  cs32f10x_it.o(i.TIM1_UP_IRQHandler)
    Task_Marks_Handler_Callback              0x0800145d   Thumb Code    52  task.o(i.Task_Marks_Handler_Callback)
    Task_Pro_Handler_Callback                0x08001495   Thumb Code    50  task.o(i.Task_Pro_Handler_Callback)
    USART3_IRQHandler                        0x080014cd   Thumb Code    44  cs32f10x_it.o(i.USART3_IRQHandler)
    UsageFault_Handler                       0x08001505   Thumb Code     2  cs32f10x_it.o(i.UsageFault_Handler)
    __0printf$8                              0x08001509   Thumb Code    22  printf8.o(i.__0printf$8)
    __1printf$8                              0x08001509   Thumb Code     0  printf8.o(i.__0printf$8)
    __2printf                                0x08001509   Thumb Code     0  printf8.o(i.__0printf$8)
    __scatterload_copy                       0x08001529   Thumb Code    14  handlers.o(i.__scatterload_copy)
    __scatterload_null                       0x08001537   Thumb Code     2  handlers.o(i.__scatterload_null)
    __scatterload_zeroinit                   0x08001539   Thumb Code    14  handlers.o(i.__scatterload_zeroinit)
    adc_init                                 0x080019a1   Thumb Code    56  cs32f10x_adc.o(i.adc_init)
    adc_init_                                0x080019e1   Thumb Code   198  adc.o(i.adc_init_)
    adc_regular_channel_config               0x08001ab9   Thumb Code   116  cs32f10x_adc.o(i.adc_regular_channel_config)
    adc_struct_init                          0x08001b2d   Thumb Code    18  cs32f10x_adc.o(i.adc_struct_init)
    app_bms_charge_to_active                 0x08001b41   Thumb Code    24  app.o(i.app_bms_charge_to_active)
    app_bms_comm_recover                     0x08001b5d   Thumb Code    86  app.o(i.app_bms_comm_recover)
    app_eta_control                          0x08001bbd   Thumb Code    26  app.o(i.app_eta_control)
    app_led_control                          0x08001bdd   Thumb Code   282  app.o(i.app_led_control)
    app_power_rank_contorl                   0x08001d09   Thumb Code    80  app.o(i.app_power_rank_contorl)
    app_power_sw_contorl                     0x08001d6d   Thumb Code   154  app.o(i.app_power_sw_contorl)
    app_rtc                                  0x08001e0d   Thumb Code   116  app.o(i.app_rtc)
    app_sleep                                0x08001eb1   Thumb Code   128  app.o(i.app_sleep)
    app_temperature_protect                  0x08001f5d   Thumb Code   254  app.o(i.app_temperature_protect)
    app_usba_control_protect                 0x0800206d   Thumb Code   322  app.o(i.app_usba_control_protect)
    bms_init                                 0x080021b9   Thumb Code   112  bms.o(i.bms_init)
    bq76942_reset                            0x08002239   Thumb Code    64  bms.o(i.bq76942_reset)
    circ_buffer_pop                          0x080022a1   Thumb Code    42  queue.o(i.circ_buffer_pop)
    circ_buffer_push                         0x080022cb   Thumb Code    42  queue.o(i.circ_buffer_push)
    cmd_g020_write                           0x080022f5   Thumb Code     6  communication.o(i.cmd_g020_write)
    coulomp_calc                             0x08002301   Thumb Code   198  coulomp.o(i.coulomp_calc)
    coulomp_init                             0x080023dd   Thumb Code   134  coulomp.o(i.coulomp_init)
    deinit_befor_sleep                       0x08002499   Thumb Code    90  init.o(i.deinit_befor_sleep)
    delay_us_2ms                             0x08002509   Thumb Code    18  bms.o(i.delay_us_2ms)
    estimate_soc_from_voltage                0x0800251d   Thumb Code   106  coulomp.o(i.estimate_soc_from_voltage)
    eta_driver                               0x0800258d   Thumb Code    22  app.o(i.eta_driver)
    exti_def_init                            0x080025ad   Thumb Code    26  cs32f10x_exti.o(i.exti_def_init)
    exti_init                                0x080025cd   Thumb Code   180  init.o(i.exti_init)
    f_led_alloff                             0x0800268d   Thumb Code    38  led.o(i.f_led_alloff)
    f_led_charge                             0x080026f1   Thumb Code    56  led.o(i.f_led_charge)
    f_led_discharge                          0x08002769   Thumb Code    68  led.o(i.f_led_discharge)
    f_led_err                                0x080027e9   Thumb Code    60  led.o(i.f_led_err)
    f_led_health                             0x08002861   Thumb Code    42  led.o(i.f_led_health)
    f_led_port_normal                        0x080028c9   Thumb Code    36  led.o(i.f_led_port_normal)
    f_led_port_warning                       0x08002929   Thumb Code   148  led.o(i.f_led_port_warning)
    f_led_show_battery                       0x08002a5d   Thumb Code    40  led.o(i.f_led_show_battery)
    f_led_warning                            0x08002ac1   Thumb Code    42  led.o(i.f_led_warning)
    f_uaba_close                             0x08002b29   Thumb Code    40  app.o(i.f_uaba_close)
    f_uaba_fault_ov                          0x08002b91   Thumb Code    36  app.o(i.f_uaba_fault_ov)
    f_uaba_open                              0x08002be1   Thumb Code    40  app.o(i.f_uaba_open)
    fputc                                    0x08002c49   Thumb Code    20  init.o(i.fputc)
    fwdt_enable                              0x08002c61   Thumb Code    10  cs32f10x_fwdt.o(i.fwdt_enable)
    fwdt_init                                0x08002c71   Thumb Code    32  init.o(i.fwdt_init)
    fwdt_prescaler_set                       0x08002c91   Thumb Code     6  cs32f10x_fwdt.o(i.fwdt_prescaler_set)
    fwdt_reload_counter                      0x08002c9d   Thumb Code    10  cs32f10x_fwdt.o(i.fwdt_reload_counter)
    fwdt_reload_set                          0x08002cad   Thumb Code     6  cs32f10x_fwdt.o(i.fwdt_reload_set)
    fwdt_write_access_enable_ctrl            0x08002cb9   Thumb Code     6  cs32f10x_fwdt.o(i.fwdt_write_access_enable_ctrl)
    gpio_exti_pin_config                     0x08002cc5   Thumb Code    34  cs32f10x_gpio.o(i.gpio_exti_pin_config)
    gpio_mode_config                         0x08002ced   Thumb Code   184  cs32f10x_gpio.o(i.gpio_mode_config)
    gpio_pin_remap_config                    0x08002da5   Thumb Code    22  cs32f10x_gpio.o(i.gpio_pin_remap_config)
    health_calc                              0x08002dc1   Thumb Code    50  bathealth.o(i.health_calc)
    health_init                              0x08002dfd   Thumb Code     8  bathealth.o(i.health_init)
    i2c_init_2                               0x08002e09   Thumb Code    48  iic.o(i.i2c_init_2)
    i2c_nop                                  0x08002e41   Thumb Code    18  iic.o(i.i2c_nop)
    init_after_wakeup                        0x08002e53   Thumb Code    54  init.o(i.init_after_wakeup)
    io_sleep_conf                            0x08002e89   Thumb Code   598  init.o(i.io_sleep_conf)
    key_fast_switch                          0x080030f5   Thumb Code    60  app.o(i.key_fast_switch)
    key_init                                 0x08003135   Thumb Code    50  key.o(i.key_init)
    ledBreath_init                           0x08003179   Thumb Code    20  led.o(i.ledBreath_init)
    led_bat_show                             0x0800318d   Thumb Code  2206  led.o(i.led_bat_show)
    led_init                                 0x08003a3d   Thumb Code   238  led.o(i.led_init)
    led_port_show                            0x08003b3d   Thumb Code   242  led.o(i.led_port_show)
    led_pwm_control                          0x08003c3d   Thumb Code   160  led.o(i.led_pwm_control)
    load_bms_init_array                      0x08003ce1   Thumb Code    36  bms.o(i.load_bms_init_array)
    log_init                                 0x08003d09   Thumb Code    88  init.o(i.log_init)
    main                                     0x08003d6d   Thumb Code   128  main.o(i.main)
    nvic_init                                0x08003dfd   Thumb Code    40  cs32f10x_misc.o(i.nvic_init)
    nvic_priority_group_config               0x08003e29   Thumb Code    10  cs32f10x_misc.o(i.nvic_priority_group_config)
    other_io_init                            0x08003e3d   Thumb Code   128  init.o(i.other_io_init)
    pmu_stop_mode_enter                      0x08003ec9   Thumb Code    48  cs32f10x_pmu.o(i.pmu_stop_mode_enter)
    pmu_vbat_domain_write_config             0x08003f01   Thumb Code    16  cs32f10x_pmu.o(i.pmu_vbat_domain_write_config)
    rcu_adcclk_config                        0x08003f45   Thumb Code    14  cs32f10x_rcu.o(i.rcu_adcclk_config)
    rcu_clk_freq_get                         0x08003f59   Thumb Code   156  cs32f10x_rcu.o(i.rcu_clk_freq_get)
    rcu_clkready_reset_flag_get              0x08004005   Thumb Code    50  cs32f10x_rcu.o(i.rcu_clkready_reset_flag_get)
    rcu_rtcclk_config                        0x0800403d   Thumb Code    14  cs32f10x_rcu.o(i.rcu_rtcclk_config)
    rcu_sysclk_config                        0x08004051   Thumb Code    14  cs32f10x_rcu.o(i.rcu_sysclk_config)
    rcu_sysclk_src_get                       0x08004065   Thumb Code    10  cs32f10x_rcu.o(i.rcu_sysclk_src_get)
    rtc_alarm_set                            0x08004075   Thumb Code    34  cs32f10x_rtc.o(i.rtc_alarm_set)
    rtc_config                               0x0800409d   Thumb Code   204  init.o(i.rtc_config)
    rtc_counter_set                          0x08004175   Thumb Code    34  cs32f10x_rtc.o(i.rtc_counter_set)
    rtc_prescaler_set                        0x0800419d   Thumb Code    32  cs32f10x_rtc.o(i.rtc_prescaler_set)
    rtc_wait_for_synchronize                 0x080041c1   Thumb Code    18  cs32f10x_rtc.o(i.rtc_wait_for_synchronize)
    sys_pow_on_off_deal                      0x08004385   Thumb Code    86  app.o(i.sys_pow_on_off_deal)
    sys_switch_check                         0x080043ed   Thumb Code    76  app.o(i.sys_switch_check)
    task_adc                                 0x08004441   Thumb Code   198  adc.o(i.task_adc)
    task_app                                 0x08004529   Thumb Code    70  app.o(i.task_app)
    task_bms                                 0x08004579   Thumb Code   288  bms_pro.o(i.task_bms)
    task_com_rx                              0x080046c1   Thumb Code     6  communication.o(i.task_com_rx)
    task_com_tx                              0x080046cd   Thumb Code   140  communication.o(i.task_com_tx)
    task_coulomp                             0x08004769   Thumb Code    46  coulomp.o(i.task_coulomp)
    task_debug                               0x080047a5   Thumb Code   374  debug.o(i.task_debug)
    task_health                              0x08004b95   Thumb Code    44  bathealth.o(i.task_health)
    task_key                                 0x08004bcd   Thumb Code   186  key.o(i.task_key)
    task_led                                 0x08004c95   Thumb Code    18  led.o(i.task_led)
    tick_delay                               0x08004cad   Thumb Code    12  app.o(i.tick_delay)
    tick_init                                0x08004cbd   Thumb Code    54  init.o(i.tick_init)
    tim_base_init                            0x08004cfd   Thumb Code    54  cs32f10x_tim.o(i.tim_base_init)
    tim_def_init                             0x08004d3d   Thumb Code   194  cs32f10x_tim.o(i.tim_def_init)
    tim_init                                 0x08004e21   Thumb Code   108  init.o(i.tim_init)
    transmit_data                            0x08004e95   Thumb Code    30  communication.o(i.transmit_data)
    turn_to_CFGUPDATE                        0x08004eb9   Thumb Code    74  bms.o(i.turn_to_CFGUPDATE)
    uart3_to_exit                            0x08004f0d   Thumb Code   120  init.o(i.uart3_to_exit)
    uart_init                                0x08004f95   Thumb Code   102  init.o(i.uart_init)
    usart_def_init                           0x0800500d   Thumb Code   122  cs32f10x_usart.o(i.usart_def_init)
    usart_init                               0x080050a1   Thumb Code   112  cs32f10x_usart.o(i.usart_init)
    Region$$Table$$Base                      0x080051f4   Number         0  anon$$obj.o(Region$$Table)
    Region$$Table$$Limit                     0x08005214   Number         0  anon$$obj.o(Region$$Table)
    second_flag                              0x20000000   Data           1  main.o(.data)
    cnt_value                                0x20000014   Data           4  app.o(.data)
    sys                                      0x20000034   Data          68  app.o(.data)
    xbms                                     0x20000078   Data           4  app.o(.data)
    UV_Fault                                 0x2000007c   Data           1  bms.o(.data)
    OV_Fault                                 0x2000007d   Data           1  bms.o(.data)
    SCD_Fault                                0x2000007e   Data           1  bms.o(.data)
    OCD_Fault                                0x2000007f   Data           1  bms.o(.data)
    OCC_Fault                                0x20000080   Data           1  bms.o(.data)
    ProtectionsTriggered                     0x20000081   Data           1  bms.o(.data)
    DSG                                      0x20000082   Data           1  bms.o(.data)
    CHG                                      0x20000083   Data           1  bms.o(.data)
    PCHG                                     0x20000084   Data           1  bms.o(.data)
    PDSG                                     0x20000085   Data           1  bms.o(.data)
    value_SafetyStatusA                      0x20000086   Data           1  bms.o(.data)
    value_SafetyStatusB                      0x20000087   Data           1  bms.o(.data)
    value_SafetyStatusC                      0x20000088   Data           1  bms.o(.data)
    value_PFStatusA                          0x20000089   Data           1  bms.o(.data)
    value_PFStatusB                          0x2000008a   Data           1  bms.o(.data)
    value_PFStatusC                          0x2000008b   Data           1  bms.o(.data)
    FET_Status                               0x2000008c   Data           1  bms.o(.data)
    RX_data                                  0x2000008d   Data           2  bms.o(.data)
    Stack_Voltage                            0x20000090   Data           2  bms.o(.data)
    Pack_Voltage                             0x20000092   Data           2  bms.o(.data)
    LD_Voltage                               0x20000094   Data           2  bms.o(.data)
    write_nack                               0x20000096   Data           2  bms.o(.data)
    RX_CRC_Fail                              0x20000098   Data           2  bms.o(.data)
    u16_nack_flag                            0x2000009a   Data           2  bms.o(.data)
    write_res                                0x2000009c   Data           2  bms.o(.data)
    value_ControlStatus                      0x2000009e   Data           2  bms.o(.data)
    bms_ccGain                               0x200000a0   Data           4  bms.o(.data)
    bms_capGain                              0x200000a4   Data           4  bms.o(.data)
    AccumulatedCharge_Int                    0x200000a8   Data           4  bms.o(.data)
    AccumulatedCharge_Frac                   0x200000ac   Data           4  bms.o(.data)
    AccumulatedCharge_Time                   0x200000b0   Data           4  bms.o(.data)
    bms_init_array                           0x200000b4   Data         426  bms.o(.data)
    AlarmBits                                0x2000025e   Data           2  bms.o(.data)
    AlarmBits2                               0x20000260   Data           2  bms.o(.data)
    t_power_on_cnt_s                         0x20000262   Data           1  bms.o(.data)
    CB_ActiveCells                           0x20000264   Data           2  bms.o(.data)
    receive_ok                               0x20000266   Data           1  communication.o(.data)
    cmd_g020                                 0x20000267   Data           1  communication.o(.data)
    field_Transmit                           0x20000268   Data           5  communication.o(.data)
    field_receive                            0x2000026d   Data           4  communication.o(.data)
    key_cb                                   0x20000271   Data           8  key.o(.data)
    led                                      0x20000280   Data          72  led.o(.data)
    Tasks_Max                                0x200002d0   Data           1  task.o(.data)
    err_0v5_cnt                              0x2000034c   Data           1  bms_pro.o(.data)
    err_3v8_cnt                              0x2000034d   Data           1  bms_pro.o(.data)
    err_1v8_cnt                              0x2000034e   Data           1  bms_pro.o(.data)
    bms_mos_err_cnt                          0x20000351   Data           1  bms_pro.o(.data)
    bms_t_mos_cnt                            0x20000352   Data           1  bms_pro.o(.data)
    bms_th_chg_cnt                           0x20000353   Data           1  bms_pro.o(.data)
    bms_tl_chg_cnt                           0x20000354   Data           1  bms_pro.o(.data)
    bms_th_dsg_cnt                           0x20000355   Data           1  bms_pro.o(.data)
    bms_tl_dsg_cnt                           0x20000356   Data           1  bms_pro.o(.data)
    bms_t_err_cnt                            0x20000357   Data           1  bms_pro.o(.data)
    bms_cell_chg_cnt                         0x20000358   Data           1  bms_pro.o(.data)
    bms_cell_dsg_cnt                         0x20000359   Data           1  bms_pro.o(.data)
    bms_curr_chg_cnt                         0x2000035a   Data           1  bms_pro.o(.data)
    bms_curr_dsg_cnt                         0x2000035b   Data           1  bms_pro.o(.data)
    bms_rst_cnt                              0x2000035c   Data           1  bms_pro.o(.data)
    bms_cell_chg_curr_cnt                    0x2000035d   Data           1  bms_pro.o(.data)
    bms_tmp1                                 0x2000035e   Data           2  bms_pro.o(.data)
    bms_tmp2                                 0x20000360   Data           2  bms_pro.o(.data)
    bms_tmp3                                 0x20000362   Data           2  bms_pro.o(.data)
    bms_tmp4                                 0x20000364   Data           2  bms_pro.o(.data)
    bms_tmp_H                                0x20000366   Data           2  bms_pro.o(.data)
    bms_tmp_L                                0x20000368   Data           2  bms_pro.o(.data)
    max_cell_V                               0x2000036a   Data           2  bms_pro.o(.data)
    min_cell_V                               0x2000036c   Data           2  bms_pro.o(.data)
    bms_curr                                 0x2000036e   Data           2  bms_pro.o(.data)
    bms_battery_status                       0x20000370   Data           2  bms_pro.o(.data)
    i_bms_tmp_H                              0x20000372   Data           2  bms_pro.o(.data)
    i_bms_tmp_L                              0x20000374   Data           2  bms_pro.o(.data)
    bms_vbat_sum                             0x20000376   Data           2  bms_pro.o(.data)
    pack_pin_voltage                         0x20000378   Data           2  bms_pro.o(.data)
    voltage_soc_ranges                       0x2000037c   Data         144  coulomp.o(.data)
    health                                   0x20000410   Data           8  bathealth.o(.data)
    SystemCoreClock                          0x2000042c   Data           4  system_cs32f10x.o(.data)
    __stdout                                 0x20000440   Data           4  stdout.o(.data)
    app_led_control::err_mode                0x20000444   Data           1  app.o(.data__ZZ15app_led_controlE8err_mode)
    RX_32Byte                                0x20000448   Data          32  bms.o(.bss)
    CellVoltage                              0x20000468   Data          32  bms.o(.bss)
    V_cells                                  0x20000488   Data          12  bms.o(.bss)
    rx_CB                                    0x20000494   Data          28  communication.o(.bss)
    rxBuffer                                 0x20000514   Data          52  queue.o(.bss)
    coulomp                                  0x20000548   Data          12  coulomp.o(.bss)
    __initial_sp                             0x20000d58   Data           0  startup_cs32f103xb.o(STACK)



==============================================================================

Memory Map of the image

  Image Entry point : 0x080000ed

  Load Region LR_IROM1 (Base: 0x08000000, Size: 0x0000565c, Max: 0x00020000, ABSOLUTE, COMPRESSED[0x00005438])

    Execution Region ER_IROM1 (Exec base: 0x08000000, Load base: 0x08000000, Size: 0x00005214, Max: 0x00020000, ABSOLUTE)

    Exec Addr    Load Addr    Size         Type   Attr      Idx    E Section Name        Object

    0x08000000   0x08000000   0x000000ec   Data   RO          494    RESET               startup_cs32f103xb.o
    0x080000ec   0x080000ec   0x00000000   Code   RO          504  * .ARM.Collect$$$$00000000  mc_w.l(entry.o)
    0x080000ec   0x080000ec   0x00000004   Code   RO          653    .ARM.Collect$$$$00000001  mc_w.l(entry2.o)
    0x080000f0   0x080000f0   0x00000004   Code   RO          656    .ARM.Collect$$$$00000004  mc_w.l(entry5.o)
    0x080000f4   0x080000f4   0x00000000   Code   RO          658    .ARM.Collect$$$$00000008  mc_w.l(entry7b.o)
    0x080000f4   0x080000f4   0x00000000   Code   RO          660    .ARM.Collect$$$$0000000A  mc_w.l(entry8b.o)
    0x080000f4   0x080000f4   0x00000008   Code   RO          661    .ARM.Collect$$$$0000000B  mc_w.l(entry9a.o)
    0x080000fc   0x080000fc   0x00000004   Code   RO          668    .ARM.Collect$$$$0000000E  mc_w.l(entry12b.o)
    0x08000100   0x08000100   0x00000000   Code   RO          663    .ARM.Collect$$$$0000000F  mc_w.l(entry10a.o)
    0x08000100   0x08000100   0x00000000   Code   RO          665    .ARM.Collect$$$$00000011  mc_w.l(entry11a.o)
    0x08000100   0x08000100   0x00000004   Code   RO          654    .ARM.Collect$$$$00002712  mc_w.l(entry2.o)
    0x08000104   0x08000104   0x00000024   Code   RO          495    .text               startup_cs32f103xb.o
    0x08000128   0x08000128   0x00000062   Code   RO          507    .text               mc_w.l(uldiv.o)
    0x0800018a   0x0800018a   0x00000024   Code   RO          509    .text               mc_w.l(memseta.o)
    0x080001ae   0x080001ae   0x000000b0   Code   RO          642    .text               mf_w.l(fadd.o)
    0x0800025e   0x0800025e   0x00000064   Code   RO          643    .text               mf_w.l(fmul.o)
    0x080002c2   0x080002c2   0x0000007c   Code   RO          644    .text               mf_w.l(fdiv.o)
    0x0800033e   0x0800033e   0x000000e4   Code   RO          645    .text               mf_w.l(dmul.o)
    0x08000422   0x08000422   0x000000de   Code   RO          646    .text               mf_w.l(ddiv.o)
    0x08000500   0x08000500   0x00000012   Code   RO          647    .text               mf_w.l(fflti.o)
    0x08000512   0x08000512   0x00000022   Code   RO          648    .text               mf_w.l(dflti.o)
    0x08000534   0x08000534   0x0000001a   Code   RO          649    .text               mf_w.l(dfltui.o)
    0x0800054e   0x0800054e   0x00000028   Code   RO          650    .text               mf_w.l(ffixui.o)
    0x08000576   0x08000576   0x0000003e   Code   RO          651    .text               mf_w.l(dfixi.o)
    0x080005b4   0x080005b4   0x00000032   Code   RO          652    .text               mf_w.l(dfixui.o)
    0x080005e6   0x080005e6   0x0000001e   Code   RO          671    .text               mc_w.l(llshl.o)
    0x08000604   0x08000604   0x00000020   Code   RO          672    .text               mc_w.l(llushr.o)
    0x08000624   0x08000624   0x00000000   Code   RO          673    .text               mc_w.l(iusefp.o)
    0x08000624   0x08000624   0x0000006e   Code   RO          674    .text               mf_w.l(fepilogue.o)
    0x08000692   0x08000692   0x000000ba   Code   RO          675    .text               mf_w.l(depilogue.o)
    0x0800074c   0x0800074c   0x00000024   Code   RO          679    .text               mc_w.l(init.o)
    0x08000770   0x08000770   0x00000056   Code   RO          686    .text               mc_w.l(__dczerorl2.o)
    0x080007c6   0x080007c6   0x00000002   PAD
    0x080007c8   0x080007c8   0x00000038   Code   RO           85    i.BMS_FET_ENABLE    bms.o
    0x08000800   0x08000800   0x00000010   Code   RO           87    i.BQ769x2_DSG_OFF   bms.o
    0x08000810   0x08000810   0x00000060   Code   RO           88    i.BQ769x2_Init      bms.o
    0x08000870   0x08000870   0x0000000c   Code   RO           89    i.BQ769x2_RESET_CHG_OFF  bms.o
    0x0800087c   0x0800087c   0x00000010   Code   RO           90    i.BQ769x2_RESET_DSG_OFF  bms.o
    0x0800088c   0x0800088c   0x00000020   Code   RO           91    i.BQ769x2_ReadAlarmRaw  bms.o
    0x080008ac   0x080008ac   0x00000020   Code   RO           92    i.BQ769x2_ReadAlarmStatus  bms.o
    0x080008cc   0x080008cc   0x00000048   Code   RO           93    i.BQ769x2_ReadAllVoltages  bms.o
    0x08000914   0x08000914   0x00000028   Code   RO           94    i.BQ769x2_ReadControlStatus  bms.o
    0x0800093c   0x0800093c   0x00000020   Code   RO           95    i.BQ769x2_ReadCurrent  bms.o
    0x0800095c   0x0800095c   0x0000003c   Code   RO           96    i.BQ769x2_ReadFETStatus  bms.o
    0x08000998   0x08000998   0x00000024   Code   RO           97    i.BQ769x2_ReadPFStatusA  bms.o
    0x080009bc   0x080009bc   0x00000024   Code   RO           98    i.BQ769x2_ReadPFStatusB  bms.o
    0x080009e0   0x080009e0   0x00000024   Code   RO           99    i.BQ769x2_ReadPFStatusC  bms.o
    0x08000a04   0x08000a04   0x00000044   Code   RO          101    i.BQ769x2_ReadSafetyStatusA  bms.o
    0x08000a48   0x08000a48   0x00000028   Code   RO          102    i.BQ769x2_ReadSafetyStatusB  bms.o
    0x08000a70   0x08000a70   0x00000040   Code   RO          103    i.BQ769x2_ReadSafetyStatusC  bms.o
    0x08000ab0   0x08000ab0   0x0000001c   Code   RO          104    i.BQ769x2_ReadTemperature  bms.o
    0x08000acc   0x08000acc   0x00000034   Code   RO          105    i.BQ769x2_ReadVoltage  bms.o
    0x08000b00   0x08000b00   0x00000010   Code   RO          106    i.BQ769x2_Read_Vcells_123  bms.o
    0x08000b10   0x08000b10   0x00000010   Code   RO          107    i.BQ769x2_Read_Vcells_5  bms.o
    0x08000b20   0x08000b20   0x00000010   Code   RO          108    i.BQ769x2_Read_Vcells_7  bms.o
    0x08000b30   0x08000b30   0x00000010   Code   RO          109    i.BQ769x2_Read_Vcells_9  bms.o
    0x08000b40   0x08000b40   0x0000000c   Code   RO          110    i.BQ769x2_ReleaseShutdownPin  bms.o
    0x08000b4c   0x08000b4c   0x000000e4   Code   RO          111    i.BQ769x2_SetRegister  bms.o
    0x08000c30   0x08000c30   0x00000024   Code   RO          113    i.BSWBq769x2ReadBatteryStatus  bms.o
    0x08000c54   0x08000c54   0x00000002   Code   RO           12    i.BusFault_Handler  cs32f10x_it.o
    0x08000c56   0x08000c56   0x00000038   Code   RO          114    i.CRC8              bms.o
    0x08000c8e   0x08000c8e   0x0000001c   Code   RO          115    i.Checksum          bms.o
    0x08000caa   0x08000caa   0x00000002   PAD
    0x08000cac   0x08000cac   0x00000028   Code   RO          116    i.CommandSubcommands  bms.o
    0x08000cd4   0x08000cd4   0x00000002   Code   RO           13    i.DebugMon_Handler  cs32f10x_it.o
    0x08000cd6   0x08000cd6   0x00000002   PAD
    0x08000cd8   0x08000cd8   0x00000040   Code   RO          118    i.DirectCommands    bms.o
    0x08000d18   0x08000d18   0x00000020   Code   RO           14    i.EXTI15_10_IRQHandler  cs32f10x_it.o
    0x08000d38   0x08000d38   0x00000020   Code   RO           15    i.EXTI1_IRQHandler  cs32f10x_it.o
    0x08000d58   0x08000d58   0x00000034   Code   RO           16    i.EXTI4_IRQHandler  cs32f10x_it.o
    0x08000d8c   0x08000d8c   0x00000002   Code   RO           17    i.HardFault_Handler  cs32f10x_it.o
    0x08000d8e   0x08000d8e   0x00000068   Code   RO          211    i.I2C_ReadMulti     iic.o
    0x08000df6   0x08000df6   0x00000002   PAD
    0x08000df8   0x08000df8   0x0000008c   Code   RO          119    i.I2C_ReadReg       bms.o
    0x08000e84   0x08000e84   0x00000080   Code   RO          212    i.I2C_ReceiveByte   iic.o
    0x08000f04   0x08000f04   0x0000002c   Code   RO          213    i.I2C_SendAck       iic.o
    0x08000f30   0x08000f30   0x0000008c   Code   RO          214    i.I2C_SendByte      iic.o
    0x08000fbc   0x08000fbc   0x00000030   Code   RO          215    i.I2C_Start         iic.o
    0x08000fec   0x08000fec   0x00000058   Code   RO          216    i.I2C_Stop          iic.o
    0x08001044   0x08001044   0x00000084   Code   RO          217    i.I2C_WaitAck       iic.o
    0x080010c8   0x080010c8   0x00000044   Code   RO          219    i.I2C_WriteMulti    iic.o
    0x0800110c   0x0800110c   0x0000008c   Code   RO          120    i.I2C_WriteReg      bms.o
    0x08001198   0x08001198   0x0000000e   Code   RO          121    i.IIC_ReadData      bms.o
    0x080011a6   0x080011a6   0x0000000e   Code   RO          122    i.IIC_WriteData     bms.o
    0x080011b4   0x080011b4   0x00000002   Code   RO           18    i.MemManage_Handler  cs32f10x_it.o
    0x080011b6   0x080011b6   0x00000002   Code   RO           19    i.NMI_Handler       cs32f10x_it.o
    0x080011b8   0x080011b8   0x00000002   Code   RO           20    i.PendSV_Handler    cs32f10x_it.o
    0x080011ba   0x080011ba   0x00000002   PAD
    0x080011bc   0x080011bc   0x00000060   Code   RO          193    i.ProcessData1      queue.o
    0x0800121c   0x0800121c   0x000000b8   Code   RO          194    i.ProcessPacket     queue.o
    0x080012d4   0x080012d4   0x00000024   Code   RO           21    i.RTCAlarm_IRQHandler  cs32f10x_it.o
    0x080012f8   0x080012f8   0x00000020   Code   RO           22    i.RTC_IRQHandler    cs32f10x_it.o
    0x08001318   0x08001318   0x00000002   Code   RO           23    i.SVC_Handler       cs32f10x_it.o
    0x0800131a   0x0800131a   0x00000004   Code   RO          499    i.SetSysClock       system_cs32f10x.o
    0x0800131e   0x0800131e   0x00000002   PAD
    0x08001320   0x08001320   0x000000ac   Code   RO          123    i.Subcommands       bms.o
    0x080013cc   0x080013cc   0x00000020   Code   RO           24    i.SysTick_Handler   cs32f10x_it.o
    0x080013ec   0x080013ec   0x00000050   Code   RO          501    i.SystemInit        system_cs32f10x.o
    0x0800143c   0x0800143c   0x00000020   Code   RO           25    i.TIM1_UP_IRQHandler  cs32f10x_it.o
    0x0800145c   0x0800145c   0x00000038   Code   RO          204    i.Task_Marks_Handler_Callback  task.o
    0x08001494   0x08001494   0x00000038   Code   RO          205    i.Task_Pro_Handler_Callback  task.o
    0x080014cc   0x080014cc   0x00000038   Code   RO           26    i.USART3_IRQHandler  cs32f10x_it.o
    0x08001504   0x08001504   0x00000002   Code   RO           27    i.UsageFault_Handler  cs32f10x_it.o
    0x08001506   0x08001506   0x00000002   PAD
    0x08001508   0x08001508   0x00000020   Code   RO          615    i.__0printf$8       mc_w.l(printf8.o)
    0x08001528   0x08001528   0x0000000e   Code   RO          683    i.__scatterload_copy  mc_w.l(handlers.o)
    0x08001536   0x08001536   0x00000002   Code   RO          684    i.__scatterload_null  mc_w.l(handlers.o)
    0x08001538   0x08001538   0x0000000e   Code   RO          685    i.__scatterload_zeroinit  mc_w.l(handlers.o)
    0x08001546   0x08001546   0x00000002   PAD
    0x08001548   0x08001548   0x00000404   Code   RO          622    i._printf_core      mc_w.l(printf8.o)
    0x0800194c   0x0800194c   0x00000024   Code   RO          623    i._printf_post_padding  mc_w.l(printf8.o)
    0x08001970   0x08001970   0x0000002e   Code   RO          624    i._printf_pre_padding  mc_w.l(printf8.o)
    0x0800199e   0x0800199e   0x00000002   PAD
    0x080019a0   0x080019a0   0x00000040   Code   RO          255    i.adc_init          cs32f10x_adc.o
    0x080019e0   0x080019e0   0x000000d8   Code   RO           48    i.adc_init_         adc.o
    0x08001ab8   0x08001ab8   0x00000074   Code   RO          261    i.adc_regular_channel_config  cs32f10x_adc.o
    0x08001b2c   0x08001b2c   0x00000012   Code   RO          262    i.adc_struct_init   cs32f10x_adc.o
    0x08001b3e   0x08001b3e   0x00000002   PAD
    0x08001b40   0x08001b40   0x0000001c   Code   RO           53    i.app_bms_charge_to_active  app.o
    0x08001b5c   0x08001b5c   0x00000060   Code   RO           54    i.app_bms_comm_recover  app.o
    0x08001bbc   0x08001bbc   0x00000020   Code   RO           55    i.app_eta_control   app.o
    0x08001bdc   0x08001bdc   0x0000012c   Code   RO           80    i.app_led_control   app.o
    0x08001d08   0x08001d08   0x00000064   Code   RO           57    i.app_power_rank_contorl  app.o
    0x08001d6c   0x08001d6c   0x000000a0   Code   RO           58    i.app_power_sw_contorl  app.o
    0x08001e0c   0x08001e0c   0x000000a4   Code   RO           59    i.app_rtc           app.o
    0x08001eb0   0x08001eb0   0x000000ac   Code   RO           60    i.app_sleep         app.o
    0x08001f5c   0x08001f5c   0x00000110   Code   RO           61    i.app_temperature_protect  app.o
    0x0800206c   0x0800206c   0x0000014c   Code   RO           62    i.app_usba_control_protect  app.o
    0x080021b8   0x080021b8   0x00000080   Code   RO          124    i.bms_init          bms.o
    0x08002238   0x08002238   0x00000068   Code   RO          125    i.bq76942_reset     bms.o
    0x080022a0   0x080022a0   0x0000002a   Code   RO          196    i.circ_buffer_pop   queue.o
    0x080022ca   0x080022ca   0x0000002a   Code   RO          197    i.circ_buffer_push  queue.o
    0x080022f4   0x080022f4   0x0000000c   Code   RO          148    i.cmd_g020_write    communication.o
    0x08002300   0x08002300   0x000000dc   Code   RO          236    i.coulomp_calc      coulomp.o
    0x080023dc   0x080023dc   0x000000bc   Code   RO          237    i.coulomp_init      coulomp.o
    0x08002498   0x08002498   0x00000070   Code   RO           31    i.deinit_befor_sleep  init.o
    0x08002508   0x08002508   0x00000012   Code   RO          126    i.delay_us_2ms      bms.o
    0x0800251a   0x0800251a   0x00000002   PAD
    0x0800251c   0x0800251c   0x00000070   Code   RO          238    i.estimate_soc_from_voltage  coulomp.o
    0x0800258c   0x0800258c   0x00000020   Code   RO           63    i.eta_driver        app.o
    0x080025ac   0x080025ac   0x00000020   Code   RO          314    i.exti_def_init     cs32f10x_exti.o
    0x080025cc   0x080025cc   0x000000c0   Code   RO           32    i.exti_init         init.o
    0x0800268c   0x0800268c   0x00000064   Code   RO          171    i.f_led_alloff      led.o
    0x080026f0   0x080026f0   0x00000078   Code   RO          172    i.f_led_charge      led.o
    0x08002768   0x08002768   0x00000080   Code   RO          173    i.f_led_discharge   led.o
    0x080027e8   0x080027e8   0x00000078   Code   RO          174    i.f_led_err         led.o
    0x08002860   0x08002860   0x00000068   Code   RO          175    i.f_led_health      led.o
    0x080028c8   0x080028c8   0x00000060   Code   RO          176    i.f_led_port_normal  led.o
    0x08002928   0x08002928   0x00000134   Code   RO          177    i.f_led_port_warning  led.o
    0x08002a5c   0x08002a5c   0x00000064   Code   RO          178    i.f_led_show_battery  led.o
    0x08002ac0   0x08002ac0   0x00000068   Code   RO          179    i.f_led_warning     led.o
    0x08002b28   0x08002b28   0x00000068   Code   RO           64    i.f_uaba_close      app.o
    0x08002b90   0x08002b90   0x00000050   Code   RO           66    i.f_uaba_fault_ov   app.o
    0x08002be0   0x08002be0   0x00000068   Code   RO           67    i.f_uaba_open       app.o
    0x08002c48   0x08002c48   0x00000018   Code   RO           34    i.fputc             init.o
    0x08002c60   0x08002c60   0x00000010   Code   RO          336    i.fwdt_enable       cs32f10x_fwdt.o
    0x08002c70   0x08002c70   0x00000020   Code   RO           35    i.fwdt_init         init.o
    0x08002c90   0x08002c90   0x0000000c   Code   RO          338    i.fwdt_prescaler_set  cs32f10x_fwdt.o
    0x08002c9c   0x08002c9c   0x00000010   Code   RO          339    i.fwdt_reload_counter  cs32f10x_fwdt.o
    0x08002cac   0x08002cac   0x0000000c   Code   RO          340    i.fwdt_reload_set   cs32f10x_fwdt.o
    0x08002cb8   0x08002cb8   0x0000000c   Code   RO          341    i.fwdt_write_access_enable_ctrl  cs32f10x_fwdt.o
    0x08002cc4   0x08002cc4   0x00000028   Code   RO          348    i.gpio_exti_pin_config  cs32f10x_gpio.o
    0x08002cec   0x08002cec   0x000000b8   Code   RO          349    i.gpio_mode_config  cs32f10x_gpio.o
    0x08002da4   0x08002da4   0x0000001c   Code   RO          351    i.gpio_pin_remap_config  cs32f10x_gpio.o
    0x08002dc0   0x08002dc0   0x0000003c   Code   RO          243    i.health_calc       bathealth.o
    0x08002dfc   0x08002dfc   0x0000000c   Code   RO          244    i.health_init       bathealth.o
    0x08002e08   0x08002e08   0x00000038   Code   RO          221    i.i2c_init_2        iic.o
    0x08002e40   0x08002e40   0x00000012   Code   RO          224    i.i2c_nop           iic.o
    0x08002e52   0x08002e52   0x00000036   Code   RO           36    i.init_after_wakeup  init.o
    0x08002e88   0x08002e88   0x0000026c   Code   RO           37    i.io_sleep_conf     init.o
    0x080030f4   0x080030f4   0x00000040   Code   RO           68    i.key_fast_switch   app.o
    0x08003134   0x08003134   0x00000044   Code   RO          165    i.key_init          key.o
    0x08003178   0x08003178   0x00000014   Code   RO          180    i.ledBreath_init    led.o
    0x0800318c   0x0800318c   0x000008b0   Code   RO          181    i.led_bat_show      led.o
    0x08003a3c   0x08003a3c   0x00000100   Code   RO          182    i.led_init          led.o
    0x08003b3c   0x08003b3c   0x00000100   Code   RO          183    i.led_port_show     led.o
    0x08003c3c   0x08003c3c   0x000000a4   Code   RO          184    i.led_pwm_control   led.o
    0x08003ce0   0x08003ce0   0x00000028   Code   RO          127    i.load_bms_init_array  bms.o
    0x08003d08   0x08003d08   0x00000064   Code   RO           38    i.log_init          init.o
    0x08003d6c   0x08003d6c   0x00000090   Code   RO            7    i.main              main.o
    0x08003dfc   0x08003dfc   0x0000002c   Code   RO          372    i.nvic_init         cs32f10x_misc.o
    0x08003e28   0x08003e28   0x00000014   Code   RO          373    i.nvic_priority_group_config  cs32f10x_misc.o
    0x08003e3c   0x08003e3c   0x0000008c   Code   RO           39    i.other_io_init     init.o
    0x08003ec8   0x08003ec8   0x00000038   Code   RO          386    i.pmu_stop_mode_enter  cs32f10x_pmu.o
    0x08003f00   0x08003f00   0x00000014   Code   RO          387    i.pmu_vbat_domain_write_config  cs32f10x_pmu.o
    0x08003f14   0x08003f14   0x00000030   Code   RO           69    i.portA_plug_check  app.o
    0x08003f44   0x08003f44   0x00000014   Code   RO          392    i.rcu_adcclk_config  cs32f10x_rcu.o
    0x08003f58   0x08003f58   0x000000ac   Code   RO          393    i.rcu_clk_freq_get  cs32f10x_rcu.o
    0x08004004   0x08004004   0x00000038   Code   RO          395    i.rcu_clkready_reset_flag_get  cs32f10x_rcu.o
    0x0800403c   0x0800403c   0x00000014   Code   RO          404    i.rcu_rtcclk_config  cs32f10x_rcu.o
    0x08004050   0x08004050   0x00000014   Code   RO          405    i.rcu_sysclk_config  cs32f10x_rcu.o
    0x08004064   0x08004064   0x00000010   Code   RO          406    i.rcu_sysclk_src_get  cs32f10x_rcu.o
    0x08004074   0x08004074   0x00000028   Code   RO          412    i.rtc_alarm_set     cs32f10x_rtc.o
    0x0800409c   0x0800409c   0x000000d8   Code   RO           40    i.rtc_config        init.o
    0x08004174   0x08004174   0x00000028   Code   RO          413    i.rtc_counter_set   cs32f10x_rtc.o
    0x0800419c   0x0800419c   0x00000024   Code   RO          414    i.rtc_prescaler_set  cs32f10x_rtc.o
    0x080041c0   0x080041c0   0x00000018   Code   RO          415    i.rtc_wait_for_synchronize  cs32f10x_rtc.o
    0x080041d8   0x080041d8   0x000000b0   Code   RO          502    i.set_sysclk_freq_64M  system_cs32f10x.o
    0x08004288   0x08004288   0x000000fc   Code   RO           70    i.sleep_del         app.o
    0x08004384   0x08004384   0x00000068   Code   RO           71    i.sys_pow_on_off_deal  app.o
    0x080043ec   0x080043ec   0x00000054   Code   RO           72    i.sys_switch_check  app.o
    0x08004440   0x08004440   0x000000e8   Code   RO           49    i.task_adc          adc.o
    0x08004528   0x08004528   0x00000050   Code   RO           73    i.task_app          app.o
    0x08004578   0x08004578   0x00000148   Code   RO          229    i.task_bms          bms_pro.o
    0x080046c0   0x080046c0   0x0000000c   Code   RO          150    i.task_com_rx       communication.o
    0x080046cc   0x080046cc   0x0000009c   Code   RO          151    i.task_com_tx       communication.o
    0x08004768   0x08004768   0x0000003c   Code   RO          239    i.task_coulomp      coulomp.o
    0x080047a4   0x080047a4   0x000003f0   Code   RO          161    i.task_debug        debug.o
    0x08004b94   0x08004b94   0x00000038   Code   RO          245    i.task_health       bathealth.o
    0x08004bcc   0x08004bcc   0x000000c8   Code   RO          166    i.task_key          key.o
    0x08004c94   0x08004c94   0x00000018   Code   RO          186    i.task_led          led.o
    0x08004cac   0x08004cac   0x00000010   Code   RO           74    i.tick_delay        app.o
    0x08004cbc   0x08004cbc   0x00000040   Code   RO           41    i.tick_init         init.o
    0x08004cfc   0x08004cfc   0x00000040   Code   RO          426    i.tim_base_init     cs32f10x_tim.o
    0x08004d3c   0x08004d3c   0x000000e4   Code   RO          445    i.tim_def_init      cs32f10x_tim.o
    0x08004e20   0x08004e20   0x00000074   Code   RO           42    i.tim_init          init.o
    0x08004e94   0x08004e94   0x00000024   Code   RO          152    i.transmit_data     communication.o
    0x08004eb8   0x08004eb8   0x00000054   Code   RO          130    i.turn_to_CFGUPDATE  bms.o
    0x08004f0c   0x08004f0c   0x00000088   Code   RO           43    i.uart3_to_exit     init.o
    0x08004f94   0x08004f94   0x00000078   Code   RO           44    i.uart_init         init.o
    0x0800500c   0x0800500c   0x00000094   Code   RO          470    i.usart_def_init    cs32f10x_usart.o
    0x080050a0   0x080050a0   0x00000074   Code   RO          472    i.usart_init        cs32f10x_usart.o
    0x08005114   0x08005114   0x00000039   Data   RO           75    .constdata          app.o
    0x0800514d   0x0800514d   0x00000087   Data   RO          187    .constdata          led.o
    0x080051d4   0x080051d4   0x00000009   Data   RO          241    .constdata          coulomp.o
    0x080051dd   0x080051dd   0x00000007   Data   RO          246    .constdata          bathealth.o
    0x080051e4   0x080051e4   0x0000000d   Data   RO           76    .conststring        app.o
    0x080051f1   0x080051f1   0x00000003   PAD
    0x080051f4   0x080051f4   0x00000020   Data   RO          681    Region$$Table       anon$$obj.o


    Execution Region RW_IRAM1 (Exec base: 0x20000000, Load base: 0x08005214, Size: 0x00000d58, Max: 0x00005000, ABSOLUTE, COMPRESSED[0x00000224])

    Exec Addr    Load Addr    Size         Type   Attr      Idx    E Section Name        Object

    0x20000000   COMPRESSED   0x00000001   Data   RW            8    .data               main.o
    0x20000001   COMPRESSED   0x00000003   PAD
    0x20000004   COMPRESSED   0x00000074   Data   RW           77    .data               app.o
    0x20000078   COMPRESSED   0x00000004   Data   RW           78    .data               app.o
    0x2000007c   COMPRESSED   0x000001e2   Data   RW          133    .data               bms.o
    0x2000025e   COMPRESSED   0x00000002   Data   RW          135    .data               bms.o
    0x20000260   COMPRESSED   0x00000002   Data   RW          136    .data               bms.o
    0x20000262   COMPRESSED   0x00000001   Data   RW          139    .data               bms.o
    0x20000263   COMPRESSED   0x00000001   PAD
    0x20000264   COMPRESSED   0x00000002   Data   RW          140    .data               bms.o
    0x20000266   COMPRESSED   0x00000007   Data   RW          154    .data               communication.o
    0x2000026d   COMPRESSED   0x00000004   Data   RW          157    .data               communication.o
    0x20000271   COMPRESSED   0x00000008   Data   RW          167    .data               key.o
    0x20000279   COMPRESSED   0x00000003   PAD
    0x2000027c   COMPRESSED   0x0000004c   Data   RW          188    .data               led.o
    0x200002c8   COMPRESSED   0x00000006   Data   RW          200    .data               queue.o
    0x200002ce   COMPRESSED   0x00000002   PAD
    0x200002d0   COMPRESSED   0x0000007c   Data   RW          206    .data               task.o
    0x2000034c   COMPRESSED   0x0000002e   Data   RW          230    .data               bms_pro.o
    0x2000037a   COMPRESSED   0x00000002   PAD
    0x2000037c   COMPRESSED   0x00000090   Data   RW          242    .data               coulomp.o
    0x2000040c   COMPRESSED   0x00000004   PAD
    0x20000410   COMPRESSED   0x00000008   Data   RW          247    .data               bathealth.o
    0x20000418   COMPRESSED   0x00000014   Data   RW          408    .data               cs32f10x_rcu.o
    0x2000042c   COMPRESSED   0x00000014   Data   RW          503    .data               system_cs32f10x.o
    0x20000440   COMPRESSED   0x00000004   Data   RW          669    .data               mc_w.l(stdout.o)
    0x20000444   COMPRESSED   0x00000001   Data   RW           81    .data__ZZ15app_led_controlE8err_mode  app.o
    0x20000445   COMPRESSED   0x00000003   PAD
    0x20000448        -       0x0000004c   Zero   RW          131    .bss                bms.o
    0x20000494        -       0x0000001c   Zero   RW          153    .bss                communication.o
    0x200004b0        -       0x00000098   Zero   RW          199    .bss                queue.o
    0x20000548        -       0x0000000c   Zero   RW          240    .bss                coulomp.o
    0x20000554   COMPRESSED   0x00000004   PAD
    0x20000558        -       0x00000800   Zero   RW          492    STACK               startup_cs32f103xb.o


==============================================================================

Image component sizes


      Code (inc. data)   RO Data    RW Data    ZI Data      Debug   Object Name

       448         52          0          0          0          0   adc.o
      2624        480         70        121          0          0   app.o
       128         26          7          8          0          0   bathealth.o
      2206        252          0        489         76          0   bms.o
       328         60          0         46          0          0   bms_pro.o
       216         34          0         11         28          0   communication.o
       580         96          9        144         12          0   coulomp.o
       198          8          0          0          0          0   cs32f10x_adc.o
        32          6          0          0          0          0   cs32f10x_exti.o
        68         30          0          0          0          0   cs32f10x_fwdt.o
       252         12          0          0          0          0   cs32f10x_gpio.o
       320         70          0          0          0          0   cs32f10x_it.o
        64         14          0          0          0          0   cs32f10x_misc.o
        76         12          0          0          0          0   cs32f10x_pmu.o
       304         46          0         20          0          0   cs32f10x_rcu.o
       140         22          0          0          0          0   cs32f10x_rtc.o
       292         44          0          0          0          0   cs32f10x_tim.o
       264         30          0          0          0          0   cs32f10x_usart.o
      1008        634          0          0          0          0   debug.o
       826         72          0          0          0          0   iic.o
      1926        148          0          0          0          0   init.o
       268         32          0          8          0          0   key.o
      4124        768        135         76          0          0   led.o
       144         16          0          1          0          0   main.o
       364         74          0          6        152          0   queue.o
        36          8        236          0       2048          0   startup_cs32f103xb.o
       260         24          0         20          0          0   system_cs32f10x.o
       112         10          0        124          0          0   task.o

    ----------------------------------------------------------------------
     17624       3080        492       1092       2320          0   Object Totals
         0          0         32          0          0          0   (incl. Generated)
        16          0          3         18          4          0   (incl. Padding)

    ----------------------------------------------------------------------

      Code (inc. data)   RO Data    RW Data    ZI Data      Debug   Library Member Name

        86          0          0          0          0          0   __dczerorl2.o
         0          0          0          0          0          0   entry.o
         0          0          0          0          0          0   entry10a.o
         0          0          0          0          0          0   entry11a.o
         4          0          0          0          0          0   entry12b.o
         8          4          0          0          0          0   entry2.o
         4          0          0          0          0          0   entry5.o
         0          0          0          0          0          0   entry7b.o
         0          0          0          0          0          0   entry8b.o
         8          4          0          0          0          0   entry9a.o
        30          0          0          0          0          0   handlers.o
        36          8          0          0          0          0   init.o
         0          0          0          0          0          0   iusefp.o
        30          0          0          0          0          0   llshl.o
        32          0          0          0          0          0   llushr.o
        36          0          0          0          0          0   memseta.o
      1142         54          0          0          0          0   printf8.o
         0          0          0          4          0          0   stdout.o
        98          0          0          0          0          0   uldiv.o
       222          0          0          0          0          0   ddiv.o
       186          0          0          0          0          0   depilogue.o
        62          0          0          0          0          0   dfixi.o
        50          0          0          0          0          0   dfixui.o
        34          0          0          0          0          0   dflti.o
        26          0          0          0          0          0   dfltui.o
       228          0          0          0          0          0   dmul.o
       176          0          0          0          0          0   fadd.o
       124          0          0          0          0          0   fdiv.o
       110          0          0          0          0          0   fepilogue.o
        40          0          0          0          0          0   ffixui.o
        18          0          0          0          0          0   fflti.o
       100          0          0          0          0          0   fmul.o

    ----------------------------------------------------------------------
      2896         70          0          4          0          0   Library Totals
         6          0          0          0          0          0   (incl. Padding)

    ----------------------------------------------------------------------

      Code (inc. data)   RO Data    RW Data    ZI Data      Debug   Library Name

      1514         70          0          4          0          0   mc_w.l
      1376          0          0          0          0          0   mf_w.l

    ----------------------------------------------------------------------
      2896         70          0          4          0          0   Library Totals

    ----------------------------------------------------------------------

==============================================================================


      Code (inc. data)   RO Data    RW Data    ZI Data      Debug   

     20520       3150        492       1096       2320          0   Grand Totals
     20520       3150        492        548       2320          0   ELF Image Totals (compressed)
     20520       3150        492        548          0          0   ROM Totals

==============================================================================

    Total RO  Size (Code + RO Data)                21012 (  20.52kB)
    Total RW  Size (RW Data + ZI Data)              3416 (   3.34kB)
    Total ROM Size (Code + RO Data + RW Data)      21560 (  21.05kB)

==============================================================================

