Component: Arm Compiler for Embedded 6.22 Tool: armlink [5ee90200]

==============================================================================

Section Cross References

    main.o(.text.main) refers to main.o(.text.delay) for delay
    main.o(.text.main) refers to init.o(.text.tick_init) for tick_init
    main.o(.text.main) refers to init.o(.text.uart_init) for uart_init
    main.o(.text.main) refers to init.o(.text.log_init) for log_init
    main.o(.text.main) refers to key.o(.text.key_init) for key_init
    main.o(.text.main) refers to adc.o(.text.adc_init_) for adc_init_
    main.o(.text.main) refers to init.o(.text.tim_init) for tim_init
    main.o(.text.main) refers to iic.o(.text.i2c_init_2) for i2c_init_2
    main.o(.text.main) refers to init.o(.text.other_io_init) for other_io_init
    main.o(.text.main) refers to bms.o(.text.bms_init) for bms_init
    main.o(.text.main) refers to app.o(.bss.xbms) for xbms
    main.o(.text.main) refers to main.o(.rodata.str1.1) for .L.str
    main.o(.text.main) refers to printfa.o(i.__0printf) for printf
    main.o(.text.main) refers to coulomp.o(.text.coulomp_init) for coulomp_init
    main.o(.text.main) refers to led.o(.text.led_init) for led_init
    main.o(.text.main) refers to init.o(.text.exti_init) for exti_init
    main.o(.text.main) refers to init.o(.text.nvic_configuration) for nvic_configuration
    main.o(.text.main) refers to cs32f10x_gpio.o(.text.gpio_pin_remap_config) for gpio_pin_remap_config
    main.o(.text.main) refers to app.o(.data.sys) for sys
    main.o(.text.main) refers to task.o(.text.Task_Pro_Handler_Callback) for Task_Pro_Handler_Callback
    main.o(.ARM.exidx.text.main) refers to main.o(.text.main) for [Anonymous Symbol]
    main.o(.ARM.exidx.text.delay) refers to main.o(.text.delay) for [Anonymous Symbol]
    main.o(.ARM.exidx.text.led1_toggle) refers to main.o(.text.led1_toggle) for [Anonymous Symbol]
    main.o(.ARM.exidx.text.led2_toggle) refers to main.o(.text.led2_toggle) for [Anonymous Symbol]
    cs32f10x_it.o(.ARM.exidx.text.NMI_Handler) refers to cs32f10x_it.o(.text.NMI_Handler) for [Anonymous Symbol]
    cs32f10x_it.o(.ARM.exidx.text.HardFault_Handler) refers to cs32f10x_it.o(.text.HardFault_Handler) for [Anonymous Symbol]
    cs32f10x_it.o(.ARM.exidx.text.MemManage_Handler) refers to cs32f10x_it.o(.text.MemManage_Handler) for [Anonymous Symbol]
    cs32f10x_it.o(.ARM.exidx.text.BusFault_Handler) refers to cs32f10x_it.o(.text.BusFault_Handler) for [Anonymous Symbol]
    cs32f10x_it.o(.ARM.exidx.text.UsageFault_Handler) refers to cs32f10x_it.o(.text.UsageFault_Handler) for [Anonymous Symbol]
    cs32f10x_it.o(.ARM.exidx.text.SVC_Handler) refers to cs32f10x_it.o(.text.SVC_Handler) for [Anonymous Symbol]
    cs32f10x_it.o(.ARM.exidx.text.DebugMon_Handler) refers to cs32f10x_it.o(.text.DebugMon_Handler) for [Anonymous Symbol]
    cs32f10x_it.o(.ARM.exidx.text.PendSV_Handler) refers to cs32f10x_it.o(.text.PendSV_Handler) for [Anonymous Symbol]
    cs32f10x_it.o(.text.SysTick_Handler) refers to task.o(.text.Task_Marks_Handler_Callback) for Task_Marks_Handler_Callback
    cs32f10x_it.o(.ARM.exidx.text.SysTick_Handler) refers to cs32f10x_it.o(.text.SysTick_Handler) for [Anonymous Symbol]
    cs32f10x_it.o(.text.USART3_IRQHandler) refers to queue.o(.bss.rxBuffer) for rxBuffer
    cs32f10x_it.o(.text.USART3_IRQHandler) refers to queue.o(.text.circ_buffer_push) for circ_buffer_push
    cs32f10x_it.o(.ARM.exidx.text.USART3_IRQHandler) refers to cs32f10x_it.o(.text.USART3_IRQHandler) for [Anonymous Symbol]
    cs32f10x_it.o(.text.TIM1_UP_IRQHandler) refers to led.o(.data.led) for led
    cs32f10x_it.o(.text.TIM1_UP_IRQHandler) refers to led.o(.text.led_pwm_control) for led_pwm_control
    cs32f10x_it.o(.text.TIM1_UP_IRQHandler) refers to app.o(.text.eta_control) for eta_control
    cs32f10x_it.o(.ARM.exidx.text.TIM1_UP_IRQHandler) refers to cs32f10x_it.o(.text.TIM1_UP_IRQHandler) for [Anonymous Symbol]
    cs32f10x_it.o(.text.EXTI4_IRQHandler) refers to app.o(.data.sys) for sys
    cs32f10x_it.o(.ARM.exidx.text.EXTI4_IRQHandler) refers to cs32f10x_it.o(.text.EXTI4_IRQHandler) for [Anonymous Symbol]
    cs32f10x_it.o(.ARM.exidx.text.EXTI1_IRQHandler) refers to cs32f10x_it.o(.text.EXTI1_IRQHandler) for [Anonymous Symbol]
    init.o(.text.log_init) refers to cs32f10x_gpio.o(.text.gpio_mode_config) for gpio_mode_config
    init.o(.text.log_init) refers to cs32f10x_usart.o(.text.usart_init) for usart_init
    init.o(.ARM.exidx.text.log_init) refers to init.o(.text.log_init) for [Anonymous Symbol]
    init.o(.ARM.exidx.text.fputc) refers to init.o(.text.fputc) for [Anonymous Symbol]
    init.o(.ARM.exidx.text.fgetc) refers to init.o(.text.fgetc) for [Anonymous Symbol]
    init.o(.text.uart_init) refers to cs32f10x_gpio.o(.text.gpio_mode_config) for gpio_mode_config
    init.o(.text.uart_init) refers to cs32f10x_usart.o(.text.usart_init) for usart_init
[...]
    .text                                    0x0800094a   Section        0  __dczerorl2.o(.text)
    [Anonymous Symbol]                       0x080009a0   Section        0  bms.o(.text.BMS_FET_ENABLE)
    [Anonymous Symbol]                       0x080009e8   Section        0  bms.o(.text.BQ769x2_Init)
    [Anonymous Symbol]                       0x08000a58   Section        0  bms.o(.text.BQ769x2_RESET_CHG_OFF)
    [Anonymous Symbol]                       0x08000a68   Section        0  bms.o(.text.BQ769x2_RESET_DSG_OFF)
    [Anonymous Symbol]                       0x08000a78   Section        0  bms.o(.text.BQ769x2_ReadAlarmRaw)
    [Anonymous Symbol]                       0x08000a90   Section        0  bms.o(.text.BQ769x2_ReadAlarmStatus)
    [Anonymous Symbol]                       0x08000aa8   Section        0  bms.o(.text.BQ769x2_ReadAllVoltages)
    [Anonymous Symbol]                       0x08000b28   Section        0  bms.o(.text.BQ769x2_ReadCurrent)
    [Anonymous Symbol]                       0x08000b44   Section        0  bms.o(.text.BQ769x2_ReadFETStatus)
    [Anonymous Symbol]                       0x08000bb0   Section        0  bms.o(.text.BQ769x2_ReadPFStatusA)
    [Anonymous Symbol]                       0x08000bd4   Section        0  bms.o(.text.BQ769x2_ReadPFStatusB)
    [Anonymous Symbol]                       0x08000bf8   Section        0  bms.o(.text.BQ769x2_ReadPFStatusC)
    [Anonymous Symbol]                       0x08000c1c   Section        0  bms.o(.text.BQ769x2_ReadSafetyStatusA)
    [Anonymous Symbol]                       0x08000ca0   Section        0  bms.o(.text.BQ769x2_ReadSafetyStatusB)
    [Anonymous Symbol]                       0x08000cd4   Section        0  bms.o(.text.BQ769x2_ReadSafetyStatusC)
    [Anonymous Symbol]                       0x08000d44   Section        0  bms.o(.text.BQ769x2_ReadTemperature)
    [Anonymous Symbol]                       0x08000d68   Section        0  bms.o(.text.BQ769x2_ReadVoltage)
    [Anonymous Symbol]                       0x08000db8   Section        0  bms.o(.text.BQ769x2_Read_Vcells_123)
    [Anonymous Symbol]                       0x08000dcc   Section        0  bms.o(.text.BQ769x2_Read_Vcells_5)
    [Anonymous Symbol]                       0x08000de4   Section        0  bms.o(.text.BQ769x2_Read_Vcells_7)
    [Anonymous Symbol]                       0x08000dfc   Section        0  bms.o(.text.BQ769x2_Read_Vcells_9)
    [Anonymous Symbol]                       0x08000e14   Section        0  bms.o(.text.BQ769x2_ReleaseShutdownPin)
    [Anonymous Symbol]                       0x08000e24   Section        0  bms.o(.text.BQ769x2_SetRegister)
    [Anonymous Symbol]                       0x08000f58   Section        0  bms.o(.text.BSWBq769x2ReadBatteryStatus)
    [Anonymous Symbol]                       0x08000f80   Section        0  cs32f10x_it.o(.text.BusFault_Handler)
    [Anonymous Symbol]                       0x08000f84   Section        0  bms.o(.text.CRC8)
    [Anonymous Symbol]                       0x0800101c   Section        0  bms.o(.text.Checksum)
    [Anonymous Symbol]                       0x08001070   Section        0  bms.o(.text.CommandSubcommands)
    [Anonymous Symbol]                       0x0800109c   Section        0  cs32f10x_it.o(.text.DebugMon_Handler)
    [Anonymous Symbol]                       0x080010a0   Section        0  bms.o(.text.DirectCommands)
    [Anonymous Symbol]                       0x08001108   Section        0  cs32f10x_it.o(.text.EXTI1_IRQHandler)
    [Anonymous Symbol]                       0x08001130   Section        0  cs32f10x_it.o(.text.EXTI4_IRQHandler)
    [Anonymous Symbol]                       0x08001184   Section        0  cs32f10x_it.o(.text.HardFault_Handler)
    [Anonymous Symbol]                       0x08001188   Section        0  iic.o(.text.I2C_ReadMulti)
    [Anonymous Symbol]                       0x08001228   Section        0  bms.o(.text.I2C_ReadReg)
    [Anonymous Symbol]                       0x08001320   Section        0  iic.o(.text.I2C_ReceiveByte)
    [Anonymous Symbol]                       0x080013d8   Section        0  iic.o(.text.I2C_SendAck)
    [Anonymous Symbol]                       0x08001424   Section        0  iic.o(.text.I2C_SendByte)
    [Anonymous Symbol]                       0x080014d8   Section        0  iic.o(.text.I2C_Start)
    [Anonymous Symbol]                       0x0800150c   Section        0  iic.o(.text.I2C_Stop)
    [Anonymous Symbol]                       0x0800155c   Section        0  iic.o(.text.I2C_WaitAck)
    [Anonymous Symbol]                       0x08001614   Section        0  iic.o(.text.I2C_WriteMulti)
    [Anonymous Symbol]                       0x08001684   Section        0  bms.o(.text.I2C_WriteReg)
    [Anonymous Symbol]                       0x08001770   Section        0  bms.o(.text.IIC_ReadData)
    [Anonymous Symbol]                       0x08001798   Section        0  bms.o(.text.IIC_WriteData)
    [Anonymous Symbol]                       0x080017c0   Section        0  cs32f10x_it.o(.text.MemManage_Handler)
    [Anonymous Symbol]                       0x080017c4   Section        0  cs32f10x_it.o(.text.NMI_Handler)
    [Anonymous Symbol]                       0x080017c8   Section        0  cs32f10x_it.o(.text.PendSV_Handler)
    [Anonymous Symbol]                       0x080017cc   Section        0  queue.o(.text.ProcessData1)
    [Anonymous Symbol]                       0x08001894   Section        0  queue.o(.text.ProcessPacket)
    [Anonymous Symbol]                       0x080019b4   Section        0  cs32f10x_it.o(.text.SVC_Handler)
    SetSysClock                              0x080019b9   Thumb Code     8  system_cs32f10x.o(.text.SetSysClock)
    [Anonymous Symbol]                       0x080019b8   Section        0  system_cs32f10x.o(.text.SetSysClock)
    [Anonymous Symbol]                       0x080019c0   Section        0  bms.o(.text.Subcommands)
    SysTick_Config                           0x08001ab5   Thumb Code    82  init.o(.text.SysTick_Config)
    [Anonymous Symbol]                       0x08001ab4   Section        0  init.o(.text.SysTick_Config)
    [Anonymous Symbol]                       0x08001b08   Section        0  cs32f10x_it.o(.text.SysTick_Handler)
    [Anonymous Symbol]                       0x08001b10   Section        0  system_cs32f10x.o(.text.SystemInit)
    [Anonymous Symbol]                       0x08001b78   Section        0  cs32f10x_it.o(.text.TIM1_UP_IRQHandler)
    [Anonymous Symbol]                       0x08001b9c   Section        0  task.o(.text.Task_Marks_Handler_Callback)
    [Anonymous Symbol]                       0x08001c3c   Section        0  task.o(.text.Task_Pro_Handler_Callback)
    [Anonymous Symbol]                       0x08001cb0   Section        0  cs32f10x_it.o(.text.USART3_IRQHandler)
    [Anonymous Symbol]                       0x08001d14   Section        0  cs32f10x_it.o(.text.UsageFault_Handler)
    __NVIC_EnableIRQ                         0x08001d19   Thumb Code    48  init.o(.text.__NVIC_EnableIRQ)
    [Anonymous Symbol]                       0x08001d18   Section        0  init.o(.text.__NVIC_EnableIRQ)
    __NVIC_SetPriority                       0x08001d49   Thumb Code    66  init.o(.text.__NVIC_SetPriority)
    [Anonymous Symbol]                       0x08001d48   Section        0  init.o(.text.__NVIC_SetPriority)
    [Anonymous Symbol]                       0x08001d8c   Section        0  cs32f10x_adc.o(.text.adc_init)
    [Anonymous Symbol]                       0x08001df0   Section        0  adc.o(.text.adc_init_)
    [Anonymous Symbol]                       0x08001f58   Section        0  cs32f10x_adc.o(.text.adc_regular_channel_config)
    [Anonymous Symbol]                       0x0800203c   Section        0  cs32f10x_adc.o(.text.adc_struct_init)
    [Anonymous Symbol]                       0x08002060   Section        0  bms.o(.text.bms_init)
    [Anonymous Symbol]                       0x08002100   Section        0  app.o(.text.bq76942_reset)
    [Anonymous Symbol]                       0x08002108   Section        0  queue.o(.text.circ_buffer_pop)
    [Anonymous Symbol]                       0x08002160   Section        0  queue.o(.text.circ_buffer_push)
    [Anonymous Symbol]                       0x080021c4   Section        0  coulomp.o(.text.coulomp_calc)
    [Anonymous Symbol]                       0x08002320   Section        0  coulomp.o(.text.coulomp_init)
    [Anonymous Symbol]                       0x080023b4   Section        0  main.o(.text.delay)
    [Anonymous Symbol]                       0x080023d0   Section        0  bms.o(.text.delay_us_2ms)
    [Anonymous Symbol]                       0x080023ec   Section        0  coulomp.o(.text.estimate_soc_from_voltage)
    [Anonymous Symbol]                       0x080024d8   Section        0  app.o(.text.eta_control)
    [Anonymous Symbol]                       0x080024fc   Section        0  init.o(.text.exti_init)
    [Anonymous Symbol]                       0x08002588   Section        0  led.o(.text.f_led_alloff)
    [Anonymous Symbol]                       0x080025c8   Section        0  led.o(.text.f_led_charge)
    [Anonymous Symbol]                       0x08002614   Section        0  led.o(.text.f_led_discharge)
    [Anonymous Symbol]                       0x08002678   Section        0  led.o(.text.f_led_health)
    [Anonymous Symbol]                       0x080026a4   Section        0  led.o(.text.f_led_port_normal)
    [Anonymous Symbol]                       0x080026e4   Section        0  led.o(.text.f_led_port_warning)
    [Anonymous Symbol]                       0x08002728   Section        0  led.o(.text.f_led_show_battery)
    [Anonymous Symbol]                       0x08002770   Section        0  app.o(.text.f_uaba_close)
    [Anonymous Symbol]                       0x080027c4   Section        0  app.o(.text.f_uaba_fault_ov)
    [Anonymous Symbol]                       0x08002808   Section        0  app.o(.text.f_uaba_open)
    [Anonymous Symbol]                       0x0800285c   Section        0  init.o(.text.fputc)
    [Anonymous Symbol]                       0x08002894   Section        0  cs32f10x_gpio.o(.text.gpio_exti_pin_config)
    [Anonymous Symbol]                       0x080028e8   Section        0  cs32f10x_gpio.o(.text.gpio_mode_config)
    [Anonymous Symbol]                       0x08002a90   Section        0  cs32f10x_gpio.o(.text.gpio_pin_remap_config)
    [Anonymous Symbol]                       0x08002ac4   Section        0  iic.o(.text.i2c_init_2)
    [Anonymous Symbol]                       0x08002b10   Section        0  app.o(.text.key_fast_switch)
    [Anonymous Symbol]                       0x08002bc0   Section        0  key.o(.text.key_init)
    [Anonymous Symbol]                       0x08002c14   Section        0  led.o(.text.ledBreath_init)
    [Anonymous Symbol]                       0x08002c74   Section        0  app.o(.text.led_app)
    [Anonymous Symbol]                       0x08002dbc   Section        0  led.o(.text.led_bat_show)
    [Anonymous Symbol]                       0x080038bc   Section        0  led.o(.text.led_init)
    [Anonymous Symbol]                       0x080039f0   Section        0  led.o(.text.led_port_show)
    [Anonymous Symbol]                       0x08003be0   Section        0  led.o(.text.led_pwm_control)
    [Anonymous Symbol]                       0x08003ce4   Section        0  bms.o(.text.load_bms_init_array)
    [Anonymous Symbol]                       0x08003d44   Section        0  init.o(.text.log_init)
    [Anonymous Symbol]                       0x08003dbc   Section        0  main.o(.text.main)
    [Anonymous Symbol]                       0x08003e9c   Section        0  init.o(.text.nvic_configuration)
    [Anonymous Symbol]                       0x08003f00   Section        0  cs32f10x_misc.o(.text.nvic_init)
    [Anonymous Symbol]                       0x08003f98   Section        0  cs32f10x_misc.o(.text.nvic_priority_group_config)
    [Anonymous Symbol]                       0x08003fb4   Section        0  init.o(.text.other_io_init)
    [Anonymous Symbol]                       0x08004054   Section        0  cs32f10x_pmu.o(.text.pmu_stop_mode_enter)
    portA_plug_check                         0x080040b5   Thumb Code   100  app.o(.text.portA_plug_check)
    [Anonymous Symbol]                       0x080040b4   Section        0  app.o(.text.portA_plug_check)
    [Anonymous Symbol]                       0x08004118   Section        0  app.o(.text.power_contorl)
    [Anonymous Symbol]                       0x0800434c   Section        0  cs32f10x_rcu.o(.text.rcu_adcclk_config)
    [Anonymous Symbol]                       0x08004368   Section        0  cs32f10x_rcu.o(.text.rcu_clk_freq_get)
    set_sysclk_freq_72M                      0x080044d9   Thumb Code   290  system_cs32f10x.o(.text.set_sysclk_freq_72M)
    [Anonymous Symbol]                       0x080044d8   Section        0  system_cs32f10x.o(.text.set_sysclk_freq_72M)
    [Anonymous Symbol]                       0x080045fc   Section        0  app.o(.text.sleep_control)
    [Anonymous Symbol]                       0x08004674   Section        0  app.o(.text.sys_pow_on_off_deal)
    [Anonymous Symbol]                       0x08004708   Section        0  app.o(.text.sys_switch_check)
    [Anonymous Symbol]                       0x080047ac   Section        0  adc.o(.text.task_adc)
    [Anonymous Symbol]                       0x08004910   Section        0  app.o(.text.task_app)
    [Anonymous Symbol]                       0x08004970   Section        0  bms_pro.o(.text.task_bms)
    [Anonymous Symbol]                       0x08004b54   Section        0  communication.o(.text.task_com_rx)
    [Anonymous Symbol]                       0x08004b64   Section        0  communication.o(.text.task_com_tx)
    [Anonymous Symbol]                       0x08004c8c   Section        0  coulomp.o(.text.task_coulomp)
    [Anonymous Symbol]                       0x08004cc0   Section        0  debug.o(.text.task_debug)
    [Anonymous Symbol]                       0x08004df0   Section        0  key.o(.text.task_key)
    [Anonymous Symbol]                       0x08005044   Section        0  led.o(.text.task_led)
    [Anonymous Symbol]                       0x08005060   Section        0  init.o(.text.tick_init)
    [Anonymous Symbol]                       0x08005088   Section        0  cs32f10x_tim.o(.text.tim_base_init)
    [Anonymous Symbol]                       0x080050f8   Section        0  init.o(.text.tim_init)
    [Anonymous Symbol]                       0x0800516c   Section        0  communication.o(.text.transmit_data)
    [Anonymous Symbol]                       0x080051cc   Section        0  bms.o(.text.turn_to_CFGUPDATE)
    [Anonymous Symbol]                       0x0800524c   Section        0  init.o(.text.uart_init)
    [Anonymous Symbol]                       0x080052d0   Section        0  cs32f10x_usart.o(.text.usart_init)
    [Anonymous Symbol]                       0x08005380   Section        0  app.o(.text.usba_app)
    i.__0printf                              0x08005694   Section        0  printfa.o(i.__0printf)
    i.__scatterload_copy                     0x080056b4   Section       14  handlers.o(i.__scatterload_copy)
    i.__scatterload_null                     0x080056c2   Section        2  handlers.o(i.__scatterload_null)
    i.__scatterload_zeroinit                 0x080056c4   Section       14  handlers.o(i.__scatterload_zeroinit)
    _fp_digits                               0x080056d5   Thumb Code   366  printfa.o(i._fp_digits)
    i._fp_digits                             0x080056d4   Section        0  printfa.o(i._fp_digits)
    _printf_core                             0x08005859   Thumb Code  1744  printfa.o(i._printf_core)
    i._printf_core                           0x08005858   Section        0  printfa.o(i._printf_core)
    _printf_post_padding                     0x08005f35   Thumb Code    36  printfa.o(i._printf_post_padding)
    i._printf_post_padding                   0x08005f34   Section        0  printfa.o(i._printf_post_padding)
    _printf_pre_padding                      0x08005f59   Thumb Code    46  printfa.o(i._printf_pre_padding)
    i._printf_pre_padding                    0x08005f58   Section        0  printfa.o(i._printf_pre_padding)
    ADC_pdiv_table                           0x08005f86   Data           4  cs32f10x_rcu.o(.rodata.ADC_pdiv_table)
    [Anonymous Symbol]                       0x08005f86   Section        0  cs32f10x_rcu.o(.rodata.ADC_pdiv_table)
    APBAHB_pdiv_table                        0x08005f8a   Data          16  cs32f10x_rcu.o(.rodata.APBAHB_pdiv_table)
    [Anonymous Symbol]                       0x08005f8a   Section        0  cs32f10x_rcu.o(.rodata.APBAHB_pdiv_table)
    .L.str.1                                 0x08005f9a   Data          13  main.o(.rodata.str1.1)
    [Anonymous Symbol]                       0x08005f9a   Section        0  main.o(.rodata.str1.1)
    .L.str                                   0x08005fa7   Data          15  main.o(.rodata.str1.1)
    .L.str.1                                 0x08005fb6   Data           9  app.o(.rodata.str1.1)
    [Anonymous Symbol]                       0x08005fb6   Section        0  app.o(.rodata.str1.1)
    .L.str                                   0x08005fbf   Data          19  app.o(.rodata.str1.1)
    .L.str.2                                 0x08005fbf   Data          19  app.o(.rodata.str1.1)
    .L.str.6                                 0x08005fd2   Data           7  app.o(.rodata.str1.1)
    .L.str.7                                 0x08005fd9   Data           8  app.o(.rodata.str1.1)
    .L.str.5                                 0x08005fe1   Data          16  app.o(.rodata.str1.1)
    .L.str                                   0x08005ff1   Data          11  app.o(.rodata.str1.1)
    .L.str.1                                 0x08005ffc   Data          15  app.o(.rodata.str1.1)
    .L.str.3                                 0x08005ffc   Data          15  app.o(.rodata.str1.1)
    .L.str.4                                 0x0800600b   Data          14  app.o(.rodata.str1.1)
    .L__func__.f_uaba_close                  0x08006029   Data          13  app.o(.rodata.str1.1)
    .L__func__.f_uaba_fault_oc               0x08006033   Data          16  app.o(.rodata.str1.1)
    .L__func__.f_uaba_open                   0x08006036   Data          12  app.o(.rodata.str1.1)
    .L__func__.f_uaba_fault_ov               0x08006042   Data          16  app.o(.rodata.str1.1)
    .L.str                                   0x08006052   Data           6  bms.o(.rodata.str1.1)
    [Anonymous Symbol]                       0x08006052   Section        0  bms.o(.rodata.str1.1)
    .L.str.19                                0x08006058   Data          18  debug.o(.rodata.str1.1)
    [Anonymous Symbol]                       0x08006058   Section        0  debug.o(.rodata.str1.1)
    .L.str.14                                0x0800606a   Data          18  debug.o(.rodata.str1.1)
    .L.str.16                                0x0800607c   Data          40  debug.o(.rodata.str1.1)
    .L.str.18                                0x080060a4   Data          24  debug.o(.rodata.str1.1)
    .L.str.13                                0x080060b8   Data           4  debug.o(.rodata.str1.1)
    .L.str.15                                0x080060bc   Data          24  debug.o(.rodata.str1.1)
    .L.str.17                                0x080060d4   Data          25  debug.o(.rodata.str1.1)
    .L.str.3                                 0x08006172   Data          13  led.o(.rodata.str1.1)
    [Anonymous Symbol]                       0x08006172   Section        0  led.o(.rodata.str1.1)
    .L.str.2                                 0x0800617f   Data          14  led.o(.rodata.str1.1)
    .L__func__.f_led_charge                  0x0800618d   Data          13  led.o(.rodata.str1.1)
    .L__func__.f_led_discharge               0x0800619a   Data          16  led.o(.rodata.str1.1)
    .L__func__.f_led_alloff                  0x080061aa   Data          13  led.o(.rodata.str1.1)
    .L__func__.f_led_port_warning            0x080061b7   Data          19  led.o(.rodata.str1.1)
    .L__func__.f_led_port_normal             0x080061ca   Data          18  led.o(.rodata.str1.1)
    .L__func__.f_led_show_battery            0x080061dc   Data          19  led.o(.rodata.str1.1)
    .L.str                                   0x080061ef   Data           6  queue.o(.rodata.str1.1)
    .L.str.3                                 0x080061ef   Data          10  queue.o(.rodata.str1.1)
    [Anonymous Symbol]                       0x080061ef   Section        0  queue.o(.rodata.str1.1)
    .L.str.1                                 0x080061f5   Data           3  queue.o(.rodata.str1.1)
    .L.str.2                                 0x080061f9   Data          10  queue.o(.rodata.str1.1)
    .L.str                                   0x08006209   Data          10  iic.o(.rodata.str1.1)
    .L.str.1                                 0x08006209   Data          11  iic.o(.rodata.str1.1)
    [Anonymous Symbol]                       0x08006209   Section        0  iic.o(.rodata.str1.1)
    .L.str                                   0x0800621e   Data          31  coulomp.o(.rodata.str1.1)
    [Anonymous Symbol]                       0x0800621e   Section        0  coulomp.o(.rodata.str1.1)
    .data                                    0x20000000   Section        4  stdout.o(.data)
    Task_Comps                               0x20000008   Data         108  task.o(.data.Task_Comps)
    [Anonymous Symbol]                       0x20000008   Section        0  task.o(.data.Task_Comps)
    ProcessData1.packet                      0x200003b2   Data          50  queue.o(.bss.ProcessData1.packet)
    [Anonymous Symbol]                       0x200003b2   Section        0  queue.o(.bss.ProcessData1.packet)
    ProcessData1.packetIndex                 0x200003e4   Data           2  queue.o(.bss.ProcessData1.packetIndex)
    [Anonymous Symbol]                       0x200003e4   Section        0  queue.o(.bss.ProcessData1.packetIndex)
    ProcessData1.receive_status              0x200003e6   Data           1  queue.o(.bss.ProcessData1.receive_status)
    [Anonymous Symbol]                       0x200003e6   Section        0  queue.o(.bss.ProcessData1.receive_status)
    key_fast_switch.last_level               0x20000449   Data           1  app.o(.bss.key_fast_switch.last_level)
    [Anonymous Symbol]                       0x20000449   Section        0  app.o(.bss.key_fast_switch.last_level)
    key_fast_switch.num                      0x2000044a   Data           1  app.o(.bss.key_fast_switch.num)
    [Anonymous Symbol]                       0x2000044a   Section        0  app.o(.bss.key_fast_switch.num)
    key_fast_switch.timer                    0x2000044c   Data           2  app.o(.bss.key_fast_switch.timer)
    [Anonymous Symbol]                       0x2000044c   Section        0  app.o(.bss.key_fast_switch.timer)
    portA_plug_check.cnt                     0x20000450   Data           1  app.o(.bss.portA_plug_check.cnt)
    [Anonymous Symbol]                       0x20000450   Section        0  app.o(.bss.portA_plug_check.cnt)
    power_contorl.cnt                        0x20000451   Data           1  app.o(.bss.power_contorl.cnt)
    [Anonymous Symbol]                       0x20000451   Section        0  app.o(.bss.power_contorl.cnt)
    sleep_control.delay                      0x200004a4   Data           2  app.o(.bss.sleep_control.delay)
    [Anonymous Symbol]                       0x200004a4   Section        0  app.o(.bss.sleep_control.delay)
    sys_switch_check.key2_high_cnt           0x200004a6   Data           1  app.o(.bss.sys_switch_check.key2_high_cnt)
    [Anonymous Symbol]                       0x200004a6   Section        0  app.o(.bss.sys_switch_check.key2_high_cnt)
    sys_switch_check.key2_low_cnt            0x200004a7   Data           1  app.o(.bss.sys_switch_check.key2_low_cnt)
    [Anonymous Symbol]                       0x200004a7   Section        0  app.o(.bss.sys_switch_check.key2_low_cnt)
    task_bms.idx                             0x200004a8   Data           1  bms_pro.o(.bss.task_bms.idx)
    [Anonymous Symbol]                       0x200004a8   Section        0  bms_pro.o(.bss.task_bms.idx)
    task_debug.i                             0x200004ac   Data           4  debug.o(.bss.task_debug.i)
    [Anonymous Symbol]                       0x200004ac   Section        0  debug.o(.bss.task_debug.i)
    usba_app.oc_cnt                          0x200004b2   Data           1  app.o(.bss.usba_app.oc_cnt)
    [Anonymous Symbol]                       0x200004b2   Section        0  app.o(.bss.usba_app.oc_cnt)
    usba_app.recover_cnt                     0x200004b4   Data           2  app.o(.bss.usba_app.recover_cnt)
    [Anonymous Symbol]                       0x200004b4   Section        0  app.o(.bss.usba_app.recover_cnt)
    usba_app.small_cur_cnt                   0x200004b6   Data           2  app.o(.bss.usba_app.small_cur_cnt)
    [Anonymous Symbol]                       0x200004b6   Section        0  app.o(.bss.usba_app.small_cur_cnt)
    STACK                                    0x200004c8   Section     2048  startup_cs32f103xb.o(STACK)

    Global Symbols

    Symbol Name                              Value     Ov Type        Size  Object(Section)

    BuildAttributes$$THM_ISAv4$P$D$K$B$S$PE$A:L22UL41UL21$X:L11$S22US41US21$IEEE1$IW$~IW$USESV6$~STKCKD$USESV7$~SHL$OTIME$ROPI$EBA8$MICROLIB$REQ8$PRES8$EABIv2 0x00000000   Number         0  anon$$obj.o ABSOLUTE
    __cpp_initialize__aeabi_                  - Undefined Weak Reference
    __cxa_finalize                            - Undefined Weak Reference
    _clock_init                               - Undefined Weak Reference
    _microlib_exit                            - Undefined Weak Reference
    __Vectors_Size                           0x000000ec   Number         0  startup_cs32f103xb.o ABSOLUTE
    __Vectors                                0x08000000   Data           4  startup_cs32f103xb.o(RESET)
    __Vectors_End                            0x080000ec   Data           0  startup_cs32f103xb.o(RESET)
    __main                                   0x080000ed   Thumb Code     0  entry.o(.ARM.Collect$$$$00000000)
    _main_stk                                0x080000ed   Thumb Code     0  entry2.o(.ARM.Collect$$$$00000001)
    _main_scatterload                        0x080000f1   Thumb Code     0  entry5.o(.ARM.Collect$$$$00000004)
    __main_after_scatterload                 0x080000f5   Thumb Code     0  entry5.o(.ARM.Collect$$$$00000004)
    _main_clock                              0x080000f5   Thumb Code     0  entry7b.o(.ARM.Collect$$$$00000008)
    _main_cpp_init                           0x080000f5   Thumb Code     0  entry8b.o(.ARM.Collect$$$$0000000A)
    _main_init                               0x080000f5   Thumb Code     0  entry9a.o(.ARM.Collect$$$$0000000B)
    __rt_final_cpp                           0x080000fd   Thumb Code     0  entry10a.o(.ARM.Collect$$$$0000000D)
    __rt_final_exit                          0x080000fd   Thumb Code     0  entry11a.o(.ARM.Collect$$$$0000000F)
    Reset_Handler                            0x08000101   Thumb Code     8  startup_cs32f103xb.o(.text)
    ADC1_2_IRQHandler                        0x0800011b   Thumb Code     0  startup_cs32f103xb.o(.text)
    CAN1_RX1_IRQHandler                      0x0800011b   Thumb Code     0  startup_cs32f103xb.o(.text)
    CAN1_SCE_IRQHandler                      0x0800011b   Thumb Code     0  startup_cs32f103xb.o(.text)
    DMA1_Channel1_IRQHandler                 0x0800011b   Thumb Code     0  startup_cs32f103xb.o(.text)
    DMA1_Channel2_IRQHandler                 0x0800011b   Thumb Code     0  startup_cs32f103xb.o(.text)
    DMA1_Channel3_IRQHandler                 0x0800011b   Thumb Code     0  startup_cs32f103xb.o(.text)
    DMA1_Channel4_IRQHandler                 0x0800011b   Thumb Code     0  startup_cs32f103xb.o(.text)
    DMA1_Channel5_IRQHandler                 0x0800011b   Thumb Code     0  startup_cs32f103xb.o(.text)
    DMA1_Channel6_IRQHandler                 0x0800011b   Thumb Code     0  startup_cs32f103xb.o(.text)
    DMA1_Channel7_IRQHandler                 0x0800011b   Thumb Code     0  startup_cs32f103xb.o(.text)
    EXTI0_IRQHandler                         0x0800011b   Thumb Code     0  startup_cs32f103xb.o(.text)
    EXTI15_10_IRQHandler                     0x0800011b   Thumb Code     0  startup_cs32f103xb.o(.text)
    EXTI2_IRQHandler                         0x0800011b   Thumb Code     0  startup_cs32f103xb.o(.text)
    EXTI3_IRQHandler                         0x0800011b   Thumb Code     0  startup_cs32f103xb.o(.text)
    EXTI9_5_IRQHandler                       0x0800011b   Thumb Code     0  startup_cs32f103xb.o(.text)
    FLASH_IRQHandler                         0x0800011b   Thumb Code     0  startup_cs32f103xb.o(.text)
    I2C1_ER_IRQHandler                       0x0800011b   Thumb Code     0  startup_cs32f103xb.o(.text)
    I2C1_EV_IRQHandler                       0x0800011b   Thumb Code     0  startup_cs32f103xb.o(.text)
    I2C2_ER_IRQHandler                       0x0800011b   Thumb Code     0  startup_cs32f103xb.o(.text)
    I2C2_EV_IRQHandler                       0x0800011b   Thumb Code     0  startup_cs32f103xb.o(.text)
    PVD_IRQHandler                           0x0800011b   Thumb Code     0  startup_cs32f103xb.o(.text)
    RCU_IRQHandler                           0x0800011b   Thumb Code     0  startup_cs32f103xb.o(.text)
    RTCAlarm_IRQHandler                      0x0800011b   Thumb Code     0  startup_cs32f103xb.o(.text)
    RTC_IRQHandler                           0x0800011b   Thumb Code     0  startup_cs32f103xb.o(.text)
    SPI1_IRQHandler                          0x0800011b   Thumb Code     0  startup_cs32f103xb.o(.text)
    SPI2_IRQHandler                          0x0800011b   Thumb Code     0  startup_cs32f103xb.o(.text)
    TAMPER_IRQHandler                        0x0800011b   Thumb Code     0  startup_cs32f103xb.o(.text)
    TIM1_BRK_IRQHandler                      0x0800011b   Thumb Code     0  startup_cs32f103xb.o(.text)
    TIM1_CC_IRQHandler                       0x0800011b   Thumb Code     0  startup_cs32f103xb.o(.text)
    TIM1_TRG_COM_IRQHandler                  0x0800011b   Thumb Code     0  startup_cs32f103xb.o(.text)
    TIM2_IRQHandler                          0x0800011b   Thumb Code     0  startup_cs32f103xb.o(.text)
    TIM3_IRQHandler                          0x0800011b   Thumb Code     0  startup_cs32f103xb.o(.text)
    TIM4_IRQHandler                          0x0800011b   Thumb Code     0  startup_cs32f103xb.o(.text)
    USART1_IRQHandler                        0x0800011b   Thumb Code     0  startup_cs32f103xb.o(.text)
    USART2_IRQHandler                        0x0800011b   Thumb Code     0  startup_cs32f103xb.o(.text)
    USBWakeUp_IRQHandler                     0x0800011b   Thumb Code     0  startup_cs32f103xb.o(.text)
    USB_HP_CAN1_TX_IRQHandler                0x0800011b   Thumb Code     0  startup_cs32f103xb.o(.text)
    USB_LP_CAN1_RX0_IRQHandler               0x0800011b   Thumb Code     0  startup_cs32f103xb.o(.text)
    WWDT_IRQHandler                          0x0800011b   Thumb Code     0  startup_cs32f103xb.o(.text)
    __aeabi_fadd                             0x08000125   Thumb Code   164  fadd.o(.text)
    __aeabi_fsub                             0x080001c9   Thumb Code     6  fadd.o(.text)
    __aeabi_frsub                            0x080001cf   Thumb Code     6  fadd.o(.text)
    __aeabi_fmul                             0x080001d5   Thumb Code   100  fmul.o(.text)
    __aeabi_fdiv                             0x08000239   Thumb Code   124  fdiv.o(.text)
    __aeabi_dmul                             0x080002b5   Thumb Code   228  dmul.o(.text)
    __aeabi_ddiv                             0x08000399   Thumb Code   222  ddiv.o(.text)
    __aeabi_fcmple                           0x08000477   Thumb Code    28  fcmple.o(.text)
    __aeabi_fcmplt                           0x08000493   Thumb Code    28  fcmplt.o(.text)
    __aeabi_i2f                              0x080004af   Thumb Code    18  fflti.o(.text)
    __aeabi_i2d                              0x080004c1   Thumb Code    34  dflti.o(.text)
    __aeabi_f2iz                             0x080004e3   Thumb Code    50  ffixi.o(.text)
    __aeabi_d2iz                             0x08000515   Thumb Code    62  dfixi.o(.text)
    __aeabi_uidiv                            0x08000553   Thumb Code     0  uidiv.o(.text)
    __aeabi_uidivmod                         0x08000553   Thumb Code    44  uidiv.o(.text)
    __aeabi_uldivmod                         0x0800057f   Thumb Code    98  uldiv.o(.text)
    __aeabi_llsr                             0x080005e1   Thumb Code    32  llushr.o(.text)
    _ll_ushift_r                             0x080005e1   Thumb Code     0  llushr.o(.text)
    __I$use$fp                               0x08000601   Thumb Code     0  iusefp.o(.text)
    _float_round                             0x08000601   Thumb Code    18  fepilogue.o(.text)
    _float_epilogue                          0x08000613   Thumb Code    92  fepilogue.o(.text)
    _double_round                            0x0800066f   Thumb Code    30  depilogue.o(.text)
    _double_epilogue                         0x0800068d   Thumb Code   156  depilogue.o(.text)
    __aeabi_dadd                             0x08000729   Thumb Code   322  dadd.o(.text)
    __aeabi_dsub                             0x0800086b   Thumb Code     6  dadd.o(.text)
    __aeabi_drsub                            0x08000871   Thumb Code     6  dadd.o(.text)
    __aeabi_d2ulz                            0x08000877   Thumb Code    48  dfixul.o(.text)
    __aeabi_cdrcmple                         0x080008a9   Thumb Code    48  cdrcmple.o(.text)
    __scatterload                            0x080008d9   Thumb Code    38  init.o(.text)
    __scatterload_rt2                        0x080008d9   Thumb Code     0  init.o(.text)
    __aeabi_llsl                             0x08000909   Thumb Code    30  llshl.o(.text)
    _ll_shift_l                              0x08000909   Thumb Code     0  llshl.o(.text)
    __aeabi_lasr                             0x08000927   Thumb Code    36  llsshr.o(.text)
    _ll_sshift_r                             0x08000927   Thumb Code     0  llsshr.o(.text)
    __decompress                             0x0800094b   Thumb Code     0  __dczerorl2.o(.text)
    __decompress1                            0x0800094b   Thumb Code    86  __dczerorl2.o(.text)
    BMS_FET_ENABLE                           0x080009a1   Thumb Code    70  bms.o(.text.BMS_FET_ENABLE)
    BQ769x2_Init                             0x080009e9   Thumb Code   112  bms.o(.text.BQ769x2_Init)
    BQ769x2_RESET_CHG_OFF                    0x08000a59   Thumb Code    14  bms.o(.text.BQ769x2_RESET_CHG_OFF)
    BQ769x2_RESET_DSG_OFF                    0x08000a69   Thumb Code    16  bms.o(.text.BQ769x2_RESET_DSG_OFF)
    BQ769x2_ReadAlarmRaw                     0x08000a79   Thumb Code    24  bms.o(.text.BQ769x2_ReadAlarmRaw)
    BQ769x2_ReadAlarmStatus                  0x08000a91   Thumb Code    24  bms.o(.text.BQ769x2_ReadAlarmStatus)
    BQ769x2_ReadAllVoltages                  0x08000aa9   Thumb Code   126  bms.o(.text.BQ769x2_ReadAllVoltages)
    BQ769x2_ReadCurrent                      0x08000b29   Thumb Code    26  bms.o(.text.BQ769x2_ReadCurrent)
    BQ769x2_ReadFETStatus                    0x08000b45   Thumb Code   106  bms.o(.text.BQ769x2_ReadFETStatus)
    BQ769x2_ReadPFStatusA                    0x08000bb1   Thumb Code    34  bms.o(.text.BQ769x2_ReadPFStatusA)
    BQ769x2_ReadPFStatusB                    0x08000bd5   Thumb Code    34  bms.o(.text.BQ769x2_ReadPFStatusB)
    BQ769x2_ReadPFStatusC                    0x08000bf9   Thumb Code    34  bms.o(.text.BQ769x2_ReadPFStatusC)
    BQ769x2_ReadSafetyStatusA                0x08000c1d   Thumb Code   130  bms.o(.text.BQ769x2_ReadSafetyStatusA)
    BQ769x2_ReadSafetyStatusB                0x08000ca1   Thumb Code    52  bms.o(.text.BQ769x2_ReadSafetyStatusB)
    BQ769x2_ReadSafetyStatusC                0x08000cd5   Thumb Code   110  bms.o(.text.BQ769x2_ReadSafetyStatusC)
    BQ769x2_ReadTemperature                  0x08000d45   Thumb Code    34  bms.o(.text.BQ769x2_ReadTemperature)
    BQ769x2_ReadVoltage                      0x08000d69   Thumb Code    80  bms.o(.text.BQ769x2_ReadVoltage)
    BQ769x2_Read_Vcells_123                  0x08000db9   Thumb Code    20  bms.o(.text.BQ769x2_Read_Vcells_123)
    BQ769x2_Read_Vcells_5                    0x08000dcd   Thumb Code    22  bms.o(.text.BQ769x2_Read_Vcells_5)
    BQ769x2_Read_Vcells_7                    0x08000de5   Thumb Code    24  bms.o(.text.BQ769x2_Read_Vcells_7)
    BQ769x2_Read_Vcells_9                    0x08000dfd   Thumb Code    24  bms.o(.text.BQ769x2_Read_Vcells_9)
    BQ769x2_ReleaseShutdownPin               0x08000e15   Thumb Code    14  bms.o(.text.BQ769x2_ReleaseShutdownPin)
    BQ769x2_SetRegister                      0x08000e25   Thumb Code   306  bms.o(.text.BQ769x2_SetRegister)
    BSWBq769x2ReadBatteryStatus              0x08000f59   Thumb Code    40  bms.o(.text.BSWBq769x2ReadBatteryStatus)
    BusFault_Handler                         0x08000f81   Thumb Code     4  cs32f10x_it.o(.text.BusFault_Handler)
    CRC8                                     0x08000f85   Thumb Code   152  bms.o(.text.CRC8)
    Checksum                                 0x0800101d   Thumb Code    84  bms.o(.text.Checksum)
    CommandSubcommands                       0x08001071   Thumb Code    44  bms.o(.text.CommandSubcommands)
    DebugMon_Handler                         0x0800109d   Thumb Code     2  cs32f10x_it.o(.text.DebugMon_Handler)
    DirectCommands                           0x080010a1   Thumb Code   102  bms.o(.text.DirectCommands)
    EXTI1_IRQHandler                         0x08001109   Thumb Code    40  cs32f10x_it.o(.text.EXTI1_IRQHandler)
    EXTI4_IRQHandler                         0x08001131   Thumb Code    82  cs32f10x_it.o(.text.EXTI4_IRQHandler)
    HardFault_Handler                        0x08001185   Thumb Code     4  cs32f10x_it.o(.text.HardFault_Handler)
    I2C_ReadMulti                            0x08001189   Thumb Code   160  iic.o(.text.I2C_ReadMulti)
    I2C_ReadReg                              0x08001229   Thumb Code   248  bms.o(.text.I2C_ReadReg)
    I2C_ReceiveByte                          0x08001321   Thumb Code   184  iic.o(.text.I2C_ReceiveByte)
    I2C_SendAck                              0x080013d9   Thumb Code    76  iic.o(.text.I2C_SendAck)
    I2C_SendByte                             0x08001425   Thumb Code   178  iic.o(.text.I2C_SendByte)
    I2C_Start                                0x080014d9   Thumb Code    50  iic.o(.text.I2C_Start)
    I2C_Stop                                 0x0800150d   Thumb Code    80  iic.o(.text.I2C_Stop)
    I2C_WaitAck                              0x0800155d   Thumb Code   184  iic.o(.text.I2C_WaitAck)
    I2C_WriteMulti                           0x08001615   Thumb Code   110  iic.o(.text.I2C_WriteMulti)
    I2C_WriteReg                             0x08001685   Thumb Code   236  bms.o(.text.I2C_WriteReg)
    IIC_ReadData                             0x08001771   Thumb Code    38  bms.o(.text.IIC_ReadData)
    IIC_WriteData                            0x08001799   Thumb Code    38  bms.o(.text.IIC_WriteData)
    MemManage_Handler                        0x080017c1   Thumb Code     4  cs32f10x_it.o(.text.MemManage_Handler)
    NMI_Handler                              0x080017c5   Thumb Code     2  cs32f10x_it.o(.text.NMI_Handler)
    PendSV_Handler                           0x080017c9   Thumb Code     2  cs32f10x_it.o(.text.PendSV_Handler)
    ProcessData1                             0x080017cd   Thumb Code   200  queue.o(.text.ProcessData1)
    ProcessPacket                            0x08001895   Thumb Code   288  queue.o(.text.ProcessPacket)
    SVC_Handler                              0x080019b5   Thumb Code     2  cs32f10x_it.o(.text.SVC_Handler)
    Subcommands                              0x080019c1   Thumb Code   242  bms.o(.text.Subcommands)
    SysTick_Handler                          0x08001b09   Thumb Code     8  cs32f10x_it.o(.text.SysTick_Handler)
    SystemInit                               0x08001b11   Thumb Code   102  system_cs32f10x.o(.text.SystemInit)
    TIM1_UP_IRQHandler                       0x08001b79   Thumb Code    34  cs32f10x_it.o(.text.TIM1_UP_IRQHandler)
    Task_Marks_Handler_Callback              0x08001b9d   Thumb Code   160  task.o(.text.Task_Marks_Handler_Callback)
    Task_Pro_Handler_Callback                0x08001c3d   Thumb Code   114  task.o(.text.Task_Pro_Handler_Callback)
    USART3_IRQHandler                        0x08001cb1   Thumb Code    98  cs32f10x_it.o(.text.USART3_IRQHandler)
    UsageFault_Handler                       0x08001d15   Thumb Code     4  cs32f10x_it.o(.text.UsageFault_Handler)
    adc_init                                 0x08001d8d   Thumb Code    98  cs32f10x_adc.o(.text.adc_init)
    adc_init_                                0x08001df1   Thumb Code   358  adc.o(.text.adc_init_)
    adc_regular_channel_config               0x08001f59   Thumb Code   226  cs32f10x_adc.o(.text.adc_regular_channel_config)
    adc_struct_init                          0x0800203d   Thumb Code    36  cs32f10x_adc.o(.text.adc_struct_init)
    bms_init                                 0x08002061   Thumb Code   160  bms.o(.text.bms_init)
    bq76942_reset                            0x08002101   Thumb Code     8  app.o(.text.bq76942_reset)
    circ_buffer_pop                          0x08002109   Thumb Code    88  queue.o(.text.circ_buffer_pop)
    circ_buffer_push                         0x08002161   Thumb Code   100  queue.o(.text.circ_buffer_push)
    coulomp_calc                             0x080021c5   Thumb Code   348  coulomp.o(.text.coulomp_calc)
    coulomp_init                             0x08002321   Thumb Code   146  coulomp.o(.text.coulomp_init)
    delay                                    0x080023b5   Thumb Code    26  main.o(.text.delay)
    delay_us_2ms                             0x080023d1   Thumb Code    26  bms.o(.text.delay_us_2ms)
    estimate_soc_from_voltage                0x080023ed   Thumb Code   234  coulomp.o(.text.estimate_soc_from_voltage)
    eta_control                              0x080024d9   Thumb Code    36  app.o(.text.eta_control)
    exti_init                                0x080024fd   Thumb Code   140  init.o(.text.exti_init)
    f_led_alloff                             0x08002589   Thumb Code    64  led.o(.text.f_led_alloff)
    f_led_charge                             0x080025c9   Thumb Code    74  led.o(.text.f_led_charge)
    f_led_discharge                          0x08002615   Thumb Code   100  led.o(.text.f_led_discharge)
    f_led_health                             0x08002679   Thumb Code    42  led.o(.text.f_led_health)
    f_led_port_normal                        0x080026a5   Thumb Code    64  led.o(.text.f_led_port_normal)
    f_led_port_warning                       0x080026e5   Thumb Code    68  led.o(.text.f_led_port_warning)
    f_led_show_battery                       0x08002729   Thumb Code    70  led.o(.text.f_led_show_battery)
    f_uaba_close                             0x08002771   Thumb Code    82  app.o(.text.f_uaba_close)
    f_uaba_fault_ov                          0x080027c5   Thumb Code    66  app.o(.text.f_uaba_fault_ov)
    f_uaba_open                              0x08002809   Thumb Code    82  app.o(.text.f_uaba_open)
    fputc                                    0x0800285d   Thumb Code    54  init.o(.text.fputc)
    gpio_exti_pin_config                     0x08002895   Thumb Code    84  cs32f10x_gpio.o(.text.gpio_exti_pin_config)
    gpio_mode_config                         0x080028e9   Thumb Code   424  cs32f10x_gpio.o(.text.gpio_mode_config)
    gpio_pin_remap_config                    0x08002a91   Thumb Code    52  cs32f10x_gpio.o(.text.gpio_pin_remap_config)
    i2c_init_2                               0x08002ac5   Thumb Code    74  iic.o(.text.i2c_init_2)
    key_fast_switch                          0x08002b11   Thumb Code   174  app.o(.text.key_fast_switch)
    key_init                                 0x08002bc1   Thumb Code    82  key.o(.text.key_init)
    ledBreath_init                           0x08002c15   Thumb Code    94  led.o(.text.ledBreath_init)
    led_app                                  0x08002c75   Thumb Code   326  app.o(.text.led_app)
    led_bat_show                             0x08002dbd   Thumb Code  2814  led.o(.text.led_bat_show)
    led_init                                 0x080038bd   Thumb Code   306  led.o(.text.led_init)
    led_port_show                            0x080039f1   Thumb Code   494  led.o(.text.led_port_show)
    led_pwm_control                          0x08003be1   Thumb Code   258  led.o(.text.led_pwm_control)
    load_bms_init_array                      0x08003ce5   Thumb Code    94  bms.o(.text.load_bms_init_array)
    log_init                                 0x08003d45   Thumb Code   118  init.o(.text.log_init)
    main                                     0x08003dbd   Thumb Code   224  main.o(.text.main)
    nvic_configuration                       0x08003e9d   Thumb Code   100  init.o(.text.nvic_configuration)
    nvic_init                                0x08003f01   Thumb Code   150  cs32f10x_misc.o(.text.nvic_init)
    nvic_priority_group_config               0x08003f99   Thumb Code    28  cs32f10x_misc.o(.text.nvic_priority_group_config)
    other_io_init                            0x08003fb5   Thumb Code   158  init.o(.text.other_io_init)
    pmu_stop_mode_enter                      0x08004055   Thumb Code    94  cs32f10x_pmu.o(.text.pmu_stop_mode_enter)
    power_contorl                            0x08004119   Thumb Code   562  app.o(.text.power_contorl)
    rcu_adcclk_config                        0x0800434d   Thumb Code    28  cs32f10x_rcu.o(.text.rcu_adcclk_config)
    rcu_clk_freq_get                         0x08004369   Thumb Code   368  cs32f10x_rcu.o(.text.rcu_clk_freq_get)
    sleep_control                            0x080045fd   Thumb Code   120  app.o(.text.sleep_control)
    sys_pow_on_off_deal                      0x08004675   Thumb Code   148  app.o(.text.sys_pow_on_off_deal)
    sys_switch_check                         0x08004709   Thumb Code   162  app.o(.text.sys_switch_check)
    task_adc                                 0x080047ad   Thumb Code   354  adc.o(.text.task_adc)
    task_app                                 0x08004911   Thumb Code    96  app.o(.text.task_app)
    task_bms                                 0x08004971   Thumb Code   482  bms_pro.o(.text.task_bms)
    task_com_rx                              0x08004b55   Thumb Code    16  communication.o(.text.task_com_rx)
    task_com_tx                              0x08004b65   Thumb Code   294  communication.o(.text.task_com_tx)
    task_coulomp                             0x08004c8d   Thumb Code    52  coulomp.o(.text.task_coulomp)
    task_debug                               0x08004cc1   Thumb Code   304  debug.o(.text.task_debug)
    task_key                                 0x08004df1   Thumb Code   596  key.o(.text.task_key)
    task_led                                 0x08005045   Thumb Code    28  led.o(.text.task_led)
    tick_init                                0x08005061   Thumb Code    40  init.o(.text.tick_init)
    tim_base_init                            0x08005089   Thumb Code   110  cs32f10x_tim.o(.text.tim_base_init)
    tim_init                                 0x080050f9   Thumb Code   114  init.o(.text.tim_init)
    transmit_data                            0x0800516d   Thumb Code    96  communication.o(.text.transmit_data)
    turn_to_CFGUPDATE                        0x080051cd   Thumb Code   126  bms.o(.text.turn_to_CFGUPDATE)
    uart_init                                0x0800524d   Thumb Code   130  init.o(.text.uart_init)
    usart_init                               0x080052d1   Thumb Code   174  cs32f10x_usart.o(.text.usart_init)
    usba_app                                 0x08005381   Thumb Code   786  app.o(.text.usba_app)
    __0printf                                0x08005695   Thumb Code    22  printfa.o(i.__0printf)
    __1printf                                0x08005695   Thumb Code     0  printfa.o(i.__0printf)
    __2printf                                0x08005695   Thumb Code     0  printfa.o(i.__0printf)
    __c89printf                              0x08005695   Thumb Code     0  printfa.o(i.__0printf)
    printf                                   0x08005695   Thumb Code     0  printfa.o(i.__0printf)
    __scatterload_copy                       0x080056b5   Thumb Code    14  handlers.o(i.__scatterload_copy)
    __scatterload_null                       0x080056c3   Thumb Code     2  handlers.o(i.__scatterload_null)
    __scatterload_zeroinit                   0x080056c5   Thumb Code    14  handlers.o(i.__scatterload_zeroinit)
    Region$$Table$$Base                      0x08006240   Number         0  anon$$obj.o(Region$$Table)
    Region$$Table$$Limit                     0x08006260   Number         0  anon$$obj.o(Region$$Table)
    __stdout                                 0x20000000   Data           4  stdout.o(.data)
    SystemCoreClock                          0x20000004   Data           4  system_cs32f10x.o(.data.SystemCoreClock)
    Tasks_Max                                0x20000074   Data           1  task.o(.data.Tasks_Max)
    bms_capGain                              0x20000078   Data           4  bms.o(.data.bms_capGain)
    bms_ccGain                               0x2000007c   Data           4  bms.o(.data.bms_ccGain)
    bms_init_array                           0x20000080   Data         426  bms.o(.data.bms_init_array)
    led                                      0x2000022c   Data          60  led.o(.data.led)
    p                                        0x20000268   Data           8  debug.o(.data.p)
    pAPort                                   0x20000270   Data          12  debug.o(.data.pAPort)
    pCPort                                   0x2000027c   Data          12  debug.o(.data.pCPort)
    pGPort                                   0x20000288   Data          12  debug.o(.data.pGPort)
    pled                                     0x20000294   Data          20  debug.o(.data.pled)
    pled2                                    0x200002a8   Data           8  debug.o(.data.pled2)
    sys                                      0x200002b0   Data          56  app.o(.data.sys)
    t_power_on_cnt_s                         0x200002e8   Data           1  bms.o(.data.t_power_on_cnt_s)
    voltage_soc_ranges                       0x200002ec   Data         144  coulomp.o(.data.voltage_soc_ranges)
    AlarmBits                                0x20000380   Data           2  bms.o(.bss.AlarmBits)
    AlarmBits2                               0x20000382   Data           2  bms.o(.bss.AlarmBits2)
    CHG                                      0x20000384   Data           1  bms.o(.bss.CHG)
    CellVoltage                              0x20000386   Data          32  bms.o(.bss.CellVoltage)
    DSG                                      0x200003a6   Data           1  bms.o(.bss.DSG)
    FET_Status                               0x200003a7   Data           1  bms.o(.bss.FET_Status)
    LD_Voltage                               0x200003a8   Data           2  bms.o(.bss.LD_Voltage)
    OCC_Fault                                0x200003aa   Data           1  bms.o(.bss.OCC_Fault)
    OCD_Fault                                0x200003ab   Data           1  bms.o(.bss.OCD_Fault)
    OV_Fault                                 0x200003ac   Data           1  bms.o(.bss.OV_Fault)
    PCHG                                     0x200003ad   Data           1  bms.o(.bss.PCHG)
    PDSG                                     0x200003ae   Data           1  bms.o(.bss.PDSG)
    Pack_Voltage                             0x200003b0   Data           2  bms.o(.bss.Pack_Voltage)
    ProtectionsTriggered                     0x200003e7   Data           1  bms.o(.bss.ProtectionsTriggered)
    RX_32Byte                                0x200003e8   Data          32  bms.o(.bss.RX_32Byte)
    RX_CRC_Fail                              0x20000408   Data           2  bms.o(.bss.RX_CRC_Fail)
    RX_data                                  0x2000040a   Data           2  bms.o(.bss.RX_data)
    SCD_Fault                                0x2000040c   Data           1  bms.o(.bss.SCD_Fault)
    Stack_Voltage                            0x2000040e   Data           2  bms.o(.bss.Stack_Voltage)
    UV_Fault                                 0x20000410   Data           1  bms.o(.bss.UV_Fault)
    V_cells                                  0x20000412   Data          12  bms.o(.bss.V_cells)
    bms_battery_status                       0x2000041e   Data           2  bms_pro.o(.bss.bms_battery_status)
    bms_curr                                 0x20000420   Data           2  bms_pro.o(.bss.bms_curr)
    bms_tmp1                                 0x20000422   Data           2  bms_pro.o(.bss.bms_tmp1)
    bms_tmp2                                 0x20000424   Data           2  bms_pro.o(.bss.bms_tmp2)
    bms_tmp3                                 0x20000426   Data           2  bms_pro.o(.bss.bms_tmp3)
    bms_tmp4                                 0x20000428   Data           2  bms_pro.o(.bss.bms_tmp4)
    cmd_g020                                 0x2000042a   Data           1  communication.o(.bss.cmd_g020)
    coulomp                                  0x2000042c   Data          12  coulomp.o(.bss.coulomp)
    field_Transmit                           0x20000438   Data           5  communication.o(.bss.field_Transmit)
    field_receive                            0x2000043d   Data           4  communication.o(.bss.field_receive)
    key_cb                                   0x20000441   Data           8  key.o(.bss.key_cb)
    pack_pin_voltage                         0x2000044e   Data           2  bms_pro.o(.bss.pack_pin_voltage)
    receive_ok                               0x20000452   Data           1  communication.o(.bss.receive_ok)
    rxBuffer                                 0x20000453   Data          52  queue.o(.bss.rxBuffer)
    rx_CB                                    0x20000488   Data          28  communication.o(.bss.rx_CB)
    u16_nack_flag                            0x200004b0   Data           2  bms.o(.bss.u16_nack_flag)
    value_PFStatusA                          0x200004b8   Data           1  bms.o(.bss.value_PFStatusA)
    value_PFStatusB                          0x200004b9   Data           1  bms.o(.bss.value_PFStatusB)
    value_PFStatusC                          0x200004ba   Data           1  bms.o(.bss.value_PFStatusC)
    value_SafetyStatusA                      0x200004bb   Data           1  bms.o(.bss.value_SafetyStatusA)
    value_SafetyStatusB                      0x200004bc   Data           1  bms.o(.bss.value_SafetyStatusB)
    value_SafetyStatusC                      0x200004bd   Data           1  bms.o(.bss.value_SafetyStatusC)
    write_nack                               0x200004be   Data           2  bms.o(.bss.write_nack)
    write_res                                0x200004c0   Data           2  bms.o(.bss.write_res)
    xbms                                     0x200004c2   Data           4  app.o(.bss.xbms)
    __initial_sp                             0x20000cc8   Data           0  startup_cs32f103xb.o(STACK)



==============================================================================

Memory Map of the image

  Image Entry point : 0x080000ed

  Load Region LR_IROM1 (Base: 0x08000000, Size: 0x000065e0, Max: 0x00020000, ABSOLUTE, COMPRESSED[0x00006490])

    Execution Region ER_IROM1 (Exec base: 0x08000000, Load base: 0x08000000, Size: 0x00006260, Max: 0x00020000, ABSOLUTE)

    Exec Addr    Load Addr    Size         Type   Attr      Idx    E Section Name        Object

    0x08000000   0x08000000   0x000000ec   Data   RO         1041    RESET               startup_cs32f103xb.o
    0x080000ec   0x080000ec   0x00000000   Code   RO         1065  * .ARM.Collect$$$$00000000  mc_w.l(entry.o)
    0x080000ec   0x080000ec   0x00000004   Code   RO         1124    .ARM.Collect$$$$00000001  mc_w.l(entry2.o)
    0x080000f0   0x080000f0   0x00000004   Code   RO         1127    .ARM.Collect$$$$00000004  mc_w.l(entry5.o)
    0x080000f4   0x080000f4   0x00000000   Code   RO         1129    .ARM.Collect$$$$00000008  mc_w.l(entry7b.o)
    0x080000f4   0x080000f4   0x00000000   Code   RO         1131    .ARM.Collect$$$$0000000A  mc_w.l(entry8b.o)
    0x080000f4   0x080000f4   0x00000008   Code   RO         1132    .ARM.Collect$$$$0000000B  mc_w.l(entry9a.o)
    0x080000fc   0x080000fc   0x00000000   Code   RO         1134    .ARM.Collect$$$$0000000D  mc_w.l(entry10a.o)
    0x080000fc   0x080000fc   0x00000000   Code   RO         1136    .ARM.Collect$$$$0000000F  mc_w.l(entry11a.o)
    0x080000fc   0x080000fc   0x00000004   Code   RO         1125    .ARM.Collect$$$$00002712  mc_w.l(entry2.o)
    0x08000100   0x08000100   0x00000024   Code   RO         1042    .text               startup_cs32f103xb.o
    0x08000124   0x08000124   0x000000b0   Code   RO         1102    .text               mf_w.l(fadd.o)
    0x080001d4   0x080001d4   0x00000064   Code   RO         1104    .text               mf_w.l(fmul.o)
    0x08000238   0x08000238   0x0000007c   Code   RO         1106    .text               mf_w.l(fdiv.o)
    0x080002b4   0x080002b4   0x000000e4   Code   RO         1108    .text               mf_w.l(dmul.o)
    0x08000398   0x08000398   0x000000de   Code   RO         1110    .text               mf_w.l(ddiv.o)
    0x08000476   0x08000476   0x0000001c   Code   RO         1112    .text               mf_w.l(fcmple.o)
    0x08000492   0x08000492   0x0000001c   Code   RO         1114    .text               mf_w.l(fcmplt.o)
    0x080004ae   0x080004ae   0x00000012   Code   RO         1116    .text               mf_w.l(fflti.o)
    0x080004c0   0x080004c0   0x00000022   Code   RO         1118    .text               mf_w.l(dflti.o)
    0x080004e2   0x080004e2   0x00000032   Code   RO         1120    .text               mf_w.l(ffixi.o)
    0x08000514   0x08000514   0x0000003e   Code   RO         1122    .text               mf_w.l(dfixi.o)
    0x08000552   0x08000552   0x0000002c   Code   RO         1148    .text               mc_w.l(uidiv.o)
    0x0800057e   0x0800057e   0x00000062   Code   RO         1150    .text               mc_w.l(uldiv.o)
    0x080005e0   0x080005e0   0x00000020   Code   RO         1152    .text               mc_w.l(llushr.o)
    0x08000600   0x08000600   0x00000000   Code   RO         1154    .text               mc_w.l(iusefp.o)
    0x08000600   0x08000600   0x0000006e   Code   RO         1155    .text               mf_w.l(fepilogue.o)
    0x0800066e   0x0800066e   0x000000ba   Code   RO         1157    .text               mf_w.l(depilogue.o)
    0x08000728   0x08000728   0x0000014e   Code   RO         1159    .text               mf_w.l(dadd.o)
    0x08000876   0x08000876   0x00000030   Code   RO         1161    .text               mf_w.l(dfixul.o)
    0x080008a6   0x080008a6   0x00000002   PAD
    0x080008a8   0x080008a8   0x00000030   Code   RO         1163    .text               mf_w.l(cdrcmple.o)
    0x080008d8   0x080008d8   0x00000030   Code   RO         1165    .text               mc_w.l(init.o)
    0x08000908   0x08000908   0x0000001e   Code   RO         1167    .text               mc_w.l(llshl.o)
    0x08000926   0x08000926   0x00000024   Code   RO         1169    .text               mc_w.l(llsshr.o)
    0x0800094a   0x0800094a   0x00000056   Code   RO         1179    .text               mc_w.l(__dczerorl2.o)
    0x080009a0   0x080009a0   0x00000046   Code   RO          171    .text.BMS_FET_ENABLE  bms.o
    0x080009e6   0x080009e6   0x00000002   PAD
    0x080009e8   0x080009e8   0x00000070   Code   RO          185    .text.BQ769x2_Init  bms.o
    0x08000a58   0x08000a58   0x0000000e   Code   RO          181    .text.BQ769x2_RESET_CHG_OFF  bms.o
    0x08000a66   0x08000a66   0x00000002   PAD
    0x08000a68   0x08000a68   0x00000010   Code   RO          179    .text.BQ769x2_RESET_DSG_OFF  bms.o
    0x08000a78   0x08000a78   0x00000018   Code   RO          209    .text.BQ769x2_ReadAlarmRaw  bms.o
    0x08000a90   0x08000a90   0x00000018   Code   RO          207    .text.BQ769x2_ReadAlarmStatus  bms.o
    0x08000aa8   0x08000aa8   0x0000007e   Code   RO          225    .text.BQ769x2_ReadAllVoltages  bms.o
    0x08000b26   0x08000b26   0x00000002   PAD
    0x08000b28   0x08000b28   0x0000001a   Code   RO          235    .text.BQ769x2_ReadCurrent  bms.o
    0x08000b42   0x08000b42   0x00000002   PAD
    0x08000b44   0x08000b44   0x0000006a   Code   RO          203    .text.BQ769x2_ReadFETStatus  bms.o
    0x08000bae   0x08000bae   0x00000002   PAD
    0x08000bb0   0x08000bb0   0x00000022   Code   RO          217    .text.BQ769x2_ReadPFStatusA  bms.o
    0x08000bd2   0x08000bd2   0x00000002   PAD
    0x08000bd4   0x08000bd4   0x00000022   Code   RO          219    .text.BQ769x2_ReadPFStatusB  bms.o
    0x08000bf6   0x08000bf6   0x00000002   PAD
    0x08000bf8   0x08000bf8   0x00000022   Code   RO          221    .text.BQ769x2_ReadPFStatusC  bms.o
    0x08000c1a   0x08000c1a   0x00000002   PAD
    0x08000c1c   0x08000c1c   0x00000082   Code   RO          211    .text.BQ769x2_ReadSafetyStatusA  bms.o
    0x08000c9e   0x08000c9e   0x00000002   PAD
    0x08000ca0   0x08000ca0   0x00000034   Code   RO          213    .text.BQ769x2_ReadSafetyStatusB  bms.o
    0x08000cd4   0x08000cd4   0x0000006e   Code   RO          215    .text.BQ769x2_ReadSafetyStatusC  bms.o
    0x08000d42   0x08000d42   0x00000002   PAD
    0x08000d44   0x08000d44   0x00000022   Code   RO          237    .text.BQ769x2_ReadTemperature  bms.o
    0x08000d66   0x08000d66   0x00000002   PAD
    0x08000d68   0x08000d68   0x00000050   Code   RO          223    .text.BQ769x2_ReadVoltage  bms.o
    0x08000db8   0x08000db8   0x00000014   Code   RO          227    .text.BQ769x2_Read_Vcells_123  bms.o
    0x08000dcc   0x08000dcc   0x00000016   Code   RO          229    .text.BQ769x2_Read_Vcells_5  bms.o
    0x08000de2   0x08000de2   0x00000002   PAD
    0x08000de4   0x08000de4   0x00000018   Code   RO          231    .text.BQ769x2_Read_Vcells_7  bms.o
    0x08000dfc   0x08000dfc   0x00000018   Code   RO          233    .text.BQ769x2_Read_Vcells_9  bms.o
    0x08000e14   0x08000e14   0x0000000e   Code   RO          183    .text.BQ769x2_ReleaseShutdownPin  bms.o
    0x08000e22   0x08000e22   0x00000002   PAD
    0x08000e24   0x08000e24   0x00000132   Code   RO          169    .text.BQ769x2_SetRegister  bms.o
    0x08000f56   0x08000f56   0x00000002   PAD
    0x08000f58   0x08000f58   0x00000028   Code   RO          191    .text.BSWBq769x2ReadBatteryStatus  bms.o
    0x08000f80   0x08000f80   0x00000004   Code   RO           25    .text.BusFault_Handler  cs32f10x_it.o
    0x08000f84   0x08000f84   0x00000098   Code   RO          161    .text.CRC8          bms.o
    0x0800101c   0x0800101c   0x00000054   Code   RO          159    .text.Checksum      bms.o
    0x08001070   0x08001070   0x0000002c   Code   RO          175    .text.CommandSubcommands  bms.o
    0x0800109c   0x0800109c   0x00000002   Code   RO           31    .text.DebugMon_Handler  cs32f10x_it.o
    0x0800109e   0x0800109e   0x00000002   PAD
    0x080010a0   0x080010a0   0x00000066   Code   RO          189    .text.DirectCommands  bms.o
    0x08001106   0x08001106   0x00000002   PAD
    0x08001108   0x08001108   0x00000028   Code   RO           43    .text.EXTI1_IRQHandler  cs32f10x_it.o
    0x08001130   0x08001130   0x00000052   Code   RO           41    .text.EXTI4_IRQHandler  cs32f10x_it.o
    0x08001182   0x08001182   0x00000002   PAD
    0x08001184   0x08001184   0x00000004   Code   RO           21    .text.HardFault_Handler  cs32f10x_it.o
    0x08001188   0x08001188   0x000000a0   Code   RO          454    .text.I2C_ReadMulti  iic.o
    0x08001228   0x08001228   0x000000f8   Code   RO          165    .text.I2C_ReadReg   bms.o
    0x08001320   0x08001320   0x000000b8   Code   RO          446    .text.I2C_ReceiveByte  iic.o
    0x080013d8   0x080013d8   0x0000004c   Code   RO          440    .text.I2C_SendAck   iic.o
    0x08001424   0x08001424   0x000000b2   Code   RO          444    .text.I2C_SendByte  iic.o
    0x080014d6   0x080014d6   0x00000002   PAD
    0x080014d8   0x080014d8   0x00000032   Code   RO          436    .text.I2C_Start     iic.o
    0x0800150a   0x0800150a   0x00000002   PAD
    0x0800150c   0x0800150c   0x00000050   Code   RO          438    .text.I2C_Stop      iic.o
    0x0800155c   0x0800155c   0x000000b8   Code   RO          442    .text.I2C_WaitAck   iic.o
    0x08001614   0x08001614   0x0000006e   Code   RO          452    .text.I2C_WriteMulti  iic.o
    0x08001682   0x08001682   0x00000002   PAD
    0x08001684   0x08001684   0x000000ec   Code   RO          163    .text.I2C_WriteReg  bms.o
    0x08001770   0x08001770   0x00000026   Code   RO          155    .text.IIC_ReadData  bms.o
    0x08001796   0x08001796   0x00000002   PAD
    0x08001798   0x08001798   0x00000026   Code   RO          153    .text.IIC_WriteData  bms.o
    0x080017be   0x080017be   0x00000002   PAD
    0x080017c0   0x080017c0   0x00000004   Code   RO           23    .text.MemManage_Handler  cs32f10x_it.o
    0x080017c4   0x080017c4   0x00000002   Code   RO           19    .text.NMI_Handler   cs32f10x_it.o
    0x080017c6   0x080017c6   0x00000002   PAD
    0x080017c8   0x080017c8   0x00000002   Code   RO           33    .text.PendSV_Handler  cs32f10x_it.o
    0x080017ca   0x080017ca   0x00000002   PAD
    0x080017cc   0x080017cc   0x000000c8   Code   RO          396    .text.ProcessData1  queue.o
    0x08001894   0x08001894   0x00000120   Code   RO          392    .text.ProcessPacket  queue.o
    0x080019b4   0x080019b4   0x00000002   Code   RO           29    .text.SVC_Handler   cs32f10x_it.o
    0x080019b6   0x080019b6   0x00000002   PAD
    0x080019b8   0x080019b8   0x00000008   Code   RO         1051    .text.SetSysClock   system_cs32f10x.o
    0x080019c0   0x080019c0   0x000000f2   Code   RO          173    .text.Subcommands   bms.o
    0x08001ab2   0x08001ab2   0x00000002   PAD
    0x08001ab4   0x08001ab4   0x00000052   Code   RO           64    .text.SysTick_Config  init.o
    0x08001b06   0x08001b06   0x00000002   PAD
    0x08001b08   0x08001b08   0x00000008   Code   RO           35    .text.SysTick_Handler  cs32f10x_it.o
    0x08001b10   0x08001b10   0x00000066   Code   RO         1049    .text.SystemInit    system_cs32f10x.o
    0x08001b76   0x08001b76   0x00000002   PAD
    0x08001b78   0x08001b78   0x00000022   Code   RO           39    .text.TIM1_UP_IRQHandler  cs32f10x_it.o
    0x08001b9a   0x08001b9a   0x00000002   PAD
    0x08001b9c   0x08001b9c   0x000000a0   Code   RO          413    .text.Task_Marks_Handler_Callback  task.o
    0x08001c3c   0x08001c3c   0x00000072   Code   RO          415    .text.Task_Pro_Handler_Callback  task.o
    0x08001cae   0x08001cae   0x00000002   PAD
    0x08001cb0   0x08001cb0   0x00000062   Code   RO           37    .text.USART3_IRQHandler  cs32f10x_it.o
    0x08001d12   0x08001d12   0x00000002   PAD
    0x08001d14   0x08001d14   0x00000004   Code   RO           27    .text.UsageFault_Handler  cs32f10x_it.o
    0x08001d18   0x08001d18   0x00000030   Code   RO           68    .text.__NVIC_EnableIRQ  init.o
    0x08001d48   0x08001d48   0x00000042   Code   RO           76    .text.__NVIC_SetPriority  init.o
    0x08001d8a   0x08001d8a   0x00000002   PAD
    0x08001d8c   0x08001d8c   0x00000062   Code   RO          534    .text.adc_init      cs32f10x_adc.o
    0x08001dee   0x08001dee   0x00000002   PAD
    0x08001df0   0x08001df0   0x00000166   Code   RO           85    .text.adc_init_     adc.o
    0x08001f56   0x08001f56   0x00000002   PAD
    0x08001f58   0x08001f58   0x000000e2   Code   RO          540    .text.adc_regular_channel_config  cs32f10x_adc.o
    0x0800203a   0x0800203a   0x00000002   PAD
    0x0800203c   0x0800203c   0x00000024   Code   RO          536    .text.adc_struct_init  cs32f10x_adc.o
    0x08002060   0x08002060   0x000000a0   Code   RO          177    .text.bms_init      bms.o
    0x08002100   0x08002100   0x00000008   Code   RO          118    .text.bq76942_reset  app.o
    0x08002108   0x08002108   0x00000058   Code   RO          388    .text.circ_buffer_pop  queue.o
    0x08002160   0x08002160   0x00000064   Code   RO          386    .text.circ_buffer_push  queue.o
    0x080021c4   0x080021c4   0x0000015c   Code   RO          522    .text.coulomp_calc  coulomp.o
    0x08002320   0x08002320   0x00000092   Code   RO          516    .text.coulomp_init  coulomp.o
    0x080023b2   0x080023b2   0x00000002   PAD
    0x080023b4   0x080023b4   0x0000001a   Code   RO            4    .text.delay         main.o
    0x080023ce   0x080023ce   0x00000002   PAD
    0x080023d0   0x080023d0   0x0000001a   Code   RO          167    .text.delay_us_2ms  bms.o
    0x080023ea   0x080023ea   0x00000002   PAD
    0x080023ec   0x080023ec   0x000000ea   Code   RO          518    .text.estimate_soc_from_voltage  coulomp.o
    0x080024d6   0x080024d6   0x00000002   PAD
    0x080024d8   0x080024d8   0x00000024   Code   RO          126    .text.eta_control   app.o
    0x080024fc   0x080024fc   0x0000008c   Code   RO           72    .text.exti_init     init.o
    0x08002588   0x08002588   0x00000040   Code   RO          355    .text.f_led_alloff  led.o
    0x080025c8   0x080025c8   0x0000004a   Code   RO          351    .text.f_led_charge  led.o
    0x08002612   0x08002612   0x00000002   PAD
    0x08002614   0x08002614   0x00000064   Code   RO          349    .text.f_led_discharge  led.o
    0x08002678   0x08002678   0x0000002a   Code   RO          353    .text.f_led_health  led.o
    0x080026a2   0x080026a2   0x00000002   PAD
    0x080026a4   0x080026a4   0x00000040   Code   RO          357    .text.f_led_port_normal  led.o
    0x080026e4   0x080026e4   0x00000044   Code   RO          359    .text.f_led_port_warning  led.o
    0x08002728   0x08002728   0x00000046   Code   RO          347    .text.f_led_show_battery  led.o
    0x0800276e   0x0800276e   0x00000002   PAD
    0x08002770   0x08002770   0x00000052   Code   RO           98    .text.f_uaba_close  app.o
    0x080027c2   0x080027c2   0x00000002   PAD
    0x080027c4   0x080027c4   0x00000042   Code   RO          100    .text.f_uaba_fault_ov  app.o
    0x08002806   0x08002806   0x00000002   PAD
    0x08002808   0x08002808   0x00000052   Code   RO           96    .text.f_uaba_open   app.o
    0x0800285a   0x0800285a   0x00000002   PAD
    0x0800285c   0x0800285c   0x00000036   Code   RO           54    .text.fputc         init.o
    0x08002892   0x08002892   0x00000002   PAD
    0x08002894   0x08002894   0x00000054   Code   RO          742    .text.gpio_exti_pin_config  cs32f10x_gpio.o
    0x080028e8   0x080028e8   0x000001a8   Code   RO          730    .text.gpio_mode_config  cs32f10x_gpio.o
    0x08002a90   0x08002a90   0x00000034   Code   RO          740    .text.gpio_pin_remap_config  cs32f10x_gpio.o
    0x08002ac4   0x08002ac4   0x0000004a   Code   RO          434    .text.i2c_init_2    iic.o
    0x08002b0e   0x08002b0e   0x00000002   PAD
    0x08002b10   0x08002b10   0x000000ae   Code   RO          110    .text.key_fast_switch  app.o
    0x08002bbe   0x08002bbe   0x00000002   PAD
    0x08002bc0   0x08002bc0   0x00000052   Code   RO          335    .text.key_init      key.o
    0x08002c12   0x08002c12   0x00000002   PAD
    0x08002c14   0x08002c14   0x0000005e   Code   RO          361    .text.ledBreath_init  led.o
    0x08002c72   0x08002c72   0x00000002   PAD
    0x08002c74   0x08002c74   0x00000146   Code   RO          112    .text.led_app       app.o
    0x08002dba   0x08002dba   0x00000002   PAD
    0x08002dbc   0x08002dbc   0x00000afe   Code   RO          367    .text.led_bat_show  led.o
    0x080038ba   0x080038ba   0x00000002   PAD
    0x080038bc   0x080038bc   0x00000132   Code   RO          363    .text.led_init      led.o
    0x080039ee   0x080039ee   0x00000002   PAD
    0x080039f0   0x080039f0   0x000001ee   Code   RO          369    .text.led_port_show  led.o
    0x08003bde   0x08003bde   0x00000002   PAD
    0x08003be0   0x08003be0   0x00000102   Code   RO          371    .text.led_pwm_control  led.o
    0x08003ce2   0x08003ce2   0x00000002   PAD
    0x08003ce4   0x08003ce4   0x0000005e   Code   RO          193    .text.load_bms_init_array  bms.o
    0x08003d42   0x08003d42   0x00000002   PAD
    0x08003d44   0x08003d44   0x00000076   Code   RO           52    .text.log_init      init.o
    0x08003dba   0x08003dba   0x00000002   PAD
    0x08003dbc   0x08003dbc   0x000000e0   Code   RO            2    .text.main          main.o
    0x08003e9c   0x08003e9c   0x00000064   Code   RO           66    .text.nvic_configuration  init.o
    0x08003f00   0x08003f00   0x00000096   Code   RO          788    .text.nvic_init     cs32f10x_misc.o
    0x08003f96   0x08003f96   0x00000002   PAD
    0x08003f98   0x08003f98   0x0000001c   Code   RO          786    .text.nvic_priority_group_config  cs32f10x_misc.o
    0x08003fb4   0x08003fb4   0x0000009e   Code   RO           60    .text.other_io_init  init.o
    0x08004052   0x08004052   0x00000002   PAD
    0x08004054   0x08004054   0x0000005e   Code   RO          813    .text.pmu_stop_mode_enter  cs32f10x_pmu.o
    0x080040b2   0x080040b2   0x00000002   PAD
    0x080040b4   0x080040b4   0x00000064   Code   RO          122    .text.portA_plug_check  app.o
    0x08004118   0x08004118   0x00000232   Code   RO          116    .text.power_contorl  app.o
    0x0800434a   0x0800434a   0x00000002   PAD
    0x0800434c   0x0800434c   0x0000001c   Code   RO          850    .text.rcu_adcclk_config  cs32f10x_rcu.o
    0x08004368   0x08004368   0x00000170   Code   RO          858    .text.rcu_clk_freq_get  cs32f10x_rcu.o
    0x080044d8   0x080044d8   0x00000122   Code   RO         1055    .text.set_sysclk_freq_72M  system_cs32f10x.o
    0x080045fa   0x080045fa   0x00000002   PAD
    0x080045fc   0x080045fc   0x00000078   Code   RO          120    .text.sleep_control  app.o
    0x08004674   0x08004674   0x00000094   Code   RO          108    .text.sys_pow_on_off_deal  app.o
    0x08004708   0x08004708   0x000000a2   Code   RO          106    .text.sys_switch_check  app.o
    0x080047aa   0x080047aa   0x00000002   PAD
    0x080047ac   0x080047ac   0x00000162   Code   RO           87    .text.task_adc      adc.o
    0x0800490e   0x0800490e   0x00000002   PAD
    0x08004910   0x08004910   0x00000060   Code   RO          104    .text.task_app      app.o
    0x08004970   0x08004970   0x000001e2   Code   RO          470    .text.task_bms      bms_pro.o
    0x08004b52   0x08004b52   0x00000002   PAD
    0x08004b54   0x08004b54   0x00000010   Code   RO          294    .text.task_com_rx   communication.o
    0x08004b64   0x08004b64   0x00000126   Code   RO          298    .text.task_com_tx   communication.o
    0x08004c8a   0x08004c8a   0x00000002   PAD
    0x08004c8c   0x08004c8c   0x00000034   Code   RO          520    .text.task_coulomp  coulomp.o
    0x08004cc0   0x08004cc0   0x00000130   Code   RO          319    .text.task_debug    debug.o
    0x08004df0   0x08004df0   0x00000254   Code   RO          337    .text.task_key      key.o
    0x08005044   0x08005044   0x0000001c   Code   RO          365    .text.task_led      led.o
    0x08005060   0x08005060   0x00000028   Code   RO           62    .text.tick_init     init.o
    0x08005088   0x08005088   0x0000006e   Code   RO          901    .text.tim_base_init  cs32f10x_tim.o
    0x080050f6   0x080050f6   0x00000002   PAD
    0x080050f8   0x080050f8   0x00000072   Code   RO           70    .text.tim_init      init.o
    0x0800516a   0x0800516a   0x00000002   PAD
    0x0800516c   0x0800516c   0x00000060   Code   RO          300    .text.transmit_data  communication.o
    0x080051cc   0x080051cc   0x0000007e   Code   RO          195    .text.turn_to_CFGUPDATE  bms.o
    0x0800524a   0x0800524a   0x00000002   PAD
    0x0800524c   0x0800524c   0x00000082   Code   RO           58    .text.uart_init     init.o
    0x080052ce   0x080052ce   0x00000002   PAD
    0x080052d0   0x080052d0   0x000000ae   Code   RO          984    .text.usart_init    cs32f10x_usart.o
    0x0800537e   0x0800537e   0x00000002   PAD
    0x08005380   0x08005380   0x00000312   Code   RO          114    .text.usba_app      app.o
    0x08005692   0x08005692   0x00000002   PAD
    0x08005694   0x08005694   0x00000020   Code   RO         1075    i.__0printf         mc_w.l(printfa.o)
    0x080056b4   0x080056b4   0x0000000e   Code   RO         1173    i.__scatterload_copy  mc_w.l(handlers.o)
    0x080056c2   0x080056c2   0x00000002   Code   RO         1174    i.__scatterload_null  mc_w.l(handlers.o)
    0x080056c4   0x080056c4   0x0000000e   Code   RO         1175    i.__scatterload_zeroinit  mc_w.l(handlers.o)
    0x080056d2   0x080056d2   0x00000002   PAD
    0x080056d4   0x080056d4   0x00000184   Code   RO         1082    i._fp_digits        mc_w.l(printfa.o)
    0x08005858   0x08005858   0x000006dc   Code   RO         1083    i._printf_core      mc_w.l(printfa.o)
    0x08005f34   0x08005f34   0x00000024   Code   RO         1084    i._printf_post_padding  mc_w.l(printfa.o)
    0x08005f58   0x08005f58   0x0000002e   Code   RO         1085    i._printf_pre_padding  mc_w.l(printfa.o)
    0x08005f86   0x08005f86   0x00000004   Data   RO          861    .rodata.ADC_pdiv_table  cs32f10x_rcu.o
    0x08005f8a   0x08005f8a   0x00000010   Data   RO          860    .rodata.APBAHB_pdiv_table  cs32f10x_rcu.o
    0x08005f9a   0x08005f9a   0x0000001c   Data   RO           10    .rodata.str1.1      main.o
    0x08005fb6   0x08005fb6   0x0000009c   Data   RO          131    .rodata.str1.1      app.o
    0x08006052   0x08006052   0x00000006   Data   RO          266    .rodata.str1.1      bms.o
    0x08006058   0x08006058   0x0000011a   Data   RO          321    .rodata.str1.1      debug.o
    0x08006172   0x08006172   0x0000007d   Data   RO          376    .rodata.str1.1      led.o
    0x080061ef   0x080061ef   0x0000001a   Data   RO          398    .rodata.str1.1      queue.o
    0x08006209   0x08006209   0x00000015   Data   RO          456    .rodata.str1.1      iic.o
    0x0800621e   0x0800621e   0x0000001f   Data   RO          525    .rodata.str1.1      coulomp.o
    0x0800623d   0x0800623d   0x00000003   PAD
    0x08006240   0x08006240   0x00000020   Data   RO         1172    Region$$Table       anon$$obj.o


    Execution Region RW_IRAM1 (Exec base: 0x20000000, Load base: 0x08006260, Size: 0x00000cc8, Max: 0x00005000, ABSOLUTE, COMPRESSED[0x00000230])

    Exec Addr    Load Addr    Size         Type   Attr      Idx    E Section Name        Object

    0x20000000   COMPRESSED   0x00000004   Data   RW         1138    .data               mc_w.l(stdout.o)
    0x20000004   COMPRESSED   0x00000004   Data   RW         1057    .data.SystemCoreClock  system_cs32f10x.o
    0x20000008   COMPRESSED   0x0000006c   Data   RW          418    .data.Task_Comps    task.o
    0x20000074   COMPRESSED   0x00000001   Data   RW          417    .data.Tasks_Max     task.o
    0x20000075   COMPRESSED   0x00000003   PAD
    0x20000078   COMPRESSED   0x00000004   Data   RW          270    .data.bms_capGain   bms.o
    0x2000007c   COMPRESSED   0x00000004   Data   RW          269    .data.bms_ccGain    bms.o
    0x20000080   COMPRESSED   0x000001aa   Data   RW          271    .data.bms_init_array  bms.o
    0x2000022a   COMPRESSED   0x00000002   PAD
    0x2000022c   COMPRESSED   0x0000003c   Data   RW          375    .data.led           led.o
    0x20000268   COMPRESSED   0x00000008   Data   RW          322    .data.p             debug.o
    0x20000270   COMPRESSED   0x0000000c   Data   RW          325    .data.pAPort        debug.o
    0x2000027c   COMPRESSED   0x0000000c   Data   RW          323    .data.pCPort        debug.o
    0x20000288   COMPRESSED   0x0000000c   Data   RW          324    .data.pGPort        debug.o
    0x20000294   COMPRESSED   0x00000014   Data   RW          326    .data.pled          debug.o
    0x200002a8   COMPRESSED   0x00000008   Data   RW          327    .data.pled2         debug.o
    0x200002b0   COMPRESSED   0x00000038   Data   RW          130    .data.sys           app.o
    0x200002e8   COMPRESSED   0x00000001   Data   RW          267    .data.t_power_on_cnt_s  bms.o
    0x200002e9   COMPRESSED   0x00000003   PAD
    0x200002ec   COMPRESSED   0x00000090   Data   RW          526    .data.voltage_soc_ranges  coulomp.o
    0x2000037c   COMPRESSED   0x00000004   PAD
    0x20000380        -       0x00000002   Zero   RW          248    .bss.AlarmBits      bms.o
    0x20000382        -       0x00000002   Zero   RW          249    .bss.AlarmBits2     bms.o
    0x20000384        -       0x00000001   Zero   RW          258    .bss.CHG            bms.o
    0x20000385   COMPRESSED   0x00000001   PAD
    0x20000386        -       0x00000020   Zero   RW          243    .bss.CellVoltage    bms.o
    0x200003a6        -       0x00000001   Zero   RW          257    .bss.DSG            bms.o
    0x200003a7        -       0x00000001   Zero   RW          272    .bss.FET_Status     bms.o
    0x200003a8        -       0x00000002   Zero   RW          246    .bss.LD_Voltage     bms.o
    0x200003aa        -       0x00000001   Zero   RW          254    .bss.OCC_Fault      bms.o
    0x200003ab        -       0x00000001   Zero   RW          253    .bss.OCD_Fault      bms.o
    0x200003ac        -       0x00000001   Zero   RW          251    .bss.OV_Fault       bms.o
    0x200003ad        -       0x00000001   Zero   RW          259    .bss.PCHG           bms.o
    0x200003ae        -       0x00000001   Zero   RW          260    .bss.PDSG           bms.o
    0x200003af   COMPRESSED   0x00000001   PAD
    0x200003b0        -       0x00000002   Zero   RW          245    .bss.Pack_Voltage   bms.o
    0x200003b2        -       0x00000032   Zero   RW          402    .bss.ProcessData1.packet  queue.o
    0x200003e4        -       0x00000002   Zero   RW          403    .bss.ProcessData1.packetIndex  queue.o
    0x200003e6        -       0x00000001   Zero   RW          404    .bss.ProcessData1.receive_status  queue.o
    0x200003e7        -       0x00000001   Zero   RW          255    .bss.ProtectionsTriggered  bms.o
    0x200003e8        -       0x00000020   Zero   RW          242    .bss.RX_32Byte      bms.o
    0x20000408        -       0x00000002   Zero   RW          264    .bss.RX_CRC_Fail    bms.o
    0x2000040a        -       0x00000002   Zero   RW          241    .bss.RX_data        bms.o
    0x2000040c        -       0x00000001   Zero   RW          252    .bss.SCD_Fault      bms.o
    0x2000040d   COMPRESSED   0x00000001   PAD
    0x2000040e        -       0x00000002   Zero   RW          244    .bss.Stack_Voltage  bms.o
    0x20000410        -       0x00000001   Zero   RW          250    .bss.UV_Fault       bms.o
    0x20000411   COMPRESSED   0x00000001   PAD
    0x20000412        -       0x0000000c   Zero   RW          279    .bss.V_cells        bms.o
    0x2000041e        -       0x00000002   Zero   RW          501    .bss.bms_battery_status  bms_pro.o
    0x20000420        -       0x00000002   Zero   RW          487    .bss.bms_curr       bms_pro.o
    0x20000422        -       0x00000002   Zero   RW          479    .bss.bms_tmp1       bms_pro.o
    0x20000424        -       0x00000002   Zero   RW          475    .bss.bms_tmp2       bms_pro.o
    0x20000426        -       0x00000002   Zero   RW          476    .bss.bms_tmp3       bms_pro.o
    0x20000428        -       0x00000002   Zero   RW          492    .bss.bms_tmp4       bms_pro.o
    0x2000042a        -       0x00000001   Zero   RW          306    .bss.cmd_g020       communication.o
    0x2000042b   COMPRESSED   0x00000001   PAD
    0x2000042c        -       0x0000000c   Zero   RW          524    .bss.coulomp        coulomp.o
    0x20000438        -       0x00000005   Zero   RW          307    .bss.field_Transmit  communication.o
    0x2000043d        -       0x00000004   Zero   RW          311    .bss.field_receive  communication.o
    0x20000441        -       0x00000008   Zero   RW          339    .bss.key_cb         key.o
    0x20000449        -       0x00000001   Zero   RW          132    .bss.key_fast_switch.last_level  app.o
    0x2000044a        -       0x00000001   Zero   RW          133    .bss.key_fast_switch.num  app.o
    0x2000044b   COMPRESSED   0x00000001   PAD
    0x2000044c        -       0x00000002   Zero   RW          134    .bss.key_fast_switch.timer  app.o
    0x2000044e        -       0x00000002   Zero   RW          506    .bss.pack_pin_voltage  bms_pro.o
    0x20000450        -       0x00000001   Zero   RW          145    .bss.portA_plug_check.cnt  app.o
    0x20000451        -       0x00000001   Zero   RW          142    .bss.power_contorl.cnt  app.o
    0x20000452        -       0x00000001   Zero   RW          305    .bss.receive_ok     communication.o
    0x20000453        -       0x00000034   Zero   RW          405    .bss.rxBuffer       queue.o
    0x20000487   COMPRESSED   0x00000001   PAD
    0x20000488        -       0x0000001c   Zero   RW          304    .bss.rx_CB          communication.o
    0x200004a4        -       0x00000002   Zero   RW          143    .bss.sleep_control.delay  app.o
    0x200004a6        -       0x00000001   Zero   RW          136    .bss.sys_switch_check.key2_high_cnt  app.o
    0x200004a7        -       0x00000001   Zero   RW          137    .bss.sys_switch_check.key2_low_cnt  app.o
    0x200004a8        -       0x00000001   Zero   RW          505    .bss.task_bms.idx   bms_pro.o
    0x200004a9   COMPRESSED   0x00000003   PAD
    0x200004ac        -       0x00000004   Zero   RW          328    .bss.task_debug.i   debug.o
    0x200004b0        -       0x00000002   Zero   RW          265    .bss.u16_nack_flag  bms.o
    0x200004b2        -       0x00000001   Zero   RW          139    .bss.usba_app.oc_cnt  app.o
    0x200004b3   COMPRESSED   0x00000001   PAD
    0x200004b4        -       0x00000002   Zero   RW          141    .bss.usba_app.recover_cnt  app.o
    0x200004b6        -       0x00000002   Zero   RW          138    .bss.usba_app.small_cur_cnt  app.o
    0x200004b8        -       0x00000001   Zero   RW          276    .bss.value_PFStatusA  bms.o
    0x200004b9        -       0x00000001   Zero   RW          277    .bss.value_PFStatusB  bms.o
    0x200004ba        -       0x00000001   Zero   RW          278    .bss.value_PFStatusC  bms.o
    0x200004bb        -       0x00000001   Zero   RW          273    .bss.value_SafetyStatusA  bms.o
    0x200004bc        -       0x00000001   Zero   RW          274    .bss.value_SafetyStatusB  bms.o
    0x200004bd        -       0x00000001   Zero   RW          275    .bss.value_SafetyStatusC  bms.o
    0x200004be        -       0x00000002   Zero   RW          263    .bss.write_nack     bms.o
    0x200004c0        -       0x00000002   Zero   RW          268    .bss.write_res      bms.o
    0x200004c2        -       0x00000004   Zero   RW          144    .bss.xbms           app.o
    0x200004c6   COMPRESSED   0x00000002   PAD
    0x200004c8        -       0x00000800   Zero   RW         1039    STACK               startup_cs32f103xb.o


==============================================================================

Image component sizes


      Code (inc. data)   RO Data    RW Data    ZI Data      Debug   Object Name

       712          0          0          0          0       2294   adc.o
      2748          0        156         56         19       7128   app.o
      3066          0          6        435        113      10591   bms.o
       482         20          0          0         15       3682   bms_pro.o
       406          0          0          0         39       3489   communication.o
       780          0         31        144         12       2168   coulomp.o
       360          0          0          0          0       3442   cs32f10x_adc.o
       560          0          0          0          0       3237   cs32f10x_gpio.o
       286          0          0          0          0       2596   cs32f10x_it.o
       178          0          0          0          0       3324   cs32f10x_misc.o
        94          0          0          0          0       3375   cs32f10x_pmu.o
       396          0         20          0          0       4370   cs32f10x_rcu.o
       110          0          0          0          0       8812   cs32f10x_tim.o
       174          0          0          0          0       4237   cs32f10x_usart.o
       304          0        282         72          4       1301   debug.o
      1096          0         21          0          0       5481   iic.o
      1050          0          0          0          0       6884   init.o
       678          0          0          0          8       2052   key.o
      4476         64        125         60          0       6547   led.o
       250          0         28          0          0       1489   main.o
       676          0         26          0        105       2563   queue.o
        36          8        236          0       2048        840   startup_cs32f103xb.o
       400          0          0          4          0       2985   system_cs32f10x.o
       274          0          0        109          0       1134   task.o

    ----------------------------------------------------------------------
     19736         92        966        888       2380      94021   Object Totals
         0          0         32          0          0          0   (incl. Generated)
       144          0          3          8         17          0   (incl. Padding)

    ----------------------------------------------------------------------

      Code (inc. data)   RO Data    RW Data    ZI Data      Debug   Library Member Name

        86          0          0          0          0          0   __dczerorl2.o
         0          0          0          0          0          0   entry.o
         0          0          0          0          0          0   entry10a.o
         0          0          0          0          0          0   entry11a.o
         8          4          0          0          0          0   entry2.o
         4          0          0          0          0          0   entry5.o
         0          0          0          0          0          0   entry7b.o
         0          0          0          0          0          0   entry8b.o
         8          4          0          0          0          0   entry9a.o
        30          0          0          0          0          0   handlers.o
        48         10          0          0          0         68   init.o
         0          0          0          0          0          0   iusefp.o
        30          0          0          0          0         68   llshl.o
        36          0          0          0          0         68   llsshr.o
        32          0          0          0          0         68   llushr.o
      2258         90          0          0          0        452   printfa.o
         0          0          0          4          0          0   stdout.o
        44          0          0          0          0         80   uidiv.o
        98          0          0          0          0         92   uldiv.o
        48          0          0          0          0         68   cdrcmple.o
       334          0          0          0          0        148   dadd.o
       222          0          0          0          0        100   ddiv.o
       186          0          0          0          0        176   depilogue.o
        62          0          0          0          0         80   dfixi.o
        48          0          0          0          0         68   dfixul.o
        34          0          0          0          0         76   dflti.o
       228          0          0          0          0         96   dmul.o
       176          0          0          0          0        140   fadd.o
        28          0          0          0          0         68   fcmple.o
        28          0          0          0          0         68   fcmplt.o
       124          0          0          0          0         88   fdiv.o
       110          0          0          0          0        168   fepilogue.o
        50          0          0          0          0         68   ffixi.o
        18          0          0          0          0         68   fflti.o
       100          0          0          0          0         76   fmul.o

    ----------------------------------------------------------------------
      4482        108          0          4          0       2452   Library Totals
         4          0          0          0          0          0   (incl. Padding)

    ----------------------------------------------------------------------

      Code (inc. data)   RO Data    RW Data    ZI Data      Debug   Library Name

      2682        108          0          4          0        896   mc_w.l
      1796          0          0          0          0       1556   mf_w.l

    ----------------------------------------------------------------------
      4482        108          0          4          0       2452   Library Totals

    ----------------------------------------------------------------------

==============================================================================


      Code (inc. data)   RO Data    RW Data    ZI Data      Debug   

     24218        200        966        892       2380      95017   Grand Totals
     24218        200        966        560       2380      95017   ELF Image Totals (compressed)
     24218        200        966        560          0          0   ROM Totals

==============================================================================

    Total RO  Size (Code + RO Data)                25184 (  24.59kB)
    Total RW  Size (RW Data + ZI Data)              3272 (   3.20kB)
    Total ROM Size (Code + RO Data + RW Data)      25744 (  25.14kB)

==============================================================================

