Component: Arm Compiler for Embedded 6.22 Tool: armlink [5ee90200]

==============================================================================

Section Cross References

    main.o(.text.main) refers to main.o(.text.delay) for delay
    main.o(.text.main) refers to init.o(.text.tick_init) for tick_init
    main.o(.text.main) refers to init.o(.text.uart_init) for uart_init
    main.o(.text.main) refers to init.o(.text.log_init) for log_init
    main.o(.text.main) refers to key.o(.text.key_init) for key_init
    main.o(.text.main) refers to adc.o(.text.adc_init_) for adc_init_
    main.o(.text.main) refers to init.o(.text.tim_init) for tim_init
    main.o(.text.main) refers to iic.o(.text.i2c_init_2) for i2c_init_2
    main.o(.text.main) refers to init.o(.text.other_io_init) for other_io_init
    main.o(.text.main) refers to bms.o(.text.bms_init) for bms_init
    main.o(.text.main) refers to app.o(.bss.xbms) for xbms
    main.o(.text.main) refers to main.o(.rodata.str1.1) for .L.str
    main.o(.text.main) refers to printfa.o(i.__0printf) for printf
    main.o(.text.main) refers to led.o(.text.led_init) for led_init
    main.o(.text.main) refers to init.o(.text.exti_init) for exti_init
    main.o(.text.main) refers to init.o(.text.nvic_configuration) for nvic_configuration
    main.o(.text.main) refers to cs32f10x_gpio.o(.text.gpio_pin_remap_config) for gpio_pin_remap_config
    main.o(.text.main) refers to app.o(.data.sys) for sys
    main.o(.text.main) refers to task.o(.text.Task_Pro_Handler_Callback) for Task_Pro_Handler_Callback
    main.o(.ARM.exidx.text.main) refers to main.o(.text.main) for [Anonymous Symbol]
    main.o(.ARM.exidx.text.delay) refers to main.o(.text.delay) for [Anonymous Symbol]
    main.o(.ARM.exidx.text.led1_toggle) refers to main.o(.text.led1_toggle) for [Anonymous Symbol]
    main.o(.ARM.exidx.text.led2_toggle) refers to main.o(.text.led2_toggle) for [Anonymous Symbol]
    cs32f10x_it.o(.ARM.exidx.text.NMI_Handler) refers to cs32f10x_it.o(.text.NMI_Handler) for [Anonymous Symbol]
    cs32f10x_it.o(.ARM.exidx.text.HardFault_Handler) refers to cs32f10x_it.o(.text.HardFault_Handler) for [Anonymous Symbol]
    cs32f10x_it.o(.ARM.exidx.text.MemManage_Handler) refers to cs32f10x_it.o(.text.MemManage_Handler) for [Anonymous Symbol]
    cs32f10x_it.o(.ARM.exidx.text.BusFault_Handler) refers to cs32f10x_it.o(.text.BusFault_Handler) for [Anonymous Symbol]
    cs32f10x_it.o(.ARM.exidx.text.UsageFault_Handler) refers to cs32f10x_it.o(.text.UsageFault_Handler) for [Anonymous Symbol]
    cs32f10x_it.o(.ARM.exidx.text.SVC_Handler) refers to cs32f10x_it.o(.text.SVC_Handler) for [Anonymous Symbol]
    cs32f10x_it.o(.ARM.exidx.text.DebugMon_Handler) refers to cs32f10x_it.o(.text.DebugMon_Handler) for [Anonymous Symbol]
    cs32f10x_it.o(.ARM.exidx.text.PendSV_Handler) refers to cs32f10x_it.o(.text.PendSV_Handler) for [Anonymous Symbol]
    cs32f10x_it.o(.text.SysTick_Handler) refers to task.o(.text.Task_Marks_Handler_Callback) for Task_Marks_Handler_Callback
    cs32f10x_it.o(.ARM.exidx.text.SysTick_Handler) refers to cs32f10x_it.o(.text.SysTick_Handler) for [Anonymous Symbol]
    cs32f10x_it.o(.text.USART3_IRQHandler) refers to queue.o(.bss.rxBuffer) for rxBuffer
    cs32f10x_it.o(.text.USART3_IRQHandler) refers to queue.o(.text.circ_buffer_push) for circ_buffer_push
    cs32f10x_it.o(.ARM.exidx.text.USART3_IRQHandler) refers to cs32f10x_it.o(.text.USART3_IRQHandler) for [Anonymous Symbol]
    cs32f10x_it.o(.text.TIM1_UP_IRQHandler) refers to led.o(.data.led) for led
    cs32f10x_it.o(.text.TIM1_UP_IRQHandler) refers to led.o(.text.led_pwm_control) for led_pwm_control
    cs32f10x_it.o(.ARM.exidx.text.TIM1_UP_IRQHandler) refers to cs32f10x_it.o(.text.TIM1_UP_IRQHandler) for [Anonymous Symbol]
    cs32f10x_it.o(.text.EXTI4_IRQHandler) refers to app.o(.data.sys) for sys
    cs32f10x_it.o(.ARM.exidx.text.EXTI4_IRQHandler) refers to cs32f10x_it.o(.text.EXTI4_IRQHandler) for [Anonymous Symbol]
    init.o(.text.log_init) refers to cs32f10x_gpio.o(.text.gpio_mode_config) for gpio_mode_config
    init.o(.text.log_init) refers to cs32f10x_usart.o(.text.usart_init) for usart_init
    init.o(.ARM.exidx.text.log_init) refers to init.o(.text.log_init) for [Anonymous Symbol]
    init.o(.ARM.exidx.text.fputc) refers to init.o(.text.fputc) for [Anonymous Symbol]
    init.o(.ARM.exidx.text.fgetc) refers to init.o(.text.fgetc) for [Anonymous Symbol]
    init.o(.text.uart_init) refers to cs32f10x_gpio.o(.text.gpio_mode_config) for gpio_mode_config
    init.o(.text.uart_init) refers to cs32f10x_usart.o(.text.usart_init) for usart_init
    init.o(.ARM.exidx.text.uart_init) refers to init.o(.text.uart_init) for [Anonymous Symbol]
    init.o(.text.other_io_init) refers to cs32f10x_gpio.o(.text.gpio_mode_config) for gpio_mode_config
    init.o(.ARM.exidx.text.other_io_init) refers to init.o(.text.other_io_init) for [Anonymous Symbol]
[...]
    ../clib/microlib/string/memcpy.c         0x00000000   Number         0  memcpya.o ABSOLUTE
    ../clib/microlib/string/memcpy.c         0x00000000   Number         0  memcpyb.o ABSOLUTE
    ../clib/microlib/string/memset.c         0x00000000   Number         0  memseta.o ABSOLUTE
    ../clib/microlib/stubs.s                 0x00000000   Number         0  iusefp.o ABSOLUTE
    ../fplib/microlib/fpadd.c                0x00000000   Number         0  dadd.o ABSOLUTE
    ../fplib/microlib/fpdiv.c                0x00000000   Number         0  ddiv.o ABSOLUTE
    ../fplib/microlib/fpepilogue.c           0x00000000   Number         0  depilogue.o ABSOLUTE
    ../fplib/microlib/fpfix.c                0x00000000   Number         0  dfixi.o ABSOLUTE
    ../fplib/microlib/fpfix.c                0x00000000   Number         0  dfixul.o ABSOLUTE
    ../fplib/microlib/fpflt.c                0x00000000   Number         0  dflti.o ABSOLUTE
    ../fplib/microlib/fpmul.c                0x00000000   Number         0  dmul.o ABSOLUTE
    RTE/Device/CS32F103VB/startup_cs32f103xb.s 0x00000000   Number         0  startup_cs32f103xb.o ABSOLUTE
    adc.c                                    0x00000000   Number         0  adc.o ABSOLUTE
    app.c                                    0x00000000   Number         0  app.o ABSOLUTE
    bms.c                                    0x00000000   Number         0  bms.o ABSOLUTE
    bms_pro.c                                0x00000000   Number         0  bms_pro.o ABSOLUTE
    cdrcmple.s                               0x00000000   Number         0  cdrcmple.o ABSOLUTE
    communication.c                          0x00000000   Number         0  communication.o ABSOLUTE
    cs32f10x_adc.c                           0x00000000   Number         0  cs32f10x_adc.o ABSOLUTE
    cs32f10x_bkp.c                           0x00000000   Number         0  cs32f10x_bkp.o ABSOLUTE
    cs32f10x_can.c                           0x00000000   Number         0  cs32f10x_can.o ABSOLUTE
    cs32f10x_crc.c                           0x00000000   Number         0  cs32f10x_crc.o ABSOLUTE
    cs32f10x_debug.c                         0x00000000   Number         0  cs32f10x_debug.o ABSOLUTE
    cs32f10x_dma.c                           0x00000000   Number         0  cs32f10x_dma.o ABSOLUTE
    cs32f10x_exti.c                          0x00000000   Number         0  cs32f10x_exti.o ABSOLUTE
    cs32f10x_flash.c                         0x00000000   Number         0  cs32f10x_flash.o ABSOLUTE
    cs32f10x_fwdt.c                          0x00000000   Number         0  cs32f10x_fwdt.o ABSOLUTE
    cs32f10x_gpio.c                          0x00000000   Number         0  cs32f10x_gpio.o ABSOLUTE
    cs32f10x_i2c.c                           0x00000000   Number         0  cs32f10x_i2c.o ABSOLUTE
    cs32f10x_it.c                            0x00000000   Number         0  cs32f10x_it.o ABSOLUTE
    cs32f10x_misc.c                          0x00000000   Number         0  cs32f10x_misc.o ABSOLUTE
    cs32f10x_pmu.c                           0x00000000   Number         0  cs32f10x_pmu.o ABSOLUTE
    cs32f10x_rcu.c                           0x00000000   Number         0  cs32f10x_rcu.o ABSOLUTE
    cs32f10x_rtc.c                           0x00000000   Number         0  cs32f10x_rtc.o ABSOLUTE
    cs32f10x_spi.c                           0x00000000   Number         0  cs32f10x_spi.o ABSOLUTE
    cs32f10x_tim.c                           0x00000000   Number         0  cs32f10x_tim.o ABSOLUTE
    cs32f10x_usart.c                         0x00000000   Number         0  cs32f10x_usart.o ABSOLUTE
    cs32f10x_wwdt.c                          0x00000000   Number         0  cs32f10x_wwdt.o ABSOLUTE
    dc.s                                     0x00000000   Number         0  dc.o ABSOLUTE
    debug.c                                  0x00000000   Number         0  debug.o ABSOLUTE
    handlers.s                               0x00000000   Number         0  handlers.o ABSOLUTE
    iic.c                                    0x00000000   Number         0  iic.o ABSOLUTE
    init.c                                   0x00000000   Number         0  init.o ABSOLUTE
    init.s                                   0x00000000   Number         0  init.o ABSOLUTE
    key.c                                    0x00000000   Number         0  key.o ABSOLUTE
    led.c                                    0x00000000   Number         0  led.o ABSOLUTE
    main.c                                   0x00000000   Number         0  main.o ABSOLUTE
    queue.c                                  0x00000000   Number         0  queue.o ABSOLUTE
    system_cs32f10x.c                        0x00000000   Number         0  system_cs32f10x.o ABSOLUTE
    task.c                                   0x00000000   Number         0  task.o ABSOLUTE
    RESET                                    0x08000000   Section      236  startup_cs32f103xb.o(RESET)
    .ARM.Collect$$$$00000000                 0x080000ec   Section        0  entry.o(.ARM.Collect$$$$00000000)
    .ARM.Collect$$$$00000001                 0x080000ec   Section        4  entry2.o(.ARM.Collect$$$$00000001)
    .ARM.Collect$$$$00000004                 0x080000f0   Section        4  entry5.o(.ARM.Collect$$$$00000004)
    .ARM.Collect$$$$00000008                 0x080000f4   Section        0  entry7b.o(.ARM.Collect$$$$00000008)
    .ARM.Collect$$$$0000000A                 0x080000f4   Section        0  entry8b.o(.ARM.Collect$$$$0000000A)
    .ARM.Collect$$$$0000000B                 0x080000f4   Section        8  entry9a.o(.ARM.Collect$$$$0000000B)
    __lit__00000000                          0x080000fc   Data           4  entry2.o(.ARM.Collect$$$$00002712)
    .ARM.Collect$$$$0000000D                 0x080000fc   Section        0  entry10a.o(.ARM.Collect$$$$0000000D)
    .ARM.Collect$$$$0000000F                 0x080000fc   Section        0  entry11a.o(.ARM.Collect$$$$0000000F)
    .ARM.Collect$$$$00002712                 0x080000fc   Section        4  entry2.o(.ARM.Collect$$$$00002712)
    .text                                    0x08000100   Section       36  startup_cs32f103xb.o(.text)
    .text                                    0x08000124   Section        0  dmul.o(.text)
    .text                                    0x08000208   Section        0  ddiv.o(.text)
    .text                                    0x080002e6   Section        0  dflti.o(.text)
    .text                                    0x08000308   Section        0  dfixi.o(.text)
    .text                                    0x08000346   Section        0  uidiv.o(.text)
    .text                                    0x08000372   Section        0  uldiv.o(.text)
    .text                                    0x080003d4   Section        0  llushr.o(.text)
    .text                                    0x080003f4   Section        0  iusefp.o(.text)
    .text                                    0x080003f4   Section        0  depilogue.o(.text)
    .text                                    0x080004ae   Section        0  dadd.o(.text)
    .text                                    0x080005fc   Section        0  dfixul.o(.text)
    .text                                    0x0800062c   Section       48  cdrcmple.o(.text)
    .text                                    0x0800065c   Section       48  init.o(.text)
    .text                                    0x0800068c   Section        0  llshl.o(.text)
    .text                                    0x080006aa   Section        0  llsshr.o(.text)
    .text                                    0x080006ce   Section        0  __dczerorl2.o(.text)
    [Anonymous Symbol]                       0x08000724   Section        0  bms.o(.text.BMS_FET_ENABLE)
    [Anonymous Symbol]                       0x0800076c   Section        0  bms.o(.text.BQ769x2_CHG_OFF)
    [Anonymous Symbol]                       0x0800077c   Section        0  bms.o(.text.BQ769x2_DSG_OFF)
    [Anonymous Symbol]                       0x0800078c   Section        0  bms.o(.text.BQ769x2_Init)
    [Anonymous Symbol]                       0x080007fc   Section        0  bms.o(.text.BQ769x2_ReadAlarmRaw)
    [Anonymous Symbol]                       0x08000814   Section        0  bms.o(.text.BQ769x2_ReadAlarmStatus)
    [Anonymous Symbol]                       0x0800082c   Section        0  bms.o(.text.BQ769x2_ReadAllVoltages)
    [Anonymous Symbol]                       0x0800089c   Section        0  bms.o(.text.BQ769x2_ReadCurrent)
    [Anonymous Symbol]                       0x080008b8   Section        0  bms.o(.text.BQ769x2_ReadFETStatus)
    [Anonymous Symbol]                       0x08000924   Section        0  bms.o(.text.BQ769x2_ReadPFStatusA)
    [Anonymous Symbol]                       0x08000948   Section        0  bms.o(.text.BQ769x2_ReadPFStatusB)
    [Anonymous Symbol]                       0x0800096c   Section        0  bms.o(.text.BQ769x2_ReadPFStatusC)
    [Anonymous Symbol]                       0x08000990   Section        0  bms.o(.text.BQ769x2_ReadSafetyStatusA)
    [Anonymous Symbol]                       0x08000a14   Section        0  bms.o(.text.BQ769x2_ReadSafetyStatusB)
    [Anonymous Symbol]                       0x08000a48   Section        0  bms.o(.text.BQ769x2_ReadSafetyStatusC)
    [Anonymous Symbol]                       0x08000ab8   Section        0  bms.o(.text.BQ769x2_ReadTemperature)
    [Anonymous Symbol]                       0x08000adc   Section        0  bms.o(.text.BQ769x2_ReadVoltage)
    [Anonymous Symbol]                       0x08000b2c   Section        0  bms.o(.text.BQ769x2_Read_Vcells_123)
    [Anonymous Symbol]                       0x08000b40   Section        0  bms.o(.text.BQ769x2_Read_Vcells_5)
    [Anonymous Symbol]                       0x08000b58   Section        0  bms.o(.text.BQ769x2_Read_Vcells_7)
    [Anonymous Symbol]                       0x08000b70   Section        0  bms.o(.text.BQ769x2_Read_Vcells_9)
    [Anonymous Symbol]                       0x08000b88   Section        0  bms.o(.text.BQ769x2_ReleaseShutdownPin)
    [Anonymous Symbol]                       0x08000b98   Section        0  bms.o(.text.BQ769x2_SetRegister)
    [Anonymous Symbol]                       0x08000ccc   Section        0  bms.o(.text.BSWBq769x2ReadBatteryStatus)
    [Anonymous Symbol]                       0x08000cf4   Section        0  cs32f10x_it.o(.text.BusFault_Handler)
    [Anonymous Symbol]                       0x08000cf8   Section        0  bms.o(.text.CRC8)
    [Anonymous Symbol]                       0x08000d90   Section        0  bms.o(.text.Checksum)
    [Anonymous Symbol]                       0x08000de4   Section        0  bms.o(.text.CommandSubcommands)
    [Anonymous Symbol]                       0x08000e10   Section        0  cs32f10x_it.o(.text.DebugMon_Handler)
    [Anonymous Symbol]                       0x08000e14   Section        0  bms.o(.text.DirectCommands)
    [Anonymous Symbol]                       0x08000e7c   Section        0  cs32f10x_it.o(.text.EXTI4_IRQHandler)
    [Anonymous Symbol]                       0x08000ec8   Section        0  cs32f10x_it.o(.text.HardFault_Handler)
    [Anonymous Symbol]                       0x08000ecc   Section        0  iic.o(.text.I2C_ReadMulti)
    [Anonymous Symbol]                       0x08000f6c   Section        0  bms.o(.text.I2C_ReadReg)
    [Anonymous Symbol]                       0x08001064   Section        0  iic.o(.text.I2C_ReceiveByte)
    [Anonymous Symbol]                       0x0800111c   Section        0  iic.o(.text.I2C_SendAck)
    [Anonymous Symbol]                       0x08001168   Section        0  iic.o(.text.I2C_SendByte)
    [Anonymous Symbol]                       0x0800121c   Section        0  iic.o(.text.I2C_Start)
    [Anonymous Symbol]                       0x08001250   Section        0  iic.o(.text.I2C_Stop)
    [Anonymous Symbol]                       0x080012a0   Section        0  iic.o(.text.I2C_WaitAck)
    [Anonymous Symbol]                       0x08001358   Section        0  iic.o(.text.I2C_WriteMulti)
    [Anonymous Symbol]                       0x080013c8   Section        0  bms.o(.text.I2C_WriteReg)
    [Anonymous Symbol]                       0x080014b4   Section        0  bms.o(.text.IIC_ReadData)
    [Anonymous Symbol]                       0x080014dc   Section        0  bms.o(.text.IIC_WriteData)
    [Anonymous Symbol]                       0x08001504   Section        0  cs32f10x_it.o(.text.MemManage_Handler)
    [Anonymous Symbol]                       0x08001508   Section        0  cs32f10x_it.o(.text.NMI_Handler)
    [Anonymous Symbol]                       0x0800150c   Section        0  cs32f10x_it.o(.text.PendSV_Handler)
    [Anonymous Symbol]                       0x08001510   Section        0  queue.o(.text.ProcessData1)
    [Anonymous Symbol]                       0x080015d8   Section        0  queue.o(.text.ProcessPacket)
    [Anonymous Symbol]                       0x080016ec   Section        0  cs32f10x_it.o(.text.SVC_Handler)
    SetSysClock                              0x080016f1   Thumb Code     8  system_cs32f10x.o(.text.SetSysClock)
    [Anonymous Symbol]                       0x080016f0   Section        0  system_cs32f10x.o(.text.SetSysClock)
    [Anonymous Symbol]                       0x080016f8   Section        0  bms.o(.text.Subcommands)
    SysTick_Config                           0x080017ed   Thumb Code    82  init.o(.text.SysTick_Config)
    [Anonymous Symbol]                       0x080017ec   Section        0  init.o(.text.SysTick_Config)
    [Anonymous Symbol]                       0x08001840   Section        0  cs32f10x_it.o(.text.SysTick_Handler)
    [Anonymous Symbol]                       0x08001848   Section        0  system_cs32f10x.o(.text.SystemInit)
    [Anonymous Symbol]                       0x080018b0   Section        0  cs32f10x_it.o(.text.TIM1_UP_IRQHandler)
    [Anonymous Symbol]                       0x080018d0   Section        0  task.o(.text.Task_Marks_Handler_Callback)
    [Anonymous Symbol]                       0x08001970   Section        0  task.o(.text.Task_Pro_Handler_Callback)
    [Anonymous Symbol]                       0x080019e4   Section        0  cs32f10x_it.o(.text.USART3_IRQHandler)
    [Anonymous Symbol]                       0x08001a48   Section        0  cs32f10x_it.o(.text.UsageFault_Handler)
    __NVIC_EnableIRQ                         0x08001a4d   Thumb Code    48  init.o(.text.__NVIC_EnableIRQ)
    [Anonymous Symbol]                       0x08001a4c   Section        0  init.o(.text.__NVIC_EnableIRQ)
    __NVIC_SetPriority                       0x08001a7d   Thumb Code    66  init.o(.text.__NVIC_SetPriority)
    [Anonymous Symbol]                       0x08001a7c   Section        0  init.o(.text.__NVIC_SetPriority)
    [Anonymous Symbol]                       0x08001ac0   Section        0  cs32f10x_adc.o(.text.adc_init)
    [Anonymous Symbol]                       0x08001b24   Section        0  adc.o(.text.adc_init_)
    [Anonymous Symbol]                       0x08001c8c   Section        0  cs32f10x_adc.o(.text.adc_regular_channel_config)
    [Anonymous Symbol]                       0x08001d70   Section        0  cs32f10x_adc.o(.text.adc_struct_init)
    [Anonymous Symbol]                       0x08001d94   Section        0  bms.o(.text.bms_init)
    [Anonymous Symbol]                       0x08001e34   Section        0  queue.o(.text.circ_buffer_pop)
    [Anonymous Symbol]                       0x08001e8c   Section        0  queue.o(.text.circ_buffer_push)
    [Anonymous Symbol]                       0x08001ef0   Section        0  main.o(.text.delay)
    [Anonymous Symbol]                       0x08001f0c   Section        0  bms.o(.text.delay_us_2ms)
    [Anonymous Symbol]                       0x08001f28   Section        0  init.o(.text.exti_init)
    [Anonymous Symbol]                       0x08001f84   Section        0  led.o(.text.f_led_alloff)
    [Anonymous Symbol]                       0x08001fac   Section        0  led.o(.text.f_led_charge)
    [Anonymous Symbol]                       0x08001fe0   Section        0  led.o(.text.f_led_discharge)
    [Anonymous Symbol]                       0x08002010   Section        0  led.o(.text.f_led_health)
    [Anonymous Symbol]                       0x0800203c   Section        0  led.o(.text.f_led_port_normal)
    [Anonymous Symbol]                       0x08002064   Section        0  led.o(.text.f_led_port_warning)
    [Anonymous Symbol]                       0x08002090   Section        0  led.o(.text.f_led_show_battery)
    [Anonymous Symbol]                       0x080020c0   Section        0  app.o(.text.f_uaba_close)
    [Anonymous Symbol]                       0x080020f8   Section        0  app.o(.text.f_uaba_fault_ov)
    [Anonymous Symbol]                       0x08002130   Section        0  app.o(.text.f_uaba_open)
    [Anonymous Symbol]                       0x08002168   Section        0  init.o(.text.fputc)
    [Anonymous Symbol]                       0x080021a0   Section        0  cs32f10x_gpio.o(.text.gpio_exti_pin_config)
    [Anonymous Symbol]                       0x080021f4   Section        0  cs32f10x_gpio.o(.text.gpio_mode_config)
    [Anonymous Symbol]                       0x0800239c   Section        0  cs32f10x_gpio.o(.text.gpio_pin_remap_config)
    [Anonymous Symbol]                       0x080023d0   Section        0  iic.o(.text.i2c_init_2)
    [Anonymous Symbol]                       0x0800241c   Section        0  app.o(.text.key_fast_switch)
    [Anonymous Symbol]                       0x080024cc   Section        0  key.o(.text.key_init)
    [Anonymous Symbol]                       0x08002520   Section        0  app.o(.text.led_app)
    [Anonymous Symbol]                       0x08002658   Section        0  led.o(.text.led_bat_show)
    [Anonymous Symbol]                       0x08003158   Section        0  led.o(.text.led_init)
    [Anonymous Symbol]                       0x08003284   Section        0  led.o(.text.led_port_show)
    [Anonymous Symbol]                       0x0800346c   Section        0  led.o(.text.led_pwm_control)
    [Anonymous Symbol]                       0x08003570   Section        0  bms.o(.text.load_bms_init_array)
    [Anonymous Symbol]                       0x080035d0   Section        0  init.o(.text.log_init)
    [Anonymous Symbol]                       0x08003648   Section        0  main.o(.text.main)
    [Anonymous Symbol]                       0x08003708   Section        0  init.o(.text.nvic_configuration)
    [Anonymous Symbol]                       0x08003760   Section        0  cs32f10x_misc.o(.text.nvic_init)
    [Anonymous Symbol]                       0x080037f8   Section        0  cs32f10x_misc.o(.text.nvic_priority_group_config)
    [Anonymous Symbol]                       0x08003814   Section        0  init.o(.text.other_io_init)
    portA_plug_check                         0x080038a5   Thumb Code   100  app.o(.text.portA_plug_check)
    [Anonymous Symbol]                       0x080038a4   Section        0  app.o(.text.portA_plug_check)
    [Anonymous Symbol]                       0x08003908   Section        0  cs32f10x_rcu.o(.text.rcu_adcclk_config)
    [Anonymous Symbol]                       0x08003924   Section        0  cs32f10x_rcu.o(.text.rcu_clk_freq_get)
    set_sysclk_freq_72M                      0x08003a95   Thumb Code   290  system_cs32f10x.o(.text.set_sysclk_freq_72M)
    [Anonymous Symbol]                       0x08003a94   Section        0  system_cs32f10x.o(.text.set_sysclk_freq_72M)
    [Anonymous Symbol]                       0x08003bb8   Section        0  app.o(.text.sys_pow_on_off_deal)
    [Anonymous Symbol]                       0x08003c48   Section        0  app.o(.text.sys_switch_check)
    [Anonymous Symbol]                       0x08003cec   Section        0  adc.o(.text.task_adc)
    [Anonymous Symbol]                       0x08003e50   Section        0  app.o(.text.task_app)
    [Anonymous Symbol]                       0x08003e78   Section        0  bms_pro.o(.text.task_bms)
    [Anonymous Symbol]                       0x08004038   Section        0  communication.o(.text.task_com_rx)
    [Anonymous Symbol]                       0x08004048   Section        0  communication.o(.text.task_com_tx)
    [Anonymous Symbol]                       0x0800415c   Section        0  debug.o(.text.task_debug)
    [Anonymous Symbol]                       0x080044c0   Section        0  key.o(.text.task_key)
    [Anonymous Symbol]                       0x08004704   Section        0  led.o(.text.task_led)
    [Anonymous Symbol]                       0x08004720   Section        0  init.o(.text.tick_init)
    [Anonymous Symbol]                       0x08004748   Section        0  cs32f10x_tim.o(.text.tim_base_init)
    [Anonymous Symbol]                       0x080047b8   Section        0  init.o(.text.tim_init)
    [Anonymous Symbol]                       0x0800482c   Section        0  communication.o(.text.transmit_data)
    [Anonymous Symbol]                       0x0800488c   Section        0  bms.o(.text.turn_to_CFGUPDATE)
    [Anonymous Symbol]                       0x0800490c   Section        0  init.o(.text.uart_init)
    [Anonymous Symbol]                       0x08004990   Section        0  cs32f10x_usart.o(.text.usart_init)
    [Anonymous Symbol]                       0x08004a40   Section        0  app.o(.text.usba_app)
    i.__0printf                              0x08004d18   Section        0  printfa.o(i.__0printf)
    i.__scatterload_copy                     0x08004d38   Section       14  handlers.o(i.__scatterload_copy)
    i.__scatterload_null                     0x08004d46   Section        2  handlers.o(i.__scatterload_null)
    i.__scatterload_zeroinit                 0x08004d48   Section       14  handlers.o(i.__scatterload_zeroinit)
    _fp_digits                               0x08004d59   Thumb Code   366  printfa.o(i._fp_digits)
    i._fp_digits                             0x08004d58   Section        0  printfa.o(i._fp_digits)
    _printf_core                             0x08004edd   Thumb Code  1744  printfa.o(i._printf_core)
    i._printf_core                           0x08004edc   Section        0  printfa.o(i._printf_core)
    _printf_post_padding                     0x080055b9   Thumb Code    36  printfa.o(i._printf_post_padding)
    i._printf_post_padding                   0x080055b8   Section        0  printfa.o(i._printf_post_padding)
    _printf_pre_padding                      0x080055dd   Thumb Code    46  printfa.o(i._printf_pre_padding)
    i._printf_pre_padding                    0x080055dc   Section        0  printfa.o(i._printf_pre_padding)
    ADC_pdiv_table                           0x0800560a   Data           4  cs32f10x_rcu.o(.rodata.ADC_pdiv_table)
    [Anonymous Symbol]                       0x0800560a   Section        0  cs32f10x_rcu.o(.rodata.ADC_pdiv_table)
    APBAHB_pdiv_table                        0x0800560e   Data          16  cs32f10x_rcu.o(.rodata.APBAHB_pdiv_table)
    [Anonymous Symbol]                       0x0800560e   Section        0  cs32f10x_rcu.o(.rodata.APBAHB_pdiv_table)
    .L.str.1                                 0x0800561e   Data          13  main.o(.rodata.str1.1)
    [Anonymous Symbol]                       0x0800561e   Section        0  main.o(.rodata.str1.1)
    .L.str                                   0x0800562b   Data          15  main.o(.rodata.str1.1)
    .L.str                                   0x0800563a   Data           9  app.o(.rodata.str1.1)
    [Anonymous Symbol]                       0x0800563a   Section        0  app.o(.rodata.str1.1)
    .L.str                                   0x08005643   Data          13  app.o(.rodata.str1.1)
    .L.str.1                                 0x08005643   Data          13  app.o(.rodata.str1.1)
    .L.str.2                                 0x08005650   Data          14  app.o(.rodata.str1.1)
    .L.str                                   0x0800565e   Data           6  bms.o(.rodata.str1.1)
    [Anonymous Symbol]                       0x0800565e   Section        0  bms.o(.rodata.str1.1)
    .L.str.37                                0x08005664   Data          23  debug.o(.rodata.str1.1)
    [Anonymous Symbol]                       0x08005664   Section        0  debug.o(.rodata.str1.1)
    .L.str.17                                0x0800567b   Data          27  debug.o(.rodata.str1.1)
    .L.str.38                                0x08005696   Data          26  debug.o(.rodata.str1.1)
    .L.str.23                                0x080056b0   Data          15  debug.o(.rodata.str1.1)
    .L.str.36                                0x080056bf   Data          25  debug.o(.rodata.str1.1)
    .L.str.31                                0x080056d8   Data          20  debug.o(.rodata.str1.1)
    .L.str.28                                0x080056ec   Data          24  debug.o(.rodata.str1.1)
    .L.str.32                                0x08005704   Data          20  debug.o(.rodata.str1.1)
    .L.str.29                                0x08005718   Data          24  debug.o(.rodata.str1.1)
    .L.str.33                                0x08005730   Data          20  debug.o(.rodata.str1.1)
    .L.str.30                                0x08005744   Data          24  debug.o(.rodata.str1.1)
    .L.str.21                                0x0800575c   Data          44  debug.o(.rodata.str1.1)
    .L.str.20                                0x08005788   Data          31  debug.o(.rodata.str1.1)
    .L.str.26                                0x080057a7   Data          15  debug.o(.rodata.str1.1)
    .L.str.25                                0x080057b6   Data          17  debug.o(.rodata.str1.1)
    .L.str.24                                0x080057c7   Data          18  debug.o(.rodata.str1.1)
    .L.str.18                                0x080057d9   Data          19  debug.o(.rodata.str1.1)
    .L.str.14                                0x080057ec   Data          18  debug.o(.rodata.str1.1)
    .L.str.19                                0x080057fe   Data          13  debug.o(.rodata.str1.1)
    .L.str.35                                0x0800580b   Data          19  debug.o(.rodata.str1.1)
    .L.str.22                                0x0800581e   Data          14  debug.o(.rodata.str1.1)
    .L.str.34                                0x0800582c   Data          15  debug.o(.rodata.str1.1)
    .L.str.27                                0x0800583b   Data          17  debug.o(.rodata.str1.1)
    .L.str.13                                0x08005848   Data           4  debug.o(.rodata.str1.1)
    .L.str.15                                0x0800584c   Data          24  debug.o(.rodata.str1.1)
    .L.str.16                                0x08005864   Data          25  debug.o(.rodata.str1.1)
    .L.str.1                                 0x08005902   Data          14  led.o(.rodata.str1.1)
    [Anonymous Symbol]                       0x08005902   Section        0  led.o(.rodata.str1.1)
    .L.str                                   0x08005910   Data           6  queue.o(.rodata.str1.1)
    .L.str.3                                 0x08005910   Data          10  queue.o(.rodata.str1.1)
    [Anonymous Symbol]                       0x08005910   Section        0  queue.o(.rodata.str1.1)
    .L.str.1                                 0x08005916   Data           3  queue.o(.rodata.str1.1)
    .L.str.2                                 0x0800591a   Data          10  queue.o(.rodata.str1.1)
    .L.str                                   0x0800592a   Data          10  iic.o(.rodata.str1.1)
    .L.str.1                                 0x0800592a   Data          11  iic.o(.rodata.str1.1)
    [Anonymous Symbol]                       0x0800592a   Section        0  iic.o(.rodata.str1.1)
    .data                                    0x20000000   Section        4  stdout.o(.data)
    Task_Comps                               0x20000008   Data          96  task.o(.data.Task_Comps)
    [Anonymous Symbol]                       0x20000008   Section        0  task.o(.data.Task_Comps)
    ProcessData1.packet                      0x2000030e   Data          50  queue.o(.bss.ProcessData1.packet)
    [Anonymous Symbol]                       0x2000030e   Section        0  queue.o(.bss.ProcessData1.packet)
    ProcessData1.packetIndex                 0x20000340   Data           2  queue.o(.bss.ProcessData1.packetIndex)
    [Anonymous Symbol]                       0x20000340   Section        0  queue.o(.bss.ProcessData1.packetIndex)
    ProcessData1.receive_status              0x20000342   Data           1  queue.o(.bss.ProcessData1.receive_status)
    [Anonymous Symbol]                       0x20000342   Section        0  queue.o(.bss.ProcessData1.receive_status)
    key_fast_switch.last_level               0x20000397   Data           1  app.o(.bss.key_fast_switch.last_level)
    [Anonymous Symbol]                       0x20000397   Section        0  app.o(.bss.key_fast_switch.last_level)
    key_fast_switch.num                      0x20000398   Data           1  app.o(.bss.key_fast_switch.num)
    [Anonymous Symbol]                       0x20000398   Section        0  app.o(.bss.key_fast_switch.num)
    key_fast_switch.timer                    0x2000039a   Data           2  app.o(.bss.key_fast_switch.timer)
    [Anonymous Symbol]                       0x2000039a   Section        0  app.o(.bss.key_fast_switch.timer)
    portA_plug_check.cnt                     0x2000039e   Data           1  app.o(.bss.portA_plug_check.cnt)
    [Anonymous Symbol]                       0x2000039e   Section        0  app.o(.bss.portA_plug_check.cnt)
    sys_switch_check.key2_high_cnt           0x200003f0   Data           1  app.o(.bss.sys_switch_check.key2_high_cnt)
    [Anonymous Symbol]                       0x200003f0   Section        0  app.o(.bss.sys_switch_check.key2_high_cnt)
    sys_switch_check.key2_low_cnt            0x200003f1   Data           1  app.o(.bss.sys_switch_check.key2_low_cnt)
    [Anonymous Symbol]                       0x200003f1   Section        0  app.o(.bss.sys_switch_check.key2_low_cnt)
    task_bms.idx                             0x200003f2   Data           1  bms_pro.o(.bss.task_bms.idx)
    [Anonymous Symbol]                       0x200003f2   Section        0  bms_pro.o(.bss.task_bms.idx)
    task_debug.i                             0x200003f4   Data           4  debug.o(.bss.task_debug.i)
    [Anonymous Symbol]                       0x200003f4   Section        0  debug.o(.bss.task_debug.i)
    usba_app.oc_cnt                          0x200003fa   Data           1  app.o(.bss.usba_app.oc_cnt)
    [Anonymous Symbol]                       0x200003fa   Section        0  app.o(.bss.usba_app.oc_cnt)
    usba_app.recover_cnt                     0x200003fc   Data           2  app.o(.bss.usba_app.recover_cnt)
    [Anonymous Symbol]                       0x200003fc   Section        0  app.o(.bss.usba_app.recover_cnt)
    usba_app.small_cur_cnt                   0x200003fe   Data           2  app.o(.bss.usba_app.small_cur_cnt)
    [Anonymous Symbol]                       0x200003fe   Section        0  app.o(.bss.usba_app.small_cur_cnt)
    STACK                                    0x20000410   Section     2048  startup_cs32f103xb.o(STACK)

    Global Symbols

    Symbol Name                              Value     Ov Type        Size  Object(Section)

    BuildAttributes$$THM_ISAv4$P$D$K$B$S$PE$A:L22UL41UL21$X:L11$S22US41US21$IEEE1$IW$~IW$USESV6$~STKCKD$USESV7$~SHL$OSPACE$ROPI$EBA8$MICROLIB$REQ8$PRES8$EABIv2 0x00000000   Number         0  anon$$obj.o ABSOLUTE
    __cpp_initialize__aeabi_                  - Undefined Weak Reference
    __cxa_finalize                            - Undefined Weak Reference
    _clock_init                               - Undefined Weak Reference
    _microlib_exit                            - Undefined Weak Reference
    __Vectors_Size                           0x000000ec   Number         0  startup_cs32f103xb.o ABSOLUTE
    __Vectors                                0x08000000   Data           4  startup_cs32f103xb.o(RESET)
    __Vectors_End                            0x080000ec   Data           0  startup_cs32f103xb.o(RESET)
    __main                                   0x080000ed   Thumb Code     0  entry.o(.ARM.Collect$$$$00000000)
    _main_stk                                0x080000ed   Thumb Code     0  entry2.o(.ARM.Collect$$$$00000001)
    _main_scatterload                        0x080000f1   Thumb Code     0  entry5.o(.ARM.Collect$$$$00000004)
    __main_after_scatterload                 0x080000f5   Thumb Code     0  entry5.o(.ARM.Collect$$$$00000004)
    _main_clock                              0x080000f5   Thumb Code     0  entry7b.o(.ARM.Collect$$$$00000008)
    _main_cpp_init                           0x080000f5   Thumb Code     0  entry8b.o(.ARM.Collect$$$$0000000A)
    _main_init                               0x080000f5   Thumb Code     0  entry9a.o(.ARM.Collect$$$$0000000B)
    __rt_final_cpp                           0x080000fd   Thumb Code     0  entry10a.o(.ARM.Collect$$$$0000000D)
    __rt_final_exit                          0x080000fd   Thumb Code     0  entry11a.o(.ARM.Collect$$$$0000000F)
    Reset_Handler                            0x08000101   Thumb Code     8  startup_cs32f103xb.o(.text)
    ADC1_2_IRQHandler                        0x0800011b   Thumb Code     0  startup_cs32f103xb.o(.text)
    CAN1_RX1_IRQHandler                      0x0800011b   Thumb Code     0  startup_cs32f103xb.o(.text)
    CAN1_SCE_IRQHandler                      0x0800011b   Thumb Code     0  startup_cs32f103xb.o(.text)
    DMA1_Channel1_IRQHandler                 0x0800011b   Thumb Code     0  startup_cs32f103xb.o(.text)
    DMA1_Channel2_IRQHandler                 0x0800011b   Thumb Code     0  startup_cs32f103xb.o(.text)
    DMA1_Channel3_IRQHandler                 0x0800011b   Thumb Code     0  startup_cs32f103xb.o(.text)
    DMA1_Channel4_IRQHandler                 0x0800011b   Thumb Code     0  startup_cs32f103xb.o(.text)
    DMA1_Channel5_IRQHandler                 0x0800011b   Thumb Code     0  startup_cs32f103xb.o(.text)
    DMA1_Channel6_IRQHandler                 0x0800011b   Thumb Code     0  startup_cs32f103xb.o(.text)
    DMA1_Channel7_IRQHandler                 0x0800011b   Thumb Code     0  startup_cs32f103xb.o(.text)
    EXTI0_IRQHandler                         0x0800011b   Thumb Code     0  startup_cs32f103xb.o(.text)
    EXTI15_10_IRQHandler                     0x0800011b   Thumb Code     0  startup_cs32f103xb.o(.text)
    EXTI1_IRQHandler                         0x0800011b   Thumb Code     0  startup_cs32f103xb.o(.text)
    EXTI2_IRQHandler                         0x0800011b   Thumb Code     0  startup_cs32f103xb.o(.text)
    EXTI3_IRQHandler                         0x0800011b   Thumb Code     0  startup_cs32f103xb.o(.text)
    EXTI9_5_IRQHandler                       0x0800011b   Thumb Code     0  startup_cs32f103xb.o(.text)
    FLASH_IRQHandler                         0x0800011b   Thumb Code     0  startup_cs32f103xb.o(.text)
    I2C1_ER_IRQHandler                       0x0800011b   Thumb Code     0  startup_cs32f103xb.o(.text)
    I2C1_EV_IRQHandler                       0x0800011b   Thumb Code     0  startup_cs32f103xb.o(.text)
    I2C2_ER_IRQHandler                       0x0800011b   Thumb Code     0  startup_cs32f103xb.o(.text)
    I2C2_EV_IRQHandler                       0x0800011b   Thumb Code     0  startup_cs32f103xb.o(.text)
    PVD_IRQHandler                           0x0800011b   Thumb Code     0  startup_cs32f103xb.o(.text)
    RCU_IRQHandler                           0x0800011b   Thumb Code     0  startup_cs32f103xb.o(.text)
    RTCAlarm_IRQHandler                      0x0800011b   Thumb Code     0  startup_cs32f103xb.o(.text)
    RTC_IRQHandler                           0x0800011b   Thumb Code     0  startup_cs32f103xb.o(.text)
    SPI1_IRQHandler                          0x0800011b   Thumb Code     0  startup_cs32f103xb.o(.text)
    SPI2_IRQHandler                          0x0800011b   Thumb Code     0  startup_cs32f103xb.o(.text)
    TAMPER_IRQHandler                        0x0800011b   Thumb Code     0  startup_cs32f103xb.o(.text)
    TIM1_BRK_IRQHandler                      0x0800011b   Thumb Code     0  startup_cs32f103xb.o(.text)
    TIM1_CC_IRQHandler                       0x0800011b   Thumb Code     0  startup_cs32f103xb.o(.text)
    TIM1_TRG_COM_IRQHandler                  0x0800011b   Thumb Code     0  startup_cs32f103xb.o(.text)
    TIM2_IRQHandler                          0x0800011b   Thumb Code     0  startup_cs32f103xb.o(.text)
    TIM3_IRQHandler                          0x0800011b   Thumb Code     0  startup_cs32f103xb.o(.text)
    TIM4_IRQHandler                          0x0800011b   Thumb Code     0  startup_cs32f103xb.o(.text)
    USART1_IRQHandler                        0x0800011b   Thumb Code     0  startup_cs32f103xb.o(.text)
    USART2_IRQHandler                        0x0800011b   Thumb Code     0  startup_cs32f103xb.o(.text)
    USBWakeUp_IRQHandler                     0x0800011b   Thumb Code     0  startup_cs32f103xb.o(.text)
    USB_HP_CAN1_TX_IRQHandler                0x0800011b   Thumb Code     0  startup_cs32f103xb.o(.text)
    USB_LP_CAN1_RX0_IRQHandler               0x0800011b   Thumb Code     0  startup_cs32f103xb.o(.text)
    WWDT_IRQHandler                          0x0800011b   Thumb Code     0  startup_cs32f103xb.o(.text)
    __aeabi_dmul                             0x08000125   Thumb Code   228  dmul.o(.text)
    __aeabi_ddiv                             0x08000209   Thumb Code   222  ddiv.o(.text)
    __aeabi_i2d                              0x080002e7   Thumb Code    34  dflti.o(.text)
    __aeabi_d2iz                             0x08000309   Thumb Code    62  dfixi.o(.text)
    __aeabi_uidiv                            0x08000347   Thumb Code     0  uidiv.o(.text)
    __aeabi_uidivmod                         0x08000347   Thumb Code    44  uidiv.o(.text)
    __aeabi_uldivmod                         0x08000373   Thumb Code    98  uldiv.o(.text)
    __aeabi_llsr                             0x080003d5   Thumb Code    32  llushr.o(.text)
    _ll_ushift_r                             0x080003d5   Thumb Code     0  llushr.o(.text)
    __I$use$fp                               0x080003f5   Thumb Code     0  iusefp.o(.text)
    _double_round                            0x080003f5   Thumb Code    30  depilogue.o(.text)
    _double_epilogue                         0x08000413   Thumb Code   156  depilogue.o(.text)
    __aeabi_dadd                             0x080004af   Thumb Code   322  dadd.o(.text)
    __aeabi_dsub                             0x080005f1   Thumb Code     6  dadd.o(.text)
    __aeabi_drsub                            0x080005f7   Thumb Code     6  dadd.o(.text)
    __aeabi_d2ulz                            0x080005fd   Thumb Code    48  dfixul.o(.text)
    __aeabi_cdrcmple                         0x0800062d   Thumb Code    48  cdrcmple.o(.text)
    __scatterload                            0x0800065d   Thumb Code    38  init.o(.text)
    __scatterload_rt2                        0x0800065d   Thumb Code     0  init.o(.text)
    __aeabi_llsl                             0x0800068d   Thumb Code    30  llshl.o(.text)
    _ll_shift_l                              0x0800068d   Thumb Code     0  llshl.o(.text)
    __aeabi_lasr                             0x080006ab   Thumb Code    36  llsshr.o(.text)
    _ll_sshift_r                             0x080006ab   Thumb Code     0  llsshr.o(.text)
    __decompress                             0x080006cf   Thumb Code     0  __dczerorl2.o(.text)
    __decompress1                            0x080006cf   Thumb Code    86  __dczerorl2.o(.text)
    BMS_FET_ENABLE                           0x08000725   Thumb Code    70  bms.o(.text.BMS_FET_ENABLE)
    BQ769x2_CHG_OFF                          0x0800076d   Thumb Code    14  bms.o(.text.BQ769x2_CHG_OFF)
    BQ769x2_DSG_OFF                          0x0800077d   Thumb Code    16  bms.o(.text.BQ769x2_DSG_OFF)
    BQ769x2_Init                             0x0800078d   Thumb Code   112  bms.o(.text.BQ769x2_Init)
    BQ769x2_ReadAlarmRaw                     0x080007fd   Thumb Code    24  bms.o(.text.BQ769x2_ReadAlarmRaw)
    BQ769x2_ReadAlarmStatus                  0x08000815   Thumb Code    24  bms.o(.text.BQ769x2_ReadAlarmStatus)
    BQ769x2_ReadAllVoltages                  0x0800082d   Thumb Code   112  bms.o(.text.BQ769x2_ReadAllVoltages)
    BQ769x2_ReadCurrent                      0x0800089d   Thumb Code    26  bms.o(.text.BQ769x2_ReadCurrent)
    BQ769x2_ReadFETStatus                    0x080008b9   Thumb Code   106  bms.o(.text.BQ769x2_ReadFETStatus)
    BQ769x2_ReadPFStatusA                    0x08000925   Thumb Code    34  bms.o(.text.BQ769x2_ReadPFStatusA)
    BQ769x2_ReadPFStatusB                    0x08000949   Thumb Code    34  bms.o(.text.BQ769x2_ReadPFStatusB)
    BQ769x2_ReadPFStatusC                    0x0800096d   Thumb Code    34  bms.o(.text.BQ769x2_ReadPFStatusC)
    BQ769x2_ReadSafetyStatusA                0x08000991   Thumb Code   130  bms.o(.text.BQ769x2_ReadSafetyStatusA)
    BQ769x2_ReadSafetyStatusB                0x08000a15   Thumb Code    52  bms.o(.text.BQ769x2_ReadSafetyStatusB)
    BQ769x2_ReadSafetyStatusC                0x08000a49   Thumb Code   110  bms.o(.text.BQ769x2_ReadSafetyStatusC)
    BQ769x2_ReadTemperature                  0x08000ab9   Thumb Code    34  bms.o(.text.BQ769x2_ReadTemperature)
    BQ769x2_ReadVoltage                      0x08000add   Thumb Code    80  bms.o(.text.BQ769x2_ReadVoltage)
    BQ769x2_Read_Vcells_123                  0x08000b2d   Thumb Code    20  bms.o(.text.BQ769x2_Read_Vcells_123)
    BQ769x2_Read_Vcells_5                    0x08000b41   Thumb Code    22  bms.o(.text.BQ769x2_Read_Vcells_5)
    BQ769x2_Read_Vcells_7                    0x08000b59   Thumb Code    24  bms.o(.text.BQ769x2_Read_Vcells_7)
    BQ769x2_Read_Vcells_9                    0x08000b71   Thumb Code    24  bms.o(.text.BQ769x2_Read_Vcells_9)
    BQ769x2_ReleaseShutdownPin               0x08000b89   Thumb Code    14  bms.o(.text.BQ769x2_ReleaseShutdownPin)
    BQ769x2_SetRegister                      0x08000b99   Thumb Code   306  bms.o(.text.BQ769x2_SetRegister)
    BSWBq769x2ReadBatteryStatus              0x08000ccd   Thumb Code    40  bms.o(.text.BSWBq769x2ReadBatteryStatus)
    BusFault_Handler                         0x08000cf5   Thumb Code     4  cs32f10x_it.o(.text.BusFault_Handler)
    CRC8                                     0x08000cf9   Thumb Code   152  bms.o(.text.CRC8)
    Checksum                                 0x08000d91   Thumb Code    84  bms.o(.text.Checksum)
    CommandSubcommands                       0x08000de5   Thumb Code    44  bms.o(.text.CommandSubcommands)
    DebugMon_Handler                         0x08000e11   Thumb Code     2  cs32f10x_it.o(.text.DebugMon_Handler)
    DirectCommands                           0x08000e15   Thumb Code   102  bms.o(.text.DirectCommands)
    EXTI4_IRQHandler                         0x08000e7d   Thumb Code    76  cs32f10x_it.o(.text.EXTI4_IRQHandler)
    HardFault_Handler                        0x08000ec9   Thumb Code     4  cs32f10x_it.o(.text.HardFault_Handler)
    I2C_ReadMulti                            0x08000ecd   Thumb Code   160  iic.o(.text.I2C_ReadMulti)
    I2C_ReadReg                              0x08000f6d   Thumb Code   248  bms.o(.text.I2C_ReadReg)
    I2C_ReceiveByte                          0x08001065   Thumb Code   184  iic.o(.text.I2C_ReceiveByte)
    I2C_SendAck                              0x0800111d   Thumb Code    76  iic.o(.text.I2C_SendAck)
    I2C_SendByte                             0x08001169   Thumb Code   178  iic.o(.text.I2C_SendByte)
    I2C_Start                                0x0800121d   Thumb Code    50  iic.o(.text.I2C_Start)
    I2C_Stop                                 0x08001251   Thumb Code    80  iic.o(.text.I2C_Stop)
    I2C_WaitAck                              0x080012a1   Thumb Code   184  iic.o(.text.I2C_WaitAck)
    I2C_WriteMulti                           0x08001359   Thumb Code   110  iic.o(.text.I2C_WriteMulti)
    I2C_WriteReg                             0x080013c9   Thumb Code   236  bms.o(.text.I2C_WriteReg)
    IIC_ReadData                             0x080014b5   Thumb Code    38  bms.o(.text.IIC_ReadData)
    IIC_WriteData                            0x080014dd   Thumb Code    38  bms.o(.text.IIC_WriteData)
    MemManage_Handler                        0x08001505   Thumb Code     4  cs32f10x_it.o(.text.MemManage_Handler)
    NMI_Handler                              0x08001509   Thumb Code     2  cs32f10x_it.o(.text.NMI_Handler)
    PendSV_Handler                           0x0800150d   Thumb Code     2  cs32f10x_it.o(.text.PendSV_Handler)
    ProcessData1                             0x08001511   Thumb Code   200  queue.o(.text.ProcessData1)
    ProcessPacket                            0x080015d9   Thumb Code   274  queue.o(.text.ProcessPacket)
    SVC_Handler                              0x080016ed   Thumb Code     2  cs32f10x_it.o(.text.SVC_Handler)
    Subcommands                              0x080016f9   Thumb Code   242  bms.o(.text.Subcommands)
    SysTick_Handler                          0x08001841   Thumb Code     8  cs32f10x_it.o(.text.SysTick_Handler)
    SystemInit                               0x08001849   Thumb Code   102  system_cs32f10x.o(.text.SystemInit)
    TIM1_UP_IRQHandler                       0x080018b1   Thumb Code    30  cs32f10x_it.o(.text.TIM1_UP_IRQHandler)
    Task_Marks_Handler_Callback              0x080018d1   Thumb Code   160  task.o(.text.Task_Marks_Handler_Callback)
    Task_Pro_Handler_Callback                0x08001971   Thumb Code   114  task.o(.text.Task_Pro_Handler_Callback)
    USART3_IRQHandler                        0x080019e5   Thumb Code    98  cs32f10x_it.o(.text.USART3_IRQHandler)
    UsageFault_Handler                       0x08001a49   Thumb Code     4  cs32f10x_it.o(.text.UsageFault_Handler)
    adc_init                                 0x08001ac1   Thumb Code    98  cs32f10x_adc.o(.text.adc_init)
    adc_init_                                0x08001b25   Thumb Code   358  adc.o(.text.adc_init_)
    adc_regular_channel_config               0x08001c8d   Thumb Code   226  cs32f10x_adc.o(.text.adc_regular_channel_config)
    adc_struct_init                          0x08001d71   Thumb Code    36  cs32f10x_adc.o(.text.adc_struct_init)
    bms_init                                 0x08001d95   Thumb Code   160  bms.o(.text.bms_init)
    circ_buffer_pop                          0x08001e35   Thumb Code    88  queue.o(.text.circ_buffer_pop)
    circ_buffer_push                         0x08001e8d   Thumb Code   100  queue.o(.text.circ_buffer_push)
    delay                                    0x08001ef1   Thumb Code    26  main.o(.text.delay)
    delay_us_2ms                             0x08001f0d   Thumb Code    26  bms.o(.text.delay_us_2ms)
    exti_init                                0x08001f29   Thumb Code    90  init.o(.text.exti_init)
    f_led_alloff                             0x08001f85   Thumb Code    40  led.o(.text.f_led_alloff)
    f_led_charge                             0x08001fad   Thumb Code    50  led.o(.text.f_led_charge)
    f_led_discharge                          0x08001fe1   Thumb Code    46  led.o(.text.f_led_discharge)
    f_led_health                             0x08002011   Thumb Code    42  led.o(.text.f_led_health)
    f_led_port_normal                        0x0800203d   Thumb Code    40  led.o(.text.f_led_port_normal)
    f_led_port_warning                       0x08002065   Thumb Code    44  led.o(.text.f_led_port_warning)
    f_led_show_battery                       0x08002091   Thumb Code    46  led.o(.text.f_led_show_battery)
    f_uaba_close                             0x080020c1   Thumb Code    56  app.o(.text.f_uaba_close)
    f_uaba_fault_ov                          0x080020f9   Thumb Code    56  app.o(.text.f_uaba_fault_ov)
    f_uaba_open                              0x08002131   Thumb Code    56  app.o(.text.f_uaba_open)
    fputc                                    0x08002169   Thumb Code    54  init.o(.text.fputc)
    gpio_exti_pin_config                     0x080021a1   Thumb Code    84  cs32f10x_gpio.o(.text.gpio_exti_pin_config)
    gpio_mode_config                         0x080021f5   Thumb Code   424  cs32f10x_gpio.o(.text.gpio_mode_config)
    gpio_pin_remap_config                    0x0800239d   Thumb Code    52  cs32f10x_gpio.o(.text.gpio_pin_remap_config)
    i2c_init_2                               0x080023d1   Thumb Code    74  iic.o(.text.i2c_init_2)
    key_fast_switch                          0x0800241d   Thumb Code   174  app.o(.text.key_fast_switch)
    key_init                                 0x080024cd   Thumb Code    82  key.o(.text.key_init)
    led_app                                  0x08002521   Thumb Code   310  app.o(.text.led_app)
    led_bat_show                             0x08002659   Thumb Code  2814  led.o(.text.led_bat_show)
    led_init                                 0x08003159   Thumb Code   298  led.o(.text.led_init)
    led_port_show                            0x08003285   Thumb Code   488  led.o(.text.led_port_show)
    led_pwm_control                          0x0800346d   Thumb Code   258  led.o(.text.led_pwm_control)
    load_bms_init_array                      0x08003571   Thumb Code    94  bms.o(.text.load_bms_init_array)
    log_init                                 0x080035d1   Thumb Code   118  init.o(.text.log_init)
    main                                     0x08003649   Thumb Code   190  main.o(.text.main)
    nvic_configuration                       0x08003709   Thumb Code    86  init.o(.text.nvic_configuration)
    nvic_init                                0x08003761   Thumb Code   150  cs32f10x_misc.o(.text.nvic_init)
    nvic_priority_group_config               0x080037f9   Thumb Code    28  cs32f10x_misc.o(.text.nvic_priority_group_config)
    other_io_init                            0x08003815   Thumb Code   144  init.o(.text.other_io_init)
    rcu_adcclk_config                        0x08003909   Thumb Code    28  cs32f10x_rcu.o(.text.rcu_adcclk_config)
    rcu_clk_freq_get                         0x08003925   Thumb Code   368  cs32f10x_rcu.o(.text.rcu_clk_freq_get)
    sys_pow_on_off_deal                      0x08003bb9   Thumb Code   144  app.o(.text.sys_pow_on_off_deal)
    sys_switch_check                         0x08003c49   Thumb Code   162  app.o(.text.sys_switch_check)
    task_adc                                 0x08003ced   Thumb Code   354  adc.o(.text.task_adc)
    task_app                                 0x08003e51   Thumb Code    38  app.o(.text.task_app)
    task_bms                                 0x08003e79   Thumb Code   448  bms_pro.o(.text.task_bms)
    task_com_rx                              0x08004039   Thumb Code    16  communication.o(.text.task_com_rx)
    task_com_tx                              0x08004049   Thumb Code   276  communication.o(.text.task_com_tx)
    task_debug                               0x0800415d   Thumb Code   866  debug.o(.text.task_debug)
    task_key                                 0x080044c1   Thumb Code   580  key.o(.text.task_key)
    task_led                                 0x08004705   Thumb Code    28  led.o(.text.task_led)
    tick_init                                0x08004721   Thumb Code    40  init.o(.text.tick_init)
    tim_base_init                            0x08004749   Thumb Code   110  cs32f10x_tim.o(.text.tim_base_init)
    tim_init                                 0x080047b9   Thumb Code   114  init.o(.text.tim_init)
    transmit_data                            0x0800482d   Thumb Code    96  communication.o(.text.transmit_data)
    turn_to_CFGUPDATE                        0x0800488d   Thumb Code   126  bms.o(.text.turn_to_CFGUPDATE)
    uart_init                                0x0800490d   Thumb Code   130  init.o(.text.uart_init)
    usart_init                               0x08004991   Thumb Code   174  cs32f10x_usart.o(.text.usart_init)
    usba_app                                 0x08004a41   Thumb Code   726  app.o(.text.usba_app)
    __0printf                                0x08004d19   Thumb Code    22  printfa.o(i.__0printf)
    __1printf                                0x08004d19   Thumb Code     0  printfa.o(i.__0printf)
    __2printf                                0x08004d19   Thumb Code     0  printfa.o(i.__0printf)
    __c89printf                              0x08004d19   Thumb Code     0  printfa.o(i.__0printf)
    printf                                   0x08004d19   Thumb Code     0  printfa.o(i.__0printf)
    __scatterload_copy                       0x08004d39   Thumb Code    14  handlers.o(i.__scatterload_copy)
    __scatterload_null                       0x08004d47   Thumb Code     2  handlers.o(i.__scatterload_null)
    __scatterload_zeroinit                   0x08004d49   Thumb Code    14  handlers.o(i.__scatterload_zeroinit)
    Region$$Table$$Base                      0x08005940   Number         0  anon$$obj.o(Region$$Table)
    Region$$Table$$Limit                     0x08005960   Number         0  anon$$obj.o(Region$$Table)
    __stdout                                 0x20000000   Data           4  stdout.o(.data)
    SystemCoreClock                          0x20000004   Data           4  system_cs32f10x.o(.data.SystemCoreClock)
    Tasks_Max                                0x20000068   Data           1  task.o(.data.Tasks_Max)
    bms_capGain                              0x2000006c   Data           4  bms.o(.data.bms_capGain)
    bms_ccGain                               0x20000070   Data           4  bms.o(.data.bms_ccGain)
    bms_init_array                           0x20000074   Data         426  bms.o(.data.bms_init_array)
    led                                      0x20000220   Data          60  led.o(.data.led)
    p                                        0x2000025c   Data           8  debug.o(.data.p)
    pAPort                                   0x20000264   Data          12  debug.o(.data.pAPort)
    pCPort                                   0x20000270   Data          12  debug.o(.data.pCPort)
    pGPort                                   0x2000027c   Data          12  debug.o(.data.pGPort)
    pled                                     0x20000288   Data          20  debug.o(.data.pled)
    pled2                                    0x2000029c   Data           8  debug.o(.data.pled2)
    sys                                      0x200002a4   Data          44  app.o(.data.sys)
    t_power_on_cnt_s                         0x200002d0   Data           1  bms.o(.data.t_power_on_cnt_s)
    AlarmBits                                0x200002d8   Data           2  bms.o(.bss.AlarmBits)
    AlarmBits2                               0x200002da   Data           2  bms.o(.bss.AlarmBits2)
    CB_ActiveCells                           0x200002dc   Data           2  bms.o(.bss.CB_ActiveCells)
    CHG                                      0x200002de   Data           1  bms.o(.bss.CHG)
    CellVoltage                              0x200002e0   Data          32  bms.o(.bss.CellVoltage)
    DSG                                      0x20000300   Data           1  bms.o(.bss.DSG)
    FET_Status                               0x20000301   Data           1  bms.o(.bss.FET_Status)
    LD_Voltage                               0x20000302   Data           2  bms.o(.bss.LD_Voltage)
    OCC_Fault                                0x20000304   Data           1  bms.o(.bss.OCC_Fault)
    OCD_Fault                                0x20000305   Data           1  bms.o(.bss.OCD_Fault)
    OV_Fault                                 0x20000306   Data           1  bms.o(.bss.OV_Fault)
    PCHG                                     0x20000307   Data           1  bms.o(.bss.PCHG)
    PDSG                                     0x20000308   Data           1  bms.o(.bss.PDSG)
    Pack_Current                             0x2000030a   Data           2  bms.o(.bss.Pack_Current)
    Pack_Voltage                             0x2000030c   Data           2  bms.o(.bss.Pack_Voltage)
    ProtectionsTriggered                     0x20000343   Data           1  bms.o(.bss.ProtectionsTriggered)
    RX_32Byte                                0x20000344   Data          32  bms.o(.bss.RX_32Byte)
    RX_CRC_Fail                              0x20000364   Data           2  bms.o(.bss.RX_CRC_Fail)
    RX_data                                  0x20000366   Data           2  bms.o(.bss.RX_data)
    SCD_Fault                                0x20000368   Data           1  bms.o(.bss.SCD_Fault)
    Stack_Voltage                            0x2000036a   Data           2  bms.o(.bss.Stack_Voltage)
    UV_Fault                                 0x2000036c   Data           1  bms.o(.bss.UV_Fault)
    V_cells                                  0x2000036e   Data          12  bms.o(.bss.V_cells)
    bms_battery_status                       0x2000037a   Data           2  bms_pro.o(.bss.bms_battery_status)
    bms_curr                                 0x2000037c   Data           2  bms_pro.o(.bss.bms_curr)
    bms_tmp1                                 0x2000037e   Data           2  bms_pro.o(.bss.bms_tmp1)
    bms_tmp2                                 0x20000380   Data           2  bms_pro.o(.bss.bms_tmp2)
    bms_tmp3                                 0x20000382   Data           2  bms_pro.o(.bss.bms_tmp3)
    bms_tmp4                                 0x20000384   Data           2  bms_pro.o(.bss.bms_tmp4)
    field_Transmit                           0x20000386   Data           5  communication.o(.bss.field_Transmit)
    field_receive                            0x2000038b   Data           4  communication.o(.bss.field_receive)
    key_cb                                   0x2000038f   Data           8  key.o(.bss.key_cb)
    pack_pin_voltage                         0x2000039c   Data           2  bms_pro.o(.bss.pack_pin_voltage)
    receive_ok                               0x2000039f   Data           1  communication.o(.bss.receive_ok)
    rxBuffer                                 0x200003a0   Data          52  queue.o(.bss.rxBuffer)
    rx_CB                                    0x200003d4   Data          28  communication.o(.bss.rx_CB)
    u16_nack_flag                            0x200003f8   Data           2  bms.o(.bss.u16_nack_flag)
    value_PFStatusA                          0x20000400   Data           1  bms.o(.bss.value_PFStatusA)
    value_PFStatusB                          0x20000401   Data           1  bms.o(.bss.value_PFStatusB)
    value_PFStatusC                          0x20000402   Data           1  bms.o(.bss.value_PFStatusC)
    value_SafetyStatusA                      0x20000403   Data           1  bms.o(.bss.value_SafetyStatusA)
    value_SafetyStatusB                      0x20000404   Data           1  bms.o(.bss.value_SafetyStatusB)
    value_SafetyStatusC                      0x20000405   Data           1  bms.o(.bss.value_SafetyStatusC)
    write_nack                               0x20000406   Data           2  bms.o(.bss.write_nack)
    write_res                                0x20000408   Data           2  bms.o(.bss.write_res)
    xbms                                     0x2000040a   Data           4  app.o(.bss.xbms)
    __initial_sp                             0x20000c10   Data           0  startup_cs32f103xb.o(STACK)



==============================================================================

Memory Map of the image

  Image Entry point : 0x080000ed

  Load Region LR_IROM1 (Base: 0x08000000, Size: 0x00005c38, Max: 0x00020000, ABSOLUTE, COMPRESSED[0x00005b18])

    Execution Region ER_IROM1 (Exec base: 0x08000000, Load base: 0x08000000, Size: 0x00005960, Max: 0x00020000, ABSOLUTE)

    Exec Addr    Load Addr    Size         Type   Attr      Idx    E Section Name        Object

    0x08000000   0x08000000   0x000000ec   Data   RO         1002    RESET               startup_cs32f103xb.o
    0x080000ec   0x080000ec   0x00000000   Code   RO         1026  * .ARM.Collect$$$$00000000  mc_w.l(entry.o)
    0x080000ec   0x080000ec   0x00000004   Code   RO         1071    .ARM.Collect$$$$00000001  mc_w.l(entry2.o)
    0x080000f0   0x080000f0   0x00000004   Code   RO         1074    .ARM.Collect$$$$00000004  mc_w.l(entry5.o)
    0x080000f4   0x080000f4   0x00000000   Code   RO         1076    .ARM.Collect$$$$00000008  mc_w.l(entry7b.o)
    0x080000f4   0x080000f4   0x00000000   Code   RO         1078    .ARM.Collect$$$$0000000A  mc_w.l(entry8b.o)
    0x080000f4   0x080000f4   0x00000008   Code   RO         1079    .ARM.Collect$$$$0000000B  mc_w.l(entry9a.o)
    0x080000fc   0x080000fc   0x00000000   Code   RO         1081    .ARM.Collect$$$$0000000D  mc_w.l(entry10a.o)
    0x080000fc   0x080000fc   0x00000000   Code   RO         1083    .ARM.Collect$$$$0000000F  mc_w.l(entry11a.o)
    0x080000fc   0x080000fc   0x00000004   Code   RO         1072    .ARM.Collect$$$$00002712  mc_w.l(entry2.o)
    0x08000100   0x08000100   0x00000024   Code   RO         1003    .text               startup_cs32f103xb.o
    0x08000124   0x08000124   0x000000e4   Code   RO         1063    .text               mf_w.l(dmul.o)
    0x08000208   0x08000208   0x000000de   Code   RO         1065    .text               mf_w.l(ddiv.o)
    0x080002e6   0x080002e6   0x00000022   Code   RO         1067    .text               mf_w.l(dflti.o)
    0x08000308   0x08000308   0x0000003e   Code   RO         1069    .text               mf_w.l(dfixi.o)
    0x08000346   0x08000346   0x0000002c   Code   RO         1095    .text               mc_w.l(uidiv.o)
    0x08000372   0x08000372   0x00000062   Code   RO         1097    .text               mc_w.l(uldiv.o)
    0x080003d4   0x080003d4   0x00000020   Code   RO         1099    .text               mc_w.l(llushr.o)
    0x080003f4   0x080003f4   0x00000000   Code   RO         1101    .text               mc_w.l(iusefp.o)
    0x080003f4   0x080003f4   0x000000ba   Code   RO         1102    .text               mf_w.l(depilogue.o)
    0x080004ae   0x080004ae   0x0000014e   Code   RO         1104    .text               mf_w.l(dadd.o)
    0x080005fc   0x080005fc   0x00000030   Code   RO         1106    .text               mf_w.l(dfixul.o)
    0x0800062c   0x0800062c   0x00000030   Code   RO         1108    .text               mf_w.l(cdrcmple.o)
    0x0800065c   0x0800065c   0x00000030   Code   RO         1110    .text               mc_w.l(init.o)
    0x0800068c   0x0800068c   0x0000001e   Code   RO         1112    .text               mc_w.l(llshl.o)
    0x080006aa   0x080006aa   0x00000024   Code   RO         1114    .text               mc_w.l(llsshr.o)
    0x080006ce   0x080006ce   0x00000056   Code   RO         1124    .text               mc_w.l(__dczerorl2.o)
    0x08000724   0x08000724   0x00000046   Code   RO          155    .text.BMS_FET_ENABLE  bms.o
    0x0800076a   0x0800076a   0x00000002   PAD
    0x0800076c   0x0800076c   0x0000000e   Code   RO          165    .text.BQ769x2_CHG_OFF  bms.o
    0x0800077a   0x0800077a   0x00000002   PAD
    0x0800077c   0x0800077c   0x00000010   Code   RO          163    .text.BQ769x2_DSG_OFF  bms.o
    0x0800078c   0x0800078c   0x00000070   Code   RO          169    .text.BQ769x2_Init  bms.o
    0x080007fc   0x080007fc   0x00000018   Code   RO          193    .text.BQ769x2_ReadAlarmRaw  bms.o
    0x08000814   0x08000814   0x00000018   Code   RO          191    .text.BQ769x2_ReadAlarmStatus  bms.o
    0x0800082c   0x0800082c   0x00000070   Code   RO          209    .text.BQ769x2_ReadAllVoltages  bms.o
    0x0800089c   0x0800089c   0x0000001a   Code   RO          219    .text.BQ769x2_ReadCurrent  bms.o
    0x080008b6   0x080008b6   0x00000002   PAD
    0x080008b8   0x080008b8   0x0000006a   Code   RO          187    .text.BQ769x2_ReadFETStatus  bms.o
    0x08000922   0x08000922   0x00000002   PAD
    0x08000924   0x08000924   0x00000022   Code   RO          201    .text.BQ769x2_ReadPFStatusA  bms.o
    0x08000946   0x08000946   0x00000002   PAD
    0x08000948   0x08000948   0x00000022   Code   RO          203    .text.BQ769x2_ReadPFStatusB  bms.o
    0x0800096a   0x0800096a   0x00000002   PAD
    0x0800096c   0x0800096c   0x00000022   Code   RO          205    .text.BQ769x2_ReadPFStatusC  bms.o
    0x0800098e   0x0800098e   0x00000002   PAD
    0x08000990   0x08000990   0x00000082   Code   RO          195    .text.BQ769x2_ReadSafetyStatusA  bms.o
    0x08000a12   0x08000a12   0x00000002   PAD
    0x08000a14   0x08000a14   0x00000034   Code   RO          197    .text.BQ769x2_ReadSafetyStatusB  bms.o
    0x08000a48   0x08000a48   0x0000006e   Code   RO          199    .text.BQ769x2_ReadSafetyStatusC  bms.o
    0x08000ab6   0x08000ab6   0x00000002   PAD
    0x08000ab8   0x08000ab8   0x00000022   Code   RO          221    .text.BQ769x2_ReadTemperature  bms.o
    0x08000ada   0x08000ada   0x00000002   PAD
    0x08000adc   0x08000adc   0x00000050   Code   RO          207    .text.BQ769x2_ReadVoltage  bms.o
    0x08000b2c   0x08000b2c   0x00000014   Code   RO          211    .text.BQ769x2_Read_Vcells_123  bms.o
    0x08000b40   0x08000b40   0x00000016   Code   RO          213    .text.BQ769x2_Read_Vcells_5  bms.o
    0x08000b56   0x08000b56   0x00000002   PAD
    0x08000b58   0x08000b58   0x00000018   Code   RO          215    .text.BQ769x2_Read_Vcells_7  bms.o
    0x08000b70   0x08000b70   0x00000018   Code   RO          217    .text.BQ769x2_Read_Vcells_9  bms.o
    0x08000b88   0x08000b88   0x0000000e   Code   RO          167    .text.BQ769x2_ReleaseShutdownPin  bms.o
    0x08000b96   0x08000b96   0x00000002   PAD
    0x08000b98   0x08000b98   0x00000132   Code   RO          153    .text.BQ769x2_SetRegister  bms.o
    0x08000cca   0x08000cca   0x00000002   PAD
    0x08000ccc   0x08000ccc   0x00000028   Code   RO          175    .text.BSWBq769x2ReadBatteryStatus  bms.o
    0x08000cf4   0x08000cf4   0x00000004   Code   RO           25    .text.BusFault_Handler  cs32f10x_it.o
    0x08000cf8   0x08000cf8   0x00000098   Code   RO          145    .text.CRC8          bms.o
    0x08000d90   0x08000d90   0x00000054   Code   RO          143    .text.Checksum      bms.o
    0x08000de4   0x08000de4   0x0000002c   Code   RO          159    .text.CommandSubcommands  bms.o
    0x08000e10   0x08000e10   0x00000002   Code   RO           31    .text.DebugMon_Handler  cs32f10x_it.o
    0x08000e12   0x08000e12   0x00000002   PAD
    0x08000e14   0x08000e14   0x00000066   Code   RO          173    .text.DirectCommands  bms.o
    0x08000e7a   0x08000e7a   0x00000002   PAD
    0x08000e7c   0x08000e7c   0x0000004c   Code   RO           41    .text.EXTI4_IRQHandler  cs32f10x_it.o
    0x08000ec8   0x08000ec8   0x00000004   Code   RO           21    .text.HardFault_Handler  cs32f10x_it.o
    0x08000ecc   0x08000ecc   0x000000a0   Code   RO          433    .text.I2C_ReadMulti  iic.o
    0x08000f6c   0x08000f6c   0x000000f8   Code   RO          149    .text.I2C_ReadReg   bms.o
    0x08001064   0x08001064   0x000000b8   Code   RO          425    .text.I2C_ReceiveByte  iic.o
    0x0800111c   0x0800111c   0x0000004c   Code   RO          419    .text.I2C_SendAck   iic.o
    0x08001168   0x08001168   0x000000b2   Code   RO          423    .text.I2C_SendByte  iic.o
    0x0800121a   0x0800121a   0x00000002   PAD
    0x0800121c   0x0800121c   0x00000032   Code   RO          415    .text.I2C_Start     iic.o
    0x0800124e   0x0800124e   0x00000002   PAD
    0x08001250   0x08001250   0x00000050   Code   RO          417    .text.I2C_Stop      iic.o
    0x080012a0   0x080012a0   0x000000b8   Code   RO          421    .text.I2C_WaitAck   iic.o
    0x08001358   0x08001358   0x0000006e   Code   RO          431    .text.I2C_WriteMulti  iic.o
    0x080013c6   0x080013c6   0x00000002   PAD
    0x080013c8   0x080013c8   0x000000ec   Code   RO          147    .text.I2C_WriteReg  bms.o
    0x080014b4   0x080014b4   0x00000026   Code   RO          139    .text.IIC_ReadData  bms.o
    0x080014da   0x080014da   0x00000002   PAD
    0x080014dc   0x080014dc   0x00000026   Code   RO          137    .text.IIC_WriteData  bms.o
    0x08001502   0x08001502   0x00000002   PAD
    0x08001504   0x08001504   0x00000004   Code   RO           23    .text.MemManage_Handler  cs32f10x_it.o
    0x08001508   0x08001508   0x00000002   Code   RO           19    .text.NMI_Handler   cs32f10x_it.o
    0x0800150a   0x0800150a   0x00000002   PAD
    0x0800150c   0x0800150c   0x00000002   Code   RO           33    .text.PendSV_Handler  cs32f10x_it.o
    0x0800150e   0x0800150e   0x00000002   PAD
    0x08001510   0x08001510   0x000000c8   Code   RO          375    .text.ProcessData1  queue.o
    0x080015d8   0x080015d8   0x00000112   Code   RO          371    .text.ProcessPacket  queue.o
    0x080016ea   0x080016ea   0x00000002   PAD
    0x080016ec   0x080016ec   0x00000002   Code   RO           29    .text.SVC_Handler   cs32f10x_it.o
    0x080016ee   0x080016ee   0x00000002   PAD
    0x080016f0   0x080016f0   0x00000008   Code   RO         1012    .text.SetSysClock   system_cs32f10x.o
    0x080016f8   0x080016f8   0x000000f2   Code   RO          157    .text.Subcommands   bms.o
    0x080017ea   0x080017ea   0x00000002   PAD
    0x080017ec   0x080017ec   0x00000052   Code   RO           62    .text.SysTick_Config  init.o
    0x0800183e   0x0800183e   0x00000002   PAD
    0x08001840   0x08001840   0x00000008   Code   RO           35    .text.SysTick_Handler  cs32f10x_it.o
    0x08001848   0x08001848   0x00000066   Code   RO         1010    .text.SystemInit    system_cs32f10x.o
    0x080018ae   0x080018ae   0x00000002   PAD
    0x080018b0   0x080018b0   0x0000001e   Code   RO           39    .text.TIM1_UP_IRQHandler  cs32f10x_it.o
    0x080018ce   0x080018ce   0x00000002   PAD
    0x080018d0   0x080018d0   0x000000a0   Code   RO          392    .text.Task_Marks_Handler_Callback  task.o
    0x08001970   0x08001970   0x00000072   Code   RO          394    .text.Task_Pro_Handler_Callback  task.o
    0x080019e2   0x080019e2   0x00000002   PAD
    0x080019e4   0x080019e4   0x00000062   Code   RO           37    .text.USART3_IRQHandler  cs32f10x_it.o
    0x08001a46   0x08001a46   0x00000002   PAD
    0x08001a48   0x08001a48   0x00000004   Code   RO           27    .text.UsageFault_Handler  cs32f10x_it.o
    0x08001a4c   0x08001a4c   0x00000030   Code   RO           66    .text.__NVIC_EnableIRQ  init.o
    0x08001a7c   0x08001a7c   0x00000042   Code   RO           72    .text.__NVIC_SetPriority  init.o
    0x08001abe   0x08001abe   0x00000002   PAD
    0x08001ac0   0x08001ac0   0x00000062   Code   RO          495    .text.adc_init      cs32f10x_adc.o
    0x08001b22   0x08001b22   0x00000002   PAD
    0x08001b24   0x08001b24   0x00000166   Code   RO           81    .text.adc_init_     adc.o
    0x08001c8a   0x08001c8a   0x00000002   PAD
    0x08001c8c   0x08001c8c   0x000000e2   Code   RO          501    .text.adc_regular_channel_config  cs32f10x_adc.o
    0x08001d6e   0x08001d6e   0x00000002   PAD
    0x08001d70   0x08001d70   0x00000024   Code   RO          497    .text.adc_struct_init  cs32f10x_adc.o
    0x08001d94   0x08001d94   0x000000a0   Code   RO          161    .text.bms_init      bms.o
    0x08001e34   0x08001e34   0x00000058   Code   RO          367    .text.circ_buffer_pop  queue.o
    0x08001e8c   0x08001e8c   0x00000064   Code   RO          365    .text.circ_buffer_push  queue.o
    0x08001ef0   0x08001ef0   0x0000001a   Code   RO            4    .text.delay         main.o
    0x08001f0a   0x08001f0a   0x00000002   PAD
    0x08001f0c   0x08001f0c   0x0000001a   Code   RO          151    .text.delay_us_2ms  bms.o
    0x08001f26   0x08001f26   0x00000002   PAD
    0x08001f28   0x08001f28   0x0000005a   Code   RO           70    .text.exti_init     init.o
    0x08001f82   0x08001f82   0x00000002   PAD
    0x08001f84   0x08001f84   0x00000028   Code   RO          336    .text.f_led_alloff  led.o
    0x08001fac   0x08001fac   0x00000032   Code   RO          332    .text.f_led_charge  led.o
    0x08001fde   0x08001fde   0x00000002   PAD
    0x08001fe0   0x08001fe0   0x0000002e   Code   RO          330    .text.f_led_discharge  led.o
    0x0800200e   0x0800200e   0x00000002   PAD
    0x08002010   0x08002010   0x0000002a   Code   RO          334    .text.f_led_health  led.o
    0x0800203a   0x0800203a   0x00000002   PAD
    0x0800203c   0x0800203c   0x00000028   Code   RO          338    .text.f_led_port_normal  led.o
    0x08002064   0x08002064   0x0000002c   Code   RO          340    .text.f_led_port_warning  led.o
    0x08002090   0x08002090   0x0000002e   Code   RO          328    .text.f_led_show_battery  led.o
    0x080020be   0x080020be   0x00000002   PAD
    0x080020c0   0x080020c0   0x00000038   Code   RO           94    .text.f_uaba_close  app.o
    0x080020f8   0x080020f8   0x00000038   Code   RO           96    .text.f_uaba_fault_ov  app.o
    0x08002130   0x08002130   0x00000038   Code   RO           92    .text.f_uaba_open   app.o
    0x08002168   0x08002168   0x00000036   Code   RO           52    .text.fputc         init.o
    0x0800219e   0x0800219e   0x00000002   PAD
    0x080021a0   0x080021a0   0x00000054   Code   RO          703    .text.gpio_exti_pin_config  cs32f10x_gpio.o
    0x080021f4   0x080021f4   0x000001a8   Code   RO          691    .text.gpio_mode_config  cs32f10x_gpio.o
    0x0800239c   0x0800239c   0x00000034   Code   RO          701    .text.gpio_pin_remap_config  cs32f10x_gpio.o
    0x080023d0   0x080023d0   0x0000004a   Code   RO          413    .text.i2c_init_2    iic.o
    0x0800241a   0x0800241a   0x00000002   PAD
    0x0800241c   0x0800241c   0x000000ae   Code   RO          106    .text.key_fast_switch  app.o
    0x080024ca   0x080024ca   0x00000002   PAD
    0x080024cc   0x080024cc   0x00000052   Code   RO          316    .text.key_init      key.o
    0x0800251e   0x0800251e   0x00000002   PAD
    0x08002520   0x08002520   0x00000136   Code   RO          108    .text.led_app       app.o
    0x08002656   0x08002656   0x00000002   PAD
    0x08002658   0x08002658   0x00000afe   Code   RO          346    .text.led_bat_show  led.o
    0x08003156   0x08003156   0x00000002   PAD
    0x08003158   0x08003158   0x0000012a   Code   RO          342    .text.led_init      led.o
    0x08003282   0x08003282   0x00000002   PAD
    0x08003284   0x08003284   0x000001e8   Code   RO          348    .text.led_port_show  led.o
    0x0800346c   0x0800346c   0x00000102   Code   RO          350    .text.led_pwm_control  led.o
    0x0800356e   0x0800356e   0x00000002   PAD
    0x08003570   0x08003570   0x0000005e   Code   RO          177    .text.load_bms_init_array  bms.o
    0x080035ce   0x080035ce   0x00000002   PAD
    0x080035d0   0x080035d0   0x00000076   Code   RO           50    .text.log_init      init.o
    0x08003646   0x08003646   0x00000002   PAD
    0x08003648   0x08003648   0x000000be   Code   RO            2    .text.main          main.o
    0x08003706   0x08003706   0x00000002   PAD
    0x08003708   0x08003708   0x00000056   Code   RO           64    .text.nvic_configuration  init.o
    0x0800375e   0x0800375e   0x00000002   PAD
    0x08003760   0x08003760   0x00000096   Code   RO          749    .text.nvic_init     cs32f10x_misc.o
    0x080037f6   0x080037f6   0x00000002   PAD
    0x080037f8   0x080037f8   0x0000001c   Code   RO          747    .text.nvic_priority_group_config  cs32f10x_misc.o
    0x08003814   0x08003814   0x00000090   Code   RO           58    .text.other_io_init  init.o
    0x080038a4   0x080038a4   0x00000064   Code   RO          112    .text.portA_plug_check  app.o
    0x08003908   0x08003908   0x0000001c   Code   RO          811    .text.rcu_adcclk_config  cs32f10x_rcu.o
    0x08003924   0x08003924   0x00000170   Code   RO          819    .text.rcu_clk_freq_get  cs32f10x_rcu.o
    0x08003a94   0x08003a94   0x00000122   Code   RO         1016    .text.set_sysclk_freq_72M  system_cs32f10x.o
    0x08003bb6   0x08003bb6   0x00000002   PAD
    0x08003bb8   0x08003bb8   0x00000090   Code   RO          104    .text.sys_pow_on_off_deal  app.o
    0x08003c48   0x08003c48   0x000000a2   Code   RO          102    .text.sys_switch_check  app.o
    0x08003cea   0x08003cea   0x00000002   PAD
    0x08003cec   0x08003cec   0x00000162   Code   RO           83    .text.task_adc      adc.o
    0x08003e4e   0x08003e4e   0x00000002   PAD
    0x08003e50   0x08003e50   0x00000026   Code   RO          100    .text.task_app      app.o
    0x08003e76   0x08003e76   0x00000002   PAD
    0x08003e78   0x08003e78   0x000001c0   Code   RO          449    .text.task_bms      bms_pro.o
    0x08004038   0x08004038   0x00000010   Code   RO          278    .text.task_com_rx   communication.o
    0x08004048   0x08004048   0x00000114   Code   RO          280    .text.task_com_tx   communication.o
    0x0800415c   0x0800415c   0x00000362   Code   RO          300    .text.task_debug    debug.o
    0x080044be   0x080044be   0x00000002   PAD
    0x080044c0   0x080044c0   0x00000244   Code   RO          318    .text.task_key      key.o
    0x08004704   0x08004704   0x0000001c   Code   RO          344    .text.task_led      led.o
    0x08004720   0x08004720   0x00000028   Code   RO           60    .text.tick_init     init.o
    0x08004748   0x08004748   0x0000006e   Code   RO          862    .text.tim_base_init  cs32f10x_tim.o
    0x080047b6   0x080047b6   0x00000002   PAD
    0x080047b8   0x080047b8   0x00000072   Code   RO           68    .text.tim_init      init.o
    0x0800482a   0x0800482a   0x00000002   PAD
    0x0800482c   0x0800482c   0x00000060   Code   RO          282    .text.transmit_data  communication.o
    0x0800488c   0x0800488c   0x0000007e   Code   RO          179    .text.turn_to_CFGUPDATE  bms.o
    0x0800490a   0x0800490a   0x00000002   PAD
    0x0800490c   0x0800490c   0x00000082   Code   RO           56    .text.uart_init     init.o
    0x0800498e   0x0800498e   0x00000002   PAD
    0x08004990   0x08004990   0x000000ae   Code   RO          945    .text.usart_init    cs32f10x_usart.o
    0x08004a3e   0x08004a3e   0x00000002   PAD
    0x08004a40   0x08004a40   0x000002d6   Code   RO          110    .text.usba_app      app.o
    0x08004d16   0x08004d16   0x00000002   PAD
    0x08004d18   0x08004d18   0x00000020   Code   RO         1036    i.__0printf         mc_w.l(printfa.o)
    0x08004d38   0x08004d38   0x0000000e   Code   RO         1118    i.__scatterload_copy  mc_w.l(handlers.o)
    0x08004d46   0x08004d46   0x00000002   Code   RO         1119    i.__scatterload_null  mc_w.l(handlers.o)
    0x08004d48   0x08004d48   0x0000000e   Code   RO         1120    i.__scatterload_zeroinit  mc_w.l(handlers.o)
    0x08004d56   0x08004d56   0x00000002   PAD
    0x08004d58   0x08004d58   0x00000184   Code   RO         1043    i._fp_digits        mc_w.l(printfa.o)
    0x08004edc   0x08004edc   0x000006dc   Code   RO         1044    i._printf_core      mc_w.l(printfa.o)
    0x080055b8   0x080055b8   0x00000024   Code   RO         1045    i._printf_post_padding  mc_w.l(printfa.o)
    0x080055dc   0x080055dc   0x0000002e   Code   RO         1046    i._printf_pre_padding  mc_w.l(printfa.o)
    0x0800560a   0x0800560a   0x00000004   Data   RO          822    .rodata.ADC_pdiv_table  cs32f10x_rcu.o
    0x0800560e   0x0800560e   0x00000010   Data   RO          821    .rodata.APBAHB_pdiv_table  cs32f10x_rcu.o
    0x0800561e   0x0800561e   0x0000001c   Data   RO           10    .rodata.str1.1      main.o
    0x0800563a   0x0800563a   0x00000024   Data   RO          120    .rodata.str1.1      app.o
    0x0800565e   0x0800565e   0x00000006   Data   RO          250    .rodata.str1.1      bms.o
    0x08005664   0x08005664   0x0000029e   Data   RO          302    .rodata.str1.1      debug.o
    0x08005902   0x08005902   0x0000000e   Data   RO          355    .rodata.str1.1      led.o
    0x08005910   0x08005910   0x0000001a   Data   RO          377    .rodata.str1.1      queue.o
    0x0800592a   0x0800592a   0x00000015   Data   RO          435    .rodata.str1.1      iic.o
    0x0800593f   0x0800593f   0x00000001   PAD
    0x08005940   0x08005940   0x00000020   Data   RO         1117    Region$$Table       anon$$obj.o


    Execution Region RW_IRAM1 (Exec base: 0x20000000, Load base: 0x08005960, Size: 0x00000c10, Max: 0x00005000, ABSOLUTE, COMPRESSED[0x000001b8])

    Exec Addr    Load Addr    Size         Type   Attr      Idx    E Section Name        Object

    0x20000000   COMPRESSED   0x00000004   Data   RW         1085    .data               mc_w.l(stdout.o)
    0x20000004   COMPRESSED   0x00000004   Data   RW         1018    .data.SystemCoreClock  system_cs32f10x.o
    0x20000008   COMPRESSED   0x00000060   Data   RW          397    .data.Task_Comps    task.o
    0x20000068   COMPRESSED   0x00000001   Data   RW          396    .data.Tasks_Max     task.o
    0x20000069   COMPRESSED   0x00000003   PAD
    0x2000006c   COMPRESSED   0x00000004   Data   RW          254    .data.bms_capGain   bms.o
    0x20000070   COMPRESSED   0x00000004   Data   RW          253    .data.bms_ccGain    bms.o
    0x20000074   COMPRESSED   0x000001aa   Data   RW          255    .data.bms_init_array  bms.o
    0x2000021e   COMPRESSED   0x00000002   PAD
    0x20000220   COMPRESSED   0x0000003c   Data   RW          354    .data.led           led.o
    0x2000025c   COMPRESSED   0x00000008   Data   RW          303    .data.p             debug.o
    0x20000264   COMPRESSED   0x0000000c   Data   RW          306    .data.pAPort        debug.o
    0x20000270   COMPRESSED   0x0000000c   Data   RW          304    .data.pCPort        debug.o
    0x2000027c   COMPRESSED   0x0000000c   Data   RW          305    .data.pGPort        debug.o
    0x20000288   COMPRESSED   0x00000014   Data   RW          307    .data.pled          debug.o
    0x2000029c   COMPRESSED   0x00000008   Data   RW          308    .data.pled2         debug.o
    0x200002a4   COMPRESSED   0x0000002c   Data   RW          116    .data.sys           app.o
    0x200002d0   COMPRESSED   0x00000001   Data   RW          251    .data.t_power_on_cnt_s  bms.o
    0x200002d1   COMPRESSED   0x00000007   PAD
    0x200002d8        -       0x00000002   Zero   RW          232    .bss.AlarmBits      bms.o
    0x200002da        -       0x00000002   Zero   RW          233    .bss.AlarmBits2     bms.o
    0x200002dc        -       0x00000002   Zero   RW          267    .bss.CB_ActiveCells  bms.o
    0x200002de        -       0x00000001   Zero   RW          242    .bss.CHG            bms.o
    0x200002df   COMPRESSED   0x00000001   PAD
    0x200002e0        -       0x00000020   Zero   RW          227    .bss.CellVoltage    bms.o
    0x20000300        -       0x00000001   Zero   RW          241    .bss.DSG            bms.o
    0x20000301        -       0x00000001   Zero   RW          256    .bss.FET_Status     bms.o
    0x20000302        -       0x00000002   Zero   RW          230    .bss.LD_Voltage     bms.o
    0x20000304        -       0x00000001   Zero   RW          238    .bss.OCC_Fault      bms.o
    0x20000305        -       0x00000001   Zero   RW          237    .bss.OCD_Fault      bms.o
    0x20000306        -       0x00000001   Zero   RW          235    .bss.OV_Fault       bms.o
    0x20000307        -       0x00000001   Zero   RW          243    .bss.PCHG           bms.o
    0x20000308        -       0x00000001   Zero   RW          244    .bss.PDSG           bms.o
    0x20000309   COMPRESSED   0x00000001   PAD
    0x2000030a        -       0x00000002   Zero   RW          231    .bss.Pack_Current   bms.o
    0x2000030c        -       0x00000002   Zero   RW          229    .bss.Pack_Voltage   bms.o
    0x2000030e        -       0x00000032   Zero   RW          381    .bss.ProcessData1.packet  queue.o
    0x20000340        -       0x00000002   Zero   RW          382    .bss.ProcessData1.packetIndex  queue.o
    0x20000342        -       0x00000001   Zero   RW          383    .bss.ProcessData1.receive_status  queue.o
    0x20000343        -       0x00000001   Zero   RW          239    .bss.ProtectionsTriggered  bms.o
    0x20000344        -       0x00000020   Zero   RW          226    .bss.RX_32Byte      bms.o
    0x20000364        -       0x00000002   Zero   RW          248    .bss.RX_CRC_Fail    bms.o
    0x20000366        -       0x00000002   Zero   RW          225    .bss.RX_data        bms.o
    0x20000368        -       0x00000001   Zero   RW          236    .bss.SCD_Fault      bms.o
    0x20000369   COMPRESSED   0x00000001   PAD
    0x2000036a        -       0x00000002   Zero   RW          228    .bss.Stack_Voltage  bms.o
    0x2000036c        -       0x00000001   Zero   RW          234    .bss.UV_Fault       bms.o
    0x2000036d   COMPRESSED   0x00000001   PAD
    0x2000036e        -       0x0000000c   Zero   RW          263    .bss.V_cells        bms.o
    0x2000037a        -       0x00000002   Zero   RW          480    .bss.bms_battery_status  bms_pro.o
    0x2000037c        -       0x00000002   Zero   RW          466    .bss.bms_curr       bms_pro.o
    0x2000037e        -       0x00000002   Zero   RW          458    .bss.bms_tmp1       bms_pro.o
    0x20000380        -       0x00000002   Zero   RW          454    .bss.bms_tmp2       bms_pro.o
    0x20000382        -       0x00000002   Zero   RW          455    .bss.bms_tmp3       bms_pro.o
    0x20000384        -       0x00000002   Zero   RW          471    .bss.bms_tmp4       bms_pro.o
    0x20000386        -       0x00000005   Zero   RW          288    .bss.field_Transmit  communication.o
    0x2000038b        -       0x00000004   Zero   RW          292    .bss.field_receive  communication.o
    0x2000038f        -       0x00000008   Zero   RW          320    .bss.key_cb         key.o
    0x20000397        -       0x00000001   Zero   RW          117    .bss.key_fast_switch.last_level  app.o
    0x20000398        -       0x00000001   Zero   RW          118    .bss.key_fast_switch.num  app.o
    0x20000399   COMPRESSED   0x00000001   PAD
    0x2000039a        -       0x00000002   Zero   RW          119    .bss.key_fast_switch.timer  app.o
    0x2000039c        -       0x00000002   Zero   RW          485    .bss.pack_pin_voltage  bms_pro.o
    0x2000039e        -       0x00000001   Zero   RW          129    .bss.portA_plug_check.cnt  app.o
    0x2000039f        -       0x00000001   Zero   RW          287    .bss.receive_ok     communication.o
    0x200003a0        -       0x00000034   Zero   RW          384    .bss.rxBuffer       queue.o
    0x200003d4        -       0x0000001c   Zero   RW          286    .bss.rx_CB          communication.o
    0x200003f0        -       0x00000001   Zero   RW          122    .bss.sys_switch_check.key2_high_cnt  app.o
    0x200003f1        -       0x00000001   Zero   RW          123    .bss.sys_switch_check.key2_low_cnt  app.o
    0x200003f2        -       0x00000001   Zero   RW          484    .bss.task_bms.idx   bms_pro.o
    0x200003f3   COMPRESSED   0x00000001   PAD
    0x200003f4        -       0x00000004   Zero   RW          309    .bss.task_debug.i   debug.o
    0x200003f8        -       0x00000002   Zero   RW          249    .bss.u16_nack_flag  bms.o
    0x200003fa        -       0x00000001   Zero   RW          125    .bss.usba_app.oc_cnt  app.o
    0x200003fb   COMPRESSED   0x00000001   PAD
    0x200003fc        -       0x00000002   Zero   RW          127    .bss.usba_app.recover_cnt  app.o
    0x200003fe        -       0x00000002   Zero   RW          124    .bss.usba_app.small_cur_cnt  app.o
    0x20000400        -       0x00000001   Zero   RW          260    .bss.value_PFStatusA  bms.o
    0x20000401        -       0x00000001   Zero   RW          261    .bss.value_PFStatusB  bms.o
    0x20000402        -       0x00000001   Zero   RW          262    .bss.value_PFStatusC  bms.o
    0x20000403        -       0x00000001   Zero   RW          257    .bss.value_SafetyStatusA  bms.o
    0x20000404        -       0x00000001   Zero   RW          258    .bss.value_SafetyStatusB  bms.o
    0x20000405        -       0x00000001   Zero   RW          259    .bss.value_SafetyStatusC  bms.o
    0x20000406        -       0x00000002   Zero   RW          247    .bss.write_nack     bms.o
    0x20000408        -       0x00000002   Zero   RW          252    .bss.write_res      bms.o
    0x2000040a        -       0x00000004   Zero   RW          128    .bss.xbms           app.o
    0x2000040e   COMPRESSED   0x00000002   PAD
    0x20000410        -       0x00000800   Zero   RW         1000    STACK               startup_cs32f103xb.o


==============================================================================

Image component sizes


      Code (inc. data)   RO Data    RW Data    ZI Data      Debug   Object Name

       712          0          0          0          0       2294   adc.o
      1822          0         36         44         16       5228   app.o
      3052          0          6        435        117      10584   bms.o
       448         20          0          0         15       3675   bms_pro.o
       388          0          0          0         38       3347   communication.o
       360          0          0          0          0       3442   cs32f10x_adc.o
       560          0          0          0          0       3237   cs32f10x_gpio.o
       236          0          0          0          0       2500   cs32f10x_it.o
       178          0          0          0          0       3324   cs32f10x_misc.o
       396          0         20          0          0       4370   cs32f10x_rcu.o
       110          0          0          0          0       8812   cs32f10x_tim.o
       174          0          0          0          0       4237   cs32f10x_usart.o
       866          0        670         72          4       1832   debug.o
      1096          0         21          0          0       5481   iic.o
       972          0          0          0          0       6784   init.o
       662          0          0          0          8       2052   key.o
      4194         64         14         60          0       5648   led.o
       216          0         28          0          0       1475   main.o
       662          0         26          0        105       2562   queue.o
        36          8        236          0       2048        840   startup_cs32f103xb.o
       400          0          0          4          0       2985   system_cs32f10x.o
       274          0          0         97          0       1134   task.o

    ----------------------------------------------------------------------
     17944         92       1090        720       2364      85843   Object Totals
         0          0         32          0          0          0   (incl. Generated)
       130          0          1          8         13          0   (incl. Padding)

    ----------------------------------------------------------------------

      Code (inc. data)   RO Data    RW Data    ZI Data      Debug   Library Member Name

        86          0          0          0          0          0   __dczerorl2.o
         0          0          0          0          0          0   entry.o
         0          0          0          0          0          0   entry10a.o
         0          0          0          0          0          0   entry11a.o
         8          4          0          0          0          0   entry2.o
         4          0          0          0          0          0   entry5.o
         0          0          0          0          0          0   entry7b.o
         0          0          0          0          0          0   entry8b.o
         8          4          0          0          0          0   entry9a.o
        30          0          0          0          0          0   handlers.o
        48         10          0          0          0         68   init.o
         0          0          0          0          0          0   iusefp.o
        30          0          0          0          0         68   llshl.o
        36          0          0          0          0         68   llsshr.o
        32          0          0          0          0         68   llushr.o
      2258         90          0          0          0        452   printfa.o
         0          0          0          4          0          0   stdout.o
        44          0          0          0          0         80   uidiv.o
        98          0          0          0          0         92   uldiv.o
        48          0          0          0          0         68   cdrcmple.o
       334          0          0          0          0        148   dadd.o
       222          0          0          0          0        100   ddiv.o
       186          0          0          0          0        176   depilogue.o
        62          0          0          0          0         80   dfixi.o
        48          0          0          0          0         68   dfixul.o
        34          0          0          0          0         76   dflti.o
       228          0          0          0          0         96   dmul.o

    ----------------------------------------------------------------------
      3846        108          0          4          0       1708   Library Totals
         2          0          0          0          0          0   (incl. Padding)

    ----------------------------------------------------------------------

      Code (inc. data)   RO Data    RW Data    ZI Data      Debug   Library Name

      2682        108          0          4          0        896   mc_w.l
      1162          0          0          0          0        812   mf_w.l

    ----------------------------------------------------------------------
      3846        108          0          4          0       1708   Library Totals

    ----------------------------------------------------------------------

==============================================================================


      Code (inc. data)   RO Data    RW Data    ZI Data      Debug   

     21790        200       1090        724       2364      86499   Grand Totals
     21790        200       1090        440       2364      86499   ELF Image Totals (compressed)
     21790        200       1090        440          0          0   ROM Totals

==============================================================================

    Total RO  Size (Code + RO Data)                22880 (  22.34kB)
    Total RW  Size (RW Data + ZI Data)              3088 (   3.02kB)
    Total ROM Size (Code + RO Data + RW Data)      23320 (  22.77kB)

==============================================================================

