Component: Arm Compiler for Embedded 6.22 Tool: armlink [5ee90200]

==============================================================================

Section Cross References

    main.o(.text.main) refers to cs32f10x_rcu.o(.text.rcu_clk_freq_get) for rcu_clk_freq_get
    main.o(.text.main) refers to init.o(.text.tick_init) for tick_init
    main.o(.text.main) refers to app.o(.text.tick_delay) for tick_delay
    main.o(.text.main) refers to cs32f10x_gpio.o(.text.gpio_pin_remap_config) for gpio_pin_remap_config
    main.o(.text.main) refers to init.o(.text.uart_init) for uart_init
    main.o(.text.main) refers to init.o(.text.log_init) for log_init
    main.o(.text.main) refers to puts.o(i.puts) for puts
    main.o(.text.main) refers to key.o(.text.key_init) for key_init
    main.o(.text.main) refers to adc.o(.text.adc_init_) for adc_init_
    main.o(.text.main) refers to init.o(.text.tim_init) for tim_init
    main.o(.text.main) refers to iic.o(.text.i2c_init_2) for i2c_init_2
    main.o(.text.main) refers to init.o(.text.other_io_init) for other_io_init
    main.o(.text.main) refers to main.o(.rodata.str1.1) for .L.str.1
    main.o(.text.main) refers to printf8.o(i.__0printf$8) for __2printf
    main.o(.text.main) refers to bms.o(.text.bq76942_reset) for bq76942_reset
    main.o(.text.main) refers to coulomp.o(.text.coulomp_init) for coulomp_init
    main.o(.text.main) refers to bathealth.o(.text.health_init) for health_init
    main.o(.text.main) refers to led.o(.text.led_init) for led_init
    main.o(.text.main) refers to init.o(.text.rtc_config) for rtc_config
    main.o(.text.main) refers to init.o(.text.fwdt_init) for fwdt_init
    main.o(.text.main) refers to app.o(.data.sys) for sys
    main.o(.text.main) refers to cs32f10x_fwdt.o(.text.fwdt_reload_counter) for fwdt_reload_counter
    main.o(.text.main) refers to task.o(.text.Task_Pro_Handler_Callback) for Task_Pro_Handler_Callback
    main.o(.ARM.exidx.text.main) refers to main.o(.text.main) for [Anonymous Symbol]
    main.o(.ARM.exidx.text.led1_toggle) refers to main.o(.text.led1_toggle) for [Anonymous Symbol]
    main.o(.ARM.exidx.text.led2_toggle) refers to main.o(.text.led2_toggle) for [Anonymous Symbol]
    main.o(.ARM.exidx.text.delay) refers to main.o(.text.delay) for [Anonymous Symbol]
    cs32f10x_it.o(.ARM.exidx.text.NMI_Handler) refers to cs32f10x_it.o(.text.NMI_Handler) for [Anonymous Symbol]
    cs32f10x_it.o(.ARM.exidx.text.HardFault_Handler) refers to cs32f10x_it.o(.text.HardFault_Handler) for [Anonymous Symbol]
    cs32f10x_it.o(.ARM.exidx.text.MemManage_Handler) refers to cs32f10x_it.o(.text.MemManage_Handler) for [Anonymous Symbol]
    cs32f10x_it.o(.ARM.exidx.text.BusFault_Handler) refers to cs32f10x_it.o(.text.BusFault_Handler) for [Anonymous Symbol]
    cs32f10x_it.o(.ARM.exidx.text.UsageFault_Handler) refers to cs32f10x_it.o(.text.UsageFault_Handler) for [Anonymous Symbol]
    cs32f10x_it.o(.ARM.exidx.text.SVC_Handler) refers to cs32f10x_it.o(.text.SVC_Handler) for [Anonymous Symbol]
    cs32f10x_it.o(.ARM.exidx.text.DebugMon_Handler) refers to cs32f10x_it.o(.text.DebugMon_Handler) for [Anonymous Symbol]
    cs32f10x_it.o(.ARM.exidx.text.PendSV_Handler) refers to cs32f10x_it.o(.text.PendSV_Handler) for [Anonymous Symbol]
    cs32f10x_it.o(.text.SysTick_Handler) refers to app.o(.data.sys) for sys
    cs32f10x_it.o(.text.SysTick_Handler) refers to task.o(.text.Task_Marks_Handler_Callback) for Task_Marks_Handler_Callback
    cs32f10x_it.o(.ARM.exidx.text.SysTick_Handler) refers to cs32f10x_it.o(.text.SysTick_Handler) for [Anonymous Symbol]
    cs32f10x_it.o(.text.USART3_IRQHandler) refers to queue.o(.bss.rxBuffer) for rxBuffer
    cs32f10x_it.o(.text.USART3_IRQHandler) refers to queue.o(.text.circ_buffer_push) for circ_buffer_push
    cs32f10x_it.o(.text.USART3_IRQHandler) refers to app.o(.data.sys) for sys
    cs32f10x_it.o(.ARM.exidx.text.USART3_IRQHandler) refers to cs32f10x_it.o(.text.USART3_IRQHandler) for [Anonymous Symbol]
    cs32f10x_it.o(.text.TIM1_UP_IRQHandler) refers to led.o(.data.led) for led
    cs32f10x_it.o(.text.TIM1_UP_IRQHandler) refers to led.o(.text.led_pwm_control) for led_pwm_control
    cs32f10x_it.o(.text.TIM1_UP_IRQHandler) refers to app.o(.text.eta_driver) for eta_driver
    cs32f10x_it.o(.ARM.exidx.text.TIM1_UP_IRQHandler) refers to cs32f10x_it.o(.text.TIM1_UP_IRQHandler) for [Anonymous Symbol]
    cs32f10x_it.o(.text.EXTI4_IRQHandler) refers to app.o(.data.sys) for sys
    cs32f10x_it.o(.ARM.exidx.text.EXTI4_IRQHandler) refers to cs32f10x_it.o(.text.EXTI4_IRQHandler) for [Anonymous Symbol]
    cs32f10x_it.o(.text.EXTI1_IRQHandler) refers to app.o(.data.sys) for sys
    cs32f10x_it.o(.ARM.exidx.text.EXTI1_IRQHandler) refers to cs32f10x_it.o(.text.EXTI1_IRQHandler) for [Anonymous Symbol]
    cs32f10x_it.o(.text.EXTI15_10_IRQHandler) refers to app.o(.data.sys) for sys
    cs32f10x_it.o(.ARM.exidx.text.EXTI15_10_IRQHandler) refers to cs32f10x_it.o(.text.EXTI15_10_IRQHandler) for [Anonymous Symbol]
[...]
    [Anonymous Symbol]                       0x08000c18   Section        0  bms.o(.text.BQ769x2_ReadVoltage)
    [Anonymous Symbol]                       0x08000c44   Section        0  bms.o(.text.BQ769x2_Read_Vcells_123)
    [Anonymous Symbol]                       0x08000c54   Section        0  bms.o(.text.BQ769x2_Read_Vcells_5)
    [Anonymous Symbol]                       0x08000c68   Section        0  bms.o(.text.BQ769x2_Read_Vcells_7)
    [Anonymous Symbol]                       0x08000c7c   Section        0  bms.o(.text.BQ769x2_Read_Vcells_9)
    [Anonymous Symbol]                       0x08000c90   Section        0  bms.o(.text.BQ769x2_SetRegister)
    [Anonymous Symbol]                       0x08000e08   Section        0  cs32f10x_it.o(.text.BusFault_Handler)
    [Anonymous Symbol]                       0x08000e0c   Section        0  cs32f10x_it.o(.text.DebugMon_Handler)
    [Anonymous Symbol]                       0x08000e10   Section        0  bms.o(.text.DirectCommands)
    [Anonymous Symbol]                       0x08000e6c   Section        0  cs32f10x_it.o(.text.EXTI15_10_IRQHandler)
    [Anonymous Symbol]                       0x08000e98   Section        0  cs32f10x_it.o(.text.EXTI1_IRQHandler)
    [Anonymous Symbol]                       0x08000ec4   Section        0  cs32f10x_it.o(.text.EXTI4_IRQHandler)
    [Anonymous Symbol]                       0x08000f00   Section        0  cs32f10x_it.o(.text.HardFault_Handler)
    [Anonymous Symbol]                       0x08000f04   Section        0  iic.o(.text.I2C_ReadMulti)
    [Anonymous Symbol]                       0x08001190   Section        0  bms.o(.text.I2C_ReadReg)
    [Anonymous Symbol]                       0x08001288   Section        0  iic.o(.text.I2C_SendByte)
    [Anonymous Symbol]                       0x08001358   Section        0  iic.o(.text.I2C_WaitAck)
    [Anonymous Symbol]                       0x08001410   Section        0  iic.o(.text.I2C_WriteMulti)
    [Anonymous Symbol]                       0x08001528   Section        0  bms.o(.text.I2C_WriteReg)
    [Anonymous Symbol]                       0x080015f0   Section        0  cs32f10x_it.o(.text.MemManage_Handler)
    [Anonymous Symbol]                       0x080015f4   Section        0  cs32f10x_it.o(.text.NMI_Handler)
    [Anonymous Symbol]                       0x080015f8   Section        0  cs32f10x_it.o(.text.PendSV_Handler)
    [Anonymous Symbol]                       0x080015fc   Section        0  queue.o(.text.ProcessData1)
    [Anonymous Symbol]                       0x08001780   Section        0  cs32f10x_it.o(.text.RTCAlarm_IRQHandler)
    [Anonymous Symbol]                       0x080017a8   Section        0  cs32f10x_it.o(.text.RTC_IRQHandler)
    [Anonymous Symbol]                       0x080017cc   Section        0  cs32f10x_it.o(.text.SVC_Handler)
    [Anonymous Symbol]                       0x080017d0   Section        0  cs32f10x_it.o(.text.SysTick_Handler)
    [Anonymous Symbol]                       0x080017f8   Section        0  system_cs32f10x.o(.text.SystemInit)
    [Anonymous Symbol]                       0x0800190c   Section        0  cs32f10x_it.o(.text.TIM1_UP_IRQHandler)
    [Anonymous Symbol]                       0x08001930   Section        0  task.o(.text.Task_Marks_Handler_Callback)
    [Anonymous Symbol]                       0x08001974   Section        0  task.o(.text.Task_Pro_Handler_Callback)
    [Anonymous Symbol]                       0x080019bc   Section        0  cs32f10x_it.o(.text.USART3_IRQHandler)
    [Anonymous Symbol]                       0x080019fc   Section        0  cs32f10x_it.o(.text.UsageFault_Handler)
    [Anonymous Symbol]                       0x08001a00   Section        0  cs32f10x_adc.o(.text.adc_init)
    [Anonymous Symbol]                       0x08001a50   Section        0  adc.o(.text.adc_init_)
    [Anonymous Symbol]                       0x08001b3c   Section        0  cs32f10x_adc.o(.text.adc_regular_channel_config)
    [Anonymous Symbol]                       0x08001b9c   Section        0  cs32f10x_adc.o(.text.adc_struct_init)
    [Anonymous Symbol]                       0x08001bb0   Section        0  app.o(.text.app_led_control)
    [Anonymous Symbol]                       0x08001cfc   Section        0  app.o(.text.app_power_sw_contorl)
    [Anonymous Symbol]                       0x08001d80   Section        0  app.o(.text.app_sleep)
    [Anonymous Symbol]                       0x08001e4c   Section        0  app.o(.text.app_temperature_protect)
    [Anonymous Symbol]                       0x08001fc4   Section        0  app.o(.text.app_usba_control_protect)
    [Anonymous Symbol]                       0x08002178   Section        0  bms.o(.text.bms_init)
    [Anonymous Symbol]                       0x080022f0   Section        0  bms.o(.text.bq76942_reset)
    [Anonymous Symbol]                       0x08002364   Section        0  queue.o(.text.circ_buffer_push)
    [Anonymous Symbol]                       0x08002398   Section        0  communication.o(.text.cmd_g020_write)
    [Anonymous Symbol]                       0x080023a4   Section        0  coulomp.o(.text.coulomp_calc)
    [Anonymous Symbol]                       0x080024e4   Section        0  coulomp.o(.text.coulomp_init)
    [Anonymous Symbol]                       0x08002610   Section        0  init.o(.text.deinit_befor_sleep)
    [Anonymous Symbol]                       0x080026e0   Section        0  app.o(.text.eta_driver)
    [Anonymous Symbol]                       0x08002704   Section        0  cs32f10x_exti.o(.text.exti_def_init)
    [Anonymous Symbol]                       0x0800271c   Section        0  init.o(.text.exti_init)
    [Anonymous Symbol]                       0x080027dc   Section        0  led.o(.text.f_led_alloff)
    [Anonymous Symbol]                       0x08002830   Section        0  led.o(.text.f_led_charge)
    [Anonymous Symbol]                       0x0800289c   Section        0  led.o(.text.f_led_discharge)
    [Anonymous Symbol]                       0x08002908   Section        0  led.o(.text.f_led_err)
    [Anonymous Symbol]                       0x08002970   Section        0  led.o(.text.f_led_health)
    [Anonymous Symbol]                       0x080029c8   Section        0  led.o(.text.f_led_port_normal)
    [Anonymous Symbol]                       0x08002a20   Section        0  led.o(.text.f_led_port_warning)
    [Anonymous Symbol]                       0x08002b48   Section        0  led.o(.text.f_led_show_battery)
    [Anonymous Symbol]                       0x08002ba4   Section        0  led.o(.text.f_led_warning)
    [Anonymous Symbol]                       0x08002bfc   Section        0  app.o(.text.f_uaba_close)
    [Anonymous Symbol]                       0x08002c5c   Section        0  app.o(.text.f_uaba_fault_ov)
    [Anonymous Symbol]                       0x08002ca8   Section        0  app.o(.text.f_uaba_open)
    [Anonymous Symbol]                       0x08002d04   Section        0  init.o(.text.fputc)
    [Anonymous Symbol]                       0x08002d1c   Section        0  cs32f10x_fwdt.o(.text.fwdt_enable)
    [Anonymous Symbol]                       0x08002d2c   Section        0  init.o(.text.fwdt_init)
    [Anonymous Symbol]                       0x08002d4c   Section        0  cs32f10x_fwdt.o(.text.fwdt_prescaler_set)
    [Anonymous Symbol]                       0x08002d58   Section        0  cs32f10x_fwdt.o(.text.fwdt_reload_counter)
    [Anonymous Symbol]                       0x08002d68   Section        0  cs32f10x_fwdt.o(.text.fwdt_reload_set)
    [Anonymous Symbol]                       0x08002d74   Section        0  cs32f10x_fwdt.o(.text.fwdt_write_access_enable_ctrl)
    [Anonymous Symbol]                       0x08002d80   Section        0  cs32f10x_gpio.o(.text.gpio_exti_pin_config)
    [Anonymous Symbol]                       0x08002db8   Section        0  cs32f10x_gpio.o(.text.gpio_mode_config)
    [Anonymous Symbol]                       0x08002e78   Section        0  cs32f10x_gpio.o(.text.gpio_pin_remap_config)
    [Anonymous Symbol]                       0x08002e90   Section        0  bathealth.o(.text.health_init)
    [Anonymous Symbol]                       0x08002ea0   Section        0  iic.o(.text.i2c_init_2)
    [Anonymous Symbol]                       0x08002ed8   Section        0  init.o(.text.init_after_wakeup)
    [Anonymous Symbol]                       0x0800300c   Section        0  init.o(.text.io_sleep_conf)
    [Anonymous Symbol]                       0x08003248   Section        0  key.o(.text.key_init)
    [Anonymous Symbol]                       0x08003294   Section        0  led.o(.text.led_bat_show)
    [Anonymous Symbol]                       0x080036e8   Section        0  led.o(.text.led_init)
    [Anonymous Symbol]                       0x08003814   Section        0  led.o(.text.led_port_show)
    [Anonymous Symbol]                       0x0800394c   Section        0  led.o(.text.led_pwm_control)
    [Anonymous Symbol]                       0x080039fc   Section        0  init.o(.text.log_init)
    [Anonymous Symbol]                       0x08003a64   Section        0  main.o(.text.main)
    [Anonymous Symbol]                       0x08003b18   Section        0  cs32f10x_misc.o(.text.nvic_init)
    [Anonymous Symbol]                       0x08003b4c   Section        0  cs32f10x_misc.o(.text.nvic_priority_group_config)
    [Anonymous Symbol]                       0x08003b60   Section        0  init.o(.text.other_io_init)
    [Anonymous Symbol]                       0x08003bf0   Section        0  cs32f10x_pmu.o(.text.pmu_stop_mode_enter)
    [Anonymous Symbol]                       0x08003c30   Section        0  cs32f10x_pmu.o(.text.pmu_vbat_domain_write_config)
    [Anonymous Symbol]                       0x08003c48   Section        0  cs32f10x_rcu.o(.text.rcu_adcclk_config)
    [Anonymous Symbol]                       0x08003c5c   Section        0  cs32f10x_rcu.o(.text.rcu_clk_freq_get)
    [Anonymous Symbol]                       0x08003cfc   Section        0  cs32f10x_rcu.o(.text.rcu_clkready_reset_flag_get)
    [Anonymous Symbol]                       0x08003d40   Section        0  cs32f10x_rcu.o(.text.rcu_rtcclk_config)
    [Anonymous Symbol]                       0x08003d54   Section        0  cs32f10x_rcu.o(.text.rcu_sysclk_config)
    [Anonymous Symbol]                       0x08003d68   Section        0  cs32f10x_rcu.o(.text.rcu_sysclk_src_get)
    [Anonymous Symbol]                       0x08003d78   Section        0  cs32f10x_rtc.o(.text.rtc_alarm_set)
    [Anonymous Symbol]                       0x08003d9c   Section        0  init.o(.text.rtc_config)
    [Anonymous Symbol]                       0x08003e70   Section        0  cs32f10x_rtc.o(.text.rtc_counter_set)
    [Anonymous Symbol]                       0x08003e94   Section        0  cs32f10x_rtc.o(.text.rtc_prescaler_set)
    [Anonymous Symbol]                       0x08003eb8   Section        0  cs32f10x_rtc.o(.text.rtc_wait_for_synchronize)
    sleep_del                                0x08003ed1   Thumb Code   272  app.o(.text.sleep_del)
    [Anonymous Symbol]                       0x08003ed0   Section        0  app.o(.text.sleep_del)
    [Anonymous Symbol]                       0x08004008   Section        0  adc.o(.text.task_adc)
    [Anonymous Symbol]                       0x08004100   Section        0  app.o(.text.task_app)
    [Anonymous Symbol]                       0x080043bc   Section        0  bms_pro.o(.text.task_bms)
    [Anonymous Symbol]                       0x0800453c   Section        0  communication.o(.text.task_com_rx)
    [Anonymous Symbol]                       0x08004548   Section        0  communication.o(.text.task_com_tx)
    [Anonymous Symbol]                       0x08004614   Section        0  coulomp.o(.text.task_coulomp)
    [Anonymous Symbol]                       0x08004658   Section        0  debug.o(.text.task_debug)
    [Anonymous Symbol]                       0x0800465c   Section        0  bathealth.o(.text.task_health)
    table                                    0x080046c4   Number         0  bathealth.o(.text.task_health)
    [Anonymous Symbol]                       0x080046cc   Section        0  key.o(.text.task_key)
    [Anonymous Symbol]                       0x08004780   Section        0  led.o(.text.task_led)
    [Anonymous Symbol]                       0x0800479c   Section        0  app.o(.text.tick_delay)
    [Anonymous Symbol]                       0x080047b0   Section        0  init.o(.text.tick_init)
    [Anonymous Symbol]                       0x080047f8   Section        0  cs32f10x_tim.o(.text.tim_base_init)
    [Anonymous Symbol]                       0x0800483c   Section        0  cs32f10x_tim.o(.text.tim_def_init)
    [Anonymous Symbol]                       0x0800499c   Section        0  init.o(.text.tim_init)
    [Anonymous Symbol]                       0x08004a04   Section        0  bms.o(.text.turn_to_CFGUPDATE)
    [Anonymous Symbol]                       0x08004ae4   Section        0  init.o(.text.uart_init)
    [Anonymous Symbol]                       0x08004b64   Section        0  cs32f10x_usart.o(.text.usart_def_init)
    [Anonymous Symbol]                       0x08004c34   Section        0  cs32f10x_usart.o(.text.usart_init)
    i.__0printf$8                            0x08004ca8   Section        0  printf8.o(i.__0printf$8)
    i.__scatterload_copy                     0x08004cc8   Section       14  handlers.o(i.__scatterload_copy)
    i.__scatterload_null                     0x08004cd6   Section        2  handlers.o(i.__scatterload_null)
    i.__scatterload_zeroinit                 0x08004cd8   Section       14  handlers.o(i.__scatterload_zeroinit)
    _printf_core                             0x08004ce9   Thumb Code   996  printf8.o(i._printf_core)
    i._printf_core                           0x08004ce8   Section        0  printf8.o(i._printf_core)
    _printf_post_padding                     0x080050f9   Thumb Code    36  printf8.o(i._printf_post_padding)
    i._printf_post_padding                   0x080050f8   Section        0  printf8.o(i._printf_post_padding)
    _printf_pre_padding                      0x0800511d   Thumb Code    46  printf8.o(i._printf_pre_padding)
    i._printf_pre_padding                    0x0800511c   Section        0  printf8.o(i._printf_pre_padding)
    i.puts                                   0x0800514c   Section        0  puts.o(i.puts)
    ADC_pdiv_table                           0x08005170   Data           4  cs32f10x_rcu.o(.rodata.ADC_pdiv_table)
    [Anonymous Symbol]                       0x08005170   Section        0  cs32f10x_rcu.o(.rodata.ADC_pdiv_table)
    APBAHB_pdiv_table                        0x08005174   Data          16  cs32f10x_rcu.o(.rodata.APBAHB_pdiv_table)
    [Anonymous Symbol]                       0x08005174   Section        0  cs32f10x_rcu.o(.rodata.APBAHB_pdiv_table)
    .L.str.1                                 0x08005184   Data          87  main.o(.rodata.str1.1)
    [Anonymous Symbol]                       0x08005184   Section        0  main.o(.rodata.str1.1)
    .L.str.10                                0x080051db   Data          31  app.o(.rodata.str1.1)
    [Anonymous Symbol]                       0x080051db   Section        0  app.o(.rodata.str1.1)
    .L.str                                   0x080051fa   Data          19  app.o(.rodata.str1.1)
    .L.str.2                                 0x080051fa   Data          19  app.o(.rodata.str1.1)
    .L.str.5                                 0x0800520d   Data          16  app.o(.rodata.str1.1)
    .L.str.1                                 0x0800521d   Data          15  app.o(.rodata.str1.1)
    .L.str.3                                 0x0800521d   Data          15  app.o(.rodata.str1.1)
    .L.str.4                                 0x0800522c   Data          14  app.o(.rodata.str1.1)
    .L.str.2                                 0x0800523a   Data          14  led.o(.rodata.str1.1)
    [Anonymous Symbol]                       0x0800523a   Section        0  led.o(.rodata.str1.1)
    .L.str.3                                 0x08005248   Data          36  queue.o(.rodata.str1.1)
    [Anonymous Symbol]                       0x08005248   Section        0  queue.o(.rodata.str1.1)
    .Lstr.4                                  0x0800526c   Data           9  queue.o(.rodata.str1.1)
    table                                    0x08005275   Data           9  coulomp.o(.rodata.str1.1)
    [Anonymous Symbol]                       0x08005275   Section        0  coulomp.o(.rodata.str1.1)
    .data                                    0x20000000   Section        4  stdout.o(.data)
    Task_Comps                               0x20000008   Data         120  task.o(.data.Task_Comps)
    [Anonymous Symbol]                       0x20000008   Section        0  task.o(.data.Task_Comps)
    ProcessData1.packet                      0x2000038c   Data          50  queue.o(.bss.ProcessData1.packet)
    [Anonymous Symbol]                       0x2000038c   Section        0  queue.o(.bss.ProcessData1.packet)
    ProcessData1.packetIndex                 0x200003be   Data           2  queue.o(.bss.ProcessData1.packetIndex)
    [Anonymous Symbol]                       0x200003be   Section        0  queue.o(.bss.ProcessData1.packetIndex)
    ProcessData1.receive_status              0x200003c0   Data           1  queue.o(.bss.ProcessData1.receive_status)
    [Anonymous Symbol]                       0x200003c0   Section        0  queue.o(.bss.ProcessData1.receive_status)
    app_bms_comm_recover.cnt                 0x200003f8   Data           2  app.o(.bss.app_bms_comm_recover.cnt)
    [Anonymous Symbol]                       0x200003f8   Section        0  app.o(.bss.app_bms_comm_recover.cnt)
    app_led_control.err_mode                 0x200003fa   Data           1  app.o(.bss.app_led_control.err_mode)
    [Anonymous Symbol]                       0x200003fa   Section        0  app.o(.bss.app_led_control.err_mode)
    app_power_rank_contorl.cnt               0x200003fb   Data           1  app.o(.bss.app_power_rank_contorl.cnt)
    [Anonymous Symbol]                       0x200003fb   Section        0  app.o(.bss.app_power_rank_contorl.cnt)
    app_sleep.delay_off                      0x200003fc   Data           2  app.o(.bss.app_sleep.delay_off)
    [Anonymous Symbol]                       0x200003fc   Section        0  app.o(.bss.app_sleep.delay_off)
    app_sleep.delay_on                       0x200003fe   Data           2  app.o(.bss.app_sleep.delay_on)
    [Anonymous Symbol]                       0x200003fe   Section        0  app.o(.bss.app_sleep.delay_on)
    app_temperature_protect.rep.0            0x20000400   Data           2  app.o(.bss.app_temperature_protect.rep.0)
    [Anonymous Symbol]                       0x20000400   Section        0  app.o(.bss.app_temperature_protect.rep.0)
    app_temperature_protect.rep.1            0x20000402   Data           2  app.o(.bss.app_temperature_protect.rep.1)
    [Anonymous Symbol]                       0x20000402   Section        0  app.o(.bss.app_temperature_protect.rep.1)
    app_temperature_protect.rep.2            0x20000404   Data           2  app.o(.bss.app_temperature_protect.rep.2)
    [Anonymous Symbol]                       0x20000404   Section        0  app.o(.bss.app_temperature_protect.rep.2)
    app_temperature_protect.rep.3            0x20000406   Data           2  app.o(.bss.app_temperature_protect.rep.3)
    [Anonymous Symbol]                       0x20000406   Section        0  app.o(.bss.app_temperature_protect.rep.3)
    app_usba_control_protect.oc_cnt          0x20000408   Data           1  app.o(.bss.app_usba_control_protect.oc_cnt)
    [Anonymous Symbol]                       0x20000408   Section        0  app.o(.bss.app_usba_control_protect.oc_cnt)
    app_usba_control_protect.recover_cnt     0x2000040c   Data           4  app.o(.bss.app_usba_control_protect.recover_cnt)
    [Anonymous Symbol]                       0x2000040c   Section        0  app.o(.bss.app_usba_control_protect.recover_cnt)
    app_usba_control_protect.small_cur_cnt   0x20000410   Data           4  app.o(.bss.app_usba_control_protect.small_cur_cnt)
    [Anonymous Symbol]                       0x20000410   Section        0  app.o(.bss.app_usba_control_protect.small_cur_cnt)
    key_fast_switch.last_level               0x20000450   Data           1  app.o(.bss.key_fast_switch.last_level)
    [Anonymous Symbol]                       0x20000450   Section        0  app.o(.bss.key_fast_switch.last_level)
    key_fast_switch.num                      0x20000451   Data           1  app.o(.bss.key_fast_switch.num)
    [Anonymous Symbol]                       0x20000451   Section        0  app.o(.bss.key_fast_switch.num)
    key_fast_switch.timer                    0x20000452   Data           2  app.o(.bss.key_fast_switch.timer)
    [Anonymous Symbol]                       0x20000452   Section        0  app.o(.bss.key_fast_switch.timer)
    led_bat_show.flag                        0x20000454   Data           1  led.o(.bss.led_bat_show.flag)
    [Anonymous Symbol]                       0x20000454   Section        0  led.o(.bss.led_bat_show.flag)
    portA_plug_check.cnt                     0x20000458   Data           1  app.o(.bss.portA_plug_check.cnt)
    [Anonymous Symbol]                       0x20000458   Section        0  app.o(.bss.portA_plug_check.cnt)
    sys_switch_check.key2_high_cnt           0x200004ab   Data           1  app.o(.bss.sys_switch_check.key2_high_cnt)
    [Anonymous Symbol]                       0x200004ab   Section        0  app.o(.bss.sys_switch_check.key2_high_cnt)
    sys_switch_check.key2_low_cnt            0x200004ac   Data           1  app.o(.bss.sys_switch_check.key2_low_cnt)
    [Anonymous Symbol]                       0x200004ac   Section        0  app.o(.bss.sys_switch_check.key2_low_cnt)
    task_bms.idx                             0x200004ad   Data           1  bms_pro.o(.bss.task_bms.idx)
    [Anonymous Symbol]                       0x200004ad   Section        0  bms_pro.o(.bss.task_bms.idx)
    STACK                                    0x200004c0   Section     2048  startup_cs32f103xb.o(STACK)

    Global Symbols

    Symbol Name                              Value     Ov Type        Size  Object(Section)

    BuildAttributes$$THM_ISAv4$P$D$K$B$S$PE$A:L22UL41UL21$X:L11$S22US41US21$IEEE1$IW$~IW$USESV6$~STKCKD$USESV7$~SHL$OTIME$ROPI$EBA8$MICROLIB$REQ8$PRES8$EABIv2 0x00000000   Number         0  anon$$obj.o ABSOLUTE
    _printf_a                                0x00000000   Number         0  printfstubs.o ABSOLUTE
    _printf_c                                0x00000000   Number         0  printfstubs.o ABSOLUTE
    _printf_charcount                        0x00000000   Number         0  printfstubs.o ABSOLUTE
    _printf_d                                0x00000000   Number         0  printfstubs.o ABSOLUTE
    _printf_e                                0x00000000   Number         0  printfstubs.o ABSOLUTE
    _printf_f                                0x00000000   Number         0  printfstubs.o ABSOLUTE
    _printf_flags                            0x00000000   Number         0  printfstubs.o ABSOLUTE
    _printf_fp_dec                           0x00000000   Number         0  printfstubs.o ABSOLUTE
    _printf_fp_hex                           0x00000000   Number         0  printfstubs.o ABSOLUTE
    _printf_g                                0x00000000   Number         0  printfstubs.o ABSOLUTE
    _printf_i                                0x00000000   Number         0  printfstubs.o ABSOLUTE
    _printf_int_dec                          0x00000000   Number         0  printfstubs.o ABSOLUTE
    _printf_l                                0x00000000   Number         0  printfstubs.o ABSOLUTE
    _printf_lc                               0x00000000   Number         0  printfstubs.o ABSOLUTE
    _printf_ll                               0x00000000   Number         0  printfstubs.o ABSOLUTE
    _printf_lld                              0x00000000   Number         0  printfstubs.o ABSOLUTE
    _printf_lli                              0x00000000   Number         0  printfstubs.o ABSOLUTE
    _printf_llo                              0x00000000   Number         0  printfstubs.o ABSOLUTE
    _printf_llu                              0x00000000   Number         0  printfstubs.o ABSOLUTE
    _printf_llx                              0x00000000   Number         0  printfstubs.o ABSOLUTE
    _printf_longlong_dec                     0x00000000   Number         0  printfstubs.o ABSOLUTE
    _printf_longlong_hex                     0x00000000   Number         0  printfstubs.o ABSOLUTE
    _printf_longlong_oct                     0x00000000   Number         0  printfstubs.o ABSOLUTE
    _printf_ls                               0x00000000   Number         0  printfstubs.o ABSOLUTE
    _printf_mbtowc                           0x00000000   Number         0  printfstubs.o ABSOLUTE
    _printf_n                                0x00000000   Number         0  printfstubs.o ABSOLUTE
    _printf_o                                0x00000000   Number         0  printfstubs.o ABSOLUTE
    _printf_p                                0x00000000   Number         0  printfstubs.o ABSOLUTE
    _printf_percent                          0x00000000   Number         0  printfstubs.o ABSOLUTE
    _printf_pre_padding                      0x00000000   Number         0  printfstubs.o ABSOLUTE
    _printf_return_value                     0x00000000   Number         0  printfstubs.o ABSOLUTE
    _printf_s                                0x00000000   Number         0  printfstubs.o ABSOLUTE
    _printf_sizespec                         0x00000000   Number         0  printfstubs.o ABSOLUTE
    _printf_str                              0x00000000   Number         0  printfstubs.o ABSOLUTE
    _printf_truncate_signed                  0x00000000   Number         0  printfstubs.o ABSOLUTE
    _printf_truncate_unsigned                0x00000000   Number         0  printfstubs.o ABSOLUTE
    _printf_u                                0x00000000   Number         0  printfstubs.o ABSOLUTE
    _printf_wc                               0x00000000   Number         0  printfstubs.o ABSOLUTE
    _printf_wctomb                           0x00000000   Number         0  printfstubs.o ABSOLUTE
    _printf_widthprec                        0x00000000   Number         0  printfstubs.o ABSOLUTE
    _printf_x                                0x00000000   Number         0  printfstubs.o ABSOLUTE
    __cpp_initialize__aeabi_                  - Undefined Weak Reference
    __cxa_finalize                            - Undefined Weak Reference
    _clock_init                               - Undefined Weak Reference
    _microlib_exit                            - Undefined Weak Reference
    __Vectors_Size                           0x000000ec   Number         0  startup_cs32f103xb.o ABSOLUTE
    __Vectors                                0x08000000   Data           4  startup_cs32f103xb.o(RESET)
    __Vectors_End                            0x080000ec   Data           0  startup_cs32f103xb.o(RESET)
    __main                                   0x080000ed   Thumb Code     0  entry.o(.ARM.Collect$$$$00000000)
    _main_stk                                0x080000ed   Thumb Code     0  entry2.o(.ARM.Collect$$$$00000001)
    _main_scatterload                        0x080000f1   Thumb Code     0  entry5.o(.ARM.Collect$$$$00000004)
    __main_after_scatterload                 0x080000f5   Thumb Code     0  entry5.o(.ARM.Collect$$$$00000004)
    _main_clock                              0x080000f5   Thumb Code     0  entry7b.o(.ARM.Collect$$$$00000008)
    _main_cpp_init                           0x080000f5   Thumb Code     0  entry8b.o(.ARM.Collect$$$$0000000A)
    _main_init                               0x080000f5   Thumb Code     0  entry9a.o(.ARM.Collect$$$$0000000B)
    __rt_final_cpp                           0x080000fd   Thumb Code     0  entry10a.o(.ARM.Collect$$$$0000000D)
    __rt_final_exit                          0x080000fd   Thumb Code     0  entry11a.o(.ARM.Collect$$$$0000000F)
    Reset_Handler                            0x08000101   Thumb Code     8  startup_cs32f103xb.o(.text)
    ADC1_2_IRQHandler                        0x0800011b   Thumb Code     0  startup_cs32f103xb.o(.text)
    CAN1_RX1_IRQHandler                      0x0800011b   Thumb Code     0  startup_cs32f103xb.o(.text)
    CAN1_SCE_IRQHandler                      0x0800011b   Thumb Code     0  startup_cs32f103xb.o(.text)
    DMA1_Channel1_IRQHandler                 0x0800011b   Thumb Code     0  startup_cs32f103xb.o(.text)
    DMA1_Channel2_IRQHandler                 0x0800011b   Thumb Code     0  startup_cs32f103xb.o(.text)
    DMA1_Channel3_IRQHandler                 0x0800011b   Thumb Code     0  startup_cs32f103xb.o(.text)
    DMA1_Channel4_IRQHandler                 0x0800011b   Thumb Code     0  startup_cs32f103xb.o(.text)
    DMA1_Channel5_IRQHandler                 0x0800011b   Thumb Code     0  startup_cs32f103xb.o(.text)
    DMA1_Channel6_IRQHandler                 0x0800011b   Thumb Code     0  startup_cs32f103xb.o(.text)
    DMA1_Channel7_IRQHandler                 0x0800011b   Thumb Code     0  startup_cs32f103xb.o(.text)
    EXTI0_IRQHandler                         0x0800011b   Thumb Code     0  startup_cs32f103xb.o(.text)
    EXTI2_IRQHandler                         0x0800011b   Thumb Code     0  startup_cs32f103xb.o(.text)
    EXTI3_IRQHandler                         0x0800011b   Thumb Code     0  startup_cs32f103xb.o(.text)
    EXTI9_5_IRQHandler                       0x0800011b   Thumb Code     0  startup_cs32f103xb.o(.text)
    FLASH_IRQHandler                         0x0800011b   Thumb Code     0  startup_cs32f103xb.o(.text)
    I2C1_ER_IRQHandler                       0x0800011b   Thumb Code     0  startup_cs32f103xb.o(.text)
    I2C1_EV_IRQHandler                       0x0800011b   Thumb Code     0  startup_cs32f103xb.o(.text)
    I2C2_ER_IRQHandler                       0x0800011b   Thumb Code     0  startup_cs32f103xb.o(.text)
    I2C2_EV_IRQHandler                       0x0800011b   Thumb Code     0  startup_cs32f103xb.o(.text)
    PVD_IRQHandler                           0x0800011b   Thumb Code     0  startup_cs32f103xb.o(.text)
    RCU_IRQHandler                           0x0800011b   Thumb Code     0  startup_cs32f103xb.o(.text)
    SPI1_IRQHandler                          0x0800011b   Thumb Code     0  startup_cs32f103xb.o(.text)
    SPI2_IRQHandler                          0x0800011b   Thumb Code     0  startup_cs32f103xb.o(.text)
    TAMPER_IRQHandler                        0x0800011b   Thumb Code     0  startup_cs32f103xb.o(.text)
    TIM1_BRK_IRQHandler                      0x0800011b   Thumb Code     0  startup_cs32f103xb.o(.text)
    TIM1_CC_IRQHandler                       0x0800011b   Thumb Code     0  startup_cs32f103xb.o(.text)
    TIM1_TRG_COM_IRQHandler                  0x0800011b   Thumb Code     0  startup_cs32f103xb.o(.text)
    TIM2_IRQHandler                          0x0800011b   Thumb Code     0  startup_cs32f103xb.o(.text)
    TIM3_IRQHandler                          0x0800011b   Thumb Code     0  startup_cs32f103xb.o(.text)
    TIM4_IRQHandler                          0x0800011b   Thumb Code     0  startup_cs32f103xb.o(.text)
    USART1_IRQHandler                        0x0800011b   Thumb Code     0  startup_cs32f103xb.o(.text)
    USART2_IRQHandler                        0x0800011b   Thumb Code     0  startup_cs32f103xb.o(.text)
    USBWakeUp_IRQHandler                     0x0800011b   Thumb Code     0  startup_cs32f103xb.o(.text)
    USB_HP_CAN1_TX_IRQHandler                0x0800011b   Thumb Code     0  startup_cs32f103xb.o(.text)
    USB_LP_CAN1_RX0_IRQHandler               0x0800011b   Thumb Code     0  startup_cs32f103xb.o(.text)
    WWDT_IRQHandler                          0x0800011b   Thumb Code     0  startup_cs32f103xb.o(.text)
    __aeabi_uldivmod                         0x08000125   Thumb Code    98  uldiv.o(.text)
    __aeabi_fadd                             0x08000187   Thumb Code   164  fadd.o(.text)
    __aeabi_fsub                             0x0800022b   Thumb Code     6  fadd.o(.text)
    __aeabi_frsub                            0x08000231   Thumb Code     6  fadd.o(.text)
    __aeabi_fmul                             0x08000237   Thumb Code   100  fmul.o(.text)
    __aeabi_fdiv                             0x0800029b   Thumb Code   124  fdiv.o(.text)
    __aeabi_dmul                             0x08000317   Thumb Code   228  dmul.o(.text)
    __aeabi_ddiv                             0x080003fb   Thumb Code   222  ddiv.o(.text)
    __aeabi_i2f                              0x080004d9   Thumb Code    18  fflti.o(.text)
    __aeabi_i2d                              0x080004eb   Thumb Code    34  dflti.o(.text)
    __aeabi_ui2d                             0x0800050d   Thumb Code    26  dfltui.o(.text)
    __aeabi_f2iz                             0x08000527   Thumb Code    50  ffixi.o(.text)
    __aeabi_d2iz                             0x08000559   Thumb Code    62  dfixi.o(.text)
    __aeabi_llsl                             0x08000597   Thumb Code    30  llshl.o(.text)
    _ll_shift_l                              0x08000597   Thumb Code     0  llshl.o(.text)
    __aeabi_llsr                             0x080005b5   Thumb Code    32  llushr.o(.text)
    _ll_ushift_r                             0x080005b5   Thumb Code     0  llushr.o(.text)
    __I$use$fp                               0x080005d5   Thumb Code     0  iusefp.o(.text)
    _float_round                             0x080005d5   Thumb Code    18  fepilogue.o(.text)
    _float_epilogue                          0x080005e7   Thumb Code    92  fepilogue.o(.text)
    _double_round                            0x08000643   Thumb Code    30  depilogue.o(.text)
    _double_epilogue                         0x08000661   Thumb Code   156  depilogue.o(.text)
    __scatterload                            0x080006fd   Thumb Code    38  init.o(.text)
    __scatterload_rt2                        0x080006fd   Thumb Code     0  init.o(.text)
    __decompress                             0x0800072d   Thumb Code     0  __dczerorl2.o(.text)
    __decompress1                            0x0800072d   Thumb Code    86  __dczerorl2.o(.text)
    BQ769x2_Init                             0x08000785   Thumb Code   154  bms.o(.text.BQ769x2_Init)
    BQ769x2_RESET_DSG_OFF                    0x08000821   Thumb Code    16  bms.o(.text.BQ769x2_RESET_DSG_OFF)
    BQ769x2_ReadAlarmRaw                     0x08000831   Thumb Code    44  bms.o(.text.BQ769x2_ReadAlarmRaw)
    BQ769x2_ReadAlarmStatus                  0x0800085d   Thumb Code    44  bms.o(.text.BQ769x2_ReadAlarmStatus)
    BQ769x2_ReadAllVoltages                  0x08000889   Thumb Code   212  bms.o(.text.BQ769x2_ReadAllVoltages)
    BQ769x2_ReadCurrent                      0x0800095d   Thumb Code    46  bms.o(.text.BQ769x2_ReadCurrent)
    BQ769x2_ReadFETStatus                    0x0800098d   Thumb Code   110  bms.o(.text.BQ769x2_ReadFETStatus)
    BQ769x2_ReadPFStatusA                    0x080009fd   Thumb Code    54  bms.o(.text.BQ769x2_ReadPFStatusA)
    BQ769x2_ReadPFStatusB                    0x08000a35   Thumb Code    54  bms.o(.text.BQ769x2_ReadPFStatusB)
    BQ769x2_ReadPFStatusC                    0x08000a6d   Thumb Code    54  bms.o(.text.BQ769x2_ReadPFStatusC)
    BQ769x2_ReadSafetyStatusA                0x08000aa5   Thumb Code   138  bms.o(.text.BQ769x2_ReadSafetyStatusA)
    BQ769x2_ReadSafetyStatusB                0x08000b31   Thumb Code    70  bms.o(.text.BQ769x2_ReadSafetyStatusB)
    BQ769x2_ReadSafetyStatusC                0x08000b79   Thumb Code   114  bms.o(.text.BQ769x2_ReadSafetyStatusC)
    BQ769x2_ReadTemperature                  0x08000bed   Thumb Code    44  bms.o(.text.BQ769x2_ReadTemperature)
    BQ769x2_ReadVoltage                      0x08000c19   Thumb Code    44  bms.o(.text.BQ769x2_ReadVoltage)
    BQ769x2_Read_Vcells_123                  0x08000c45   Thumb Code    16  bms.o(.text.BQ769x2_Read_Vcells_123)
    BQ769x2_Read_Vcells_5                    0x08000c55   Thumb Code    18  bms.o(.text.BQ769x2_Read_Vcells_5)
    BQ769x2_Read_Vcells_7                    0x08000c69   Thumb Code    20  bms.o(.text.BQ769x2_Read_Vcells_7)
    BQ769x2_Read_Vcells_9                    0x08000c7d   Thumb Code    20  bms.o(.text.BQ769x2_Read_Vcells_9)
    BQ769x2_SetRegister                      0x08000c91   Thumb Code   374  bms.o(.text.BQ769x2_SetRegister)
    BusFault_Handler                         0x08000e09   Thumb Code     2  cs32f10x_it.o(.text.BusFault_Handler)
    DebugMon_Handler                         0x08000e0d   Thumb Code     2  cs32f10x_it.o(.text.DebugMon_Handler)
    DirectCommands                           0x08000e11   Thumb Code    90  bms.o(.text.DirectCommands)
    EXTI15_10_IRQHandler                     0x08000e6d   Thumb Code    44  cs32f10x_it.o(.text.EXTI15_10_IRQHandler)
    EXTI1_IRQHandler                         0x08000e99   Thumb Code    42  cs32f10x_it.o(.text.EXTI1_IRQHandler)
    EXTI4_IRQHandler                         0x08000ec5   Thumb Code    58  cs32f10x_it.o(.text.EXTI4_IRQHandler)
    HardFault_Handler                        0x08000f01   Thumb Code     2  cs32f10x_it.o(.text.HardFault_Handler)
    I2C_ReadMulti                            0x08000f05   Thumb Code   650  iic.o(.text.I2C_ReadMulti)
    I2C_ReadReg                              0x08001191   Thumb Code   246  bms.o(.text.I2C_ReadReg)
    I2C_SendByte                             0x08001289   Thumb Code   206  iic.o(.text.I2C_SendByte)
    I2C_WaitAck                              0x08001359   Thumb Code   172  iic.o(.text.I2C_WaitAck)
    I2C_WriteMulti                           0x08001411   Thumb Code   278  iic.o(.text.I2C_WriteMulti)
    I2C_WriteReg                             0x08001529   Thumb Code   200  bms.o(.text.I2C_WriteReg)
    MemManage_Handler                        0x080015f1   Thumb Code     2  cs32f10x_it.o(.text.MemManage_Handler)
    NMI_Handler                              0x080015f5   Thumb Code     2  cs32f10x_it.o(.text.NMI_Handler)
    PendSV_Handler                           0x080015f9   Thumb Code     2  cs32f10x_it.o(.text.PendSV_Handler)
    ProcessData1                             0x080015fd   Thumb Code   386  queue.o(.text.ProcessData1)
    RTCAlarm_IRQHandler                      0x08001781   Thumb Code    40  cs32f10x_it.o(.text.RTCAlarm_IRQHandler)
    RTC_IRQHandler                           0x080017a9   Thumb Code    36  cs32f10x_it.o(.text.RTC_IRQHandler)
    SVC_Handler                              0x080017cd   Thumb Code     2  cs32f10x_it.o(.text.SVC_Handler)
    SysTick_Handler                          0x080017d1   Thumb Code    38  cs32f10x_it.o(.text.SysTick_Handler)
    SystemInit                               0x080017f9   Thumb Code   274  system_cs32f10x.o(.text.SystemInit)
    TIM1_UP_IRQHandler                       0x0800190d   Thumb Code    34  cs32f10x_it.o(.text.TIM1_UP_IRQHandler)
    Task_Marks_Handler_Callback              0x08001931   Thumb Code    66  task.o(.text.Task_Marks_Handler_Callback)
    Task_Pro_Handler_Callback                0x08001975   Thumb Code    70  task.o(.text.Task_Pro_Handler_Callback)
    USART3_IRQHandler                        0x080019bd   Thumb Code    62  cs32f10x_it.o(.text.USART3_IRQHandler)
    UsageFault_Handler                       0x080019fd   Thumb Code     2  cs32f10x_it.o(.text.UsageFault_Handler)
    adc_init                                 0x08001a01   Thumb Code    80  cs32f10x_adc.o(.text.adc_init)
    adc_init_                                0x08001a51   Thumb Code   234  adc.o(.text.adc_init_)
    adc_regular_channel_config               0x08001b3d   Thumb Code    96  cs32f10x_adc.o(.text.adc_regular_channel_config)
    adc_struct_init                          0x08001b9d   Thumb Code    18  cs32f10x_adc.o(.text.adc_struct_init)
    app_led_control                          0x08001bb1   Thumb Code   316  app.o(.text.app_led_control)
    app_power_sw_contorl                     0x08001cfd   Thumb Code   132  app.o(.text.app_power_sw_contorl)
    app_sleep                                0x08001d81   Thumb Code   172  app.o(.text.app_sleep)
    app_temperature_protect                  0x08001e4d   Thumb Code   374  app.o(.text.app_temperature_protect)
    app_usba_control_protect                 0x08001fc5   Thumb Code   434  app.o(.text.app_usba_control_protect)
    bms_init                                 0x08002179   Thumb Code   368  bms.o(.text.bms_init)
    bq76942_reset                            0x080022f1   Thumb Code    88  bms.o(.text.bq76942_reset)
    circ_buffer_push                         0x08002365   Thumb Code    50  queue.o(.text.circ_buffer_push)
    cmd_g020_write                           0x08002399   Thumb Code    12  communication.o(.text.cmd_g020_write)
    coulomp_calc                             0x080023a5   Thumb Code   318  coulomp.o(.text.coulomp_calc)
    coulomp_init                             0x080024e5   Thumb Code   268  coulomp.o(.text.coulomp_init)
    deinit_befor_sleep                       0x08002611   Thumb Code   208  init.o(.text.deinit_befor_sleep)
    eta_driver                               0x080026e1   Thumb Code    36  app.o(.text.eta_driver)
    exti_def_init                            0x08002705   Thumb Code    22  cs32f10x_exti.o(.text.exti_def_init)
    exti_init                                0x0800271d   Thumb Code   190  init.o(.text.exti_init)
    f_led_alloff                             0x080027dd   Thumb Code    68  led.o(.text.f_led_alloff)
    f_led_charge                             0x08002831   Thumb Code    92  led.o(.text.f_led_charge)
    f_led_discharge                          0x0800289d   Thumb Code    92  led.o(.text.f_led_discharge)
    f_led_err                                0x08002909   Thumb Code    92  led.o(.text.f_led_err)
    f_led_health                             0x08002971   Thumb Code    72  led.o(.text.f_led_health)
    f_led_port_normal                        0x080029c9   Thumb Code    68  led.o(.text.f_led_port_normal)
    f_led_port_warning                       0x08002a21   Thumb Code   180  led.o(.text.f_led_port_warning)
    f_led_show_battery                       0x08002b49   Thumb Code    72  led.o(.text.f_led_show_battery)
    f_led_warning                            0x08002ba5   Thumb Code    72  led.o(.text.f_led_warning)
    f_uaba_close                             0x08002bfd   Thumb Code    80  app.o(.text.f_uaba_close)
    f_uaba_fault_ov                          0x08002c5d   Thumb Code    60  app.o(.text.f_uaba_fault_ov)
    f_uaba_open                              0x08002ca9   Thumb Code    80  app.o(.text.f_uaba_open)
    fputc                                    0x08002d05   Thumb Code    24  init.o(.text.fputc)
    fwdt_enable                              0x08002d1d   Thumb Code    16  cs32f10x_fwdt.o(.text.fwdt_enable)
    fwdt_init                                0x08002d2d   Thumb Code    32  init.o(.text.fwdt_init)
    fwdt_prescaler_set                       0x08002d4d   Thumb Code    12  cs32f10x_fwdt.o(.text.fwdt_prescaler_set)
    fwdt_reload_counter                      0x08002d59   Thumb Code    16  cs32f10x_fwdt.o(.text.fwdt_reload_counter)
    fwdt_reload_set                          0x08002d69   Thumb Code    12  cs32f10x_fwdt.o(.text.fwdt_reload_set)
    fwdt_write_access_enable_ctrl            0x08002d75   Thumb Code    12  cs32f10x_fwdt.o(.text.fwdt_write_access_enable_ctrl)
    gpio_exti_pin_config                     0x08002d81   Thumb Code    54  cs32f10x_gpio.o(.text.gpio_exti_pin_config)
    gpio_mode_config                         0x08002db9   Thumb Code   190  cs32f10x_gpio.o(.text.gpio_mode_config)
    gpio_pin_remap_config                    0x08002e79   Thumb Code    24  cs32f10x_gpio.o(.text.gpio_pin_remap_config)
    health_init                              0x08002e91   Thumb Code    14  bathealth.o(.text.health_init)
    i2c_init_2                               0x08002ea1   Thumb Code    56  iic.o(.text.i2c_init_2)
    init_after_wakeup                        0x08002ed9   Thumb Code   308  init.o(.text.init_after_wakeup)
    io_sleep_conf                            0x0800300d   Thumb Code   570  init.o(.text.io_sleep_conf)
    key_init                                 0x08003249   Thumb Code    74  key.o(.text.key_init)
    led_bat_show                             0x08003295   Thumb Code  1106  led.o(.text.led_bat_show)
    led_init                                 0x080036e9   Thumb Code   300  led.o(.text.led_init)
    led_port_show                            0x08003815   Thumb Code   310  led.o(.text.led_port_show)
    led_pwm_control                          0x0800394d   Thumb Code   174  led.o(.text.led_pwm_control)
    log_init                                 0x080039fd   Thumb Code   104  init.o(.text.log_init)
    main                                     0x08003a65   Thumb Code   168  main.o(.text.main)
    nvic_init                                0x08003b19   Thumb Code    50  cs32f10x_misc.o(.text.nvic_init)
    nvic_priority_group_config               0x08003b4d   Thumb Code    20  cs32f10x_misc.o(.text.nvic_priority_group_config)
    other_io_init                            0x08003b61   Thumb Code   144  init.o(.text.other_io_init)
    pmu_stop_mode_enter                      0x08003bf1   Thumb Code    62  cs32f10x_pmu.o(.text.pmu_stop_mode_enter)
    pmu_vbat_domain_write_config             0x08003c31   Thumb Code    22  cs32f10x_pmu.o(.text.pmu_vbat_domain_write_config)
    rcu_adcclk_config                        0x08003c49   Thumb Code    20  cs32f10x_rcu.o(.text.rcu_adcclk_config)
    rcu_clk_freq_get                         0x08003c5d   Thumb Code   158  cs32f10x_rcu.o(.text.rcu_clk_freq_get)
    rcu_clkready_reset_flag_get              0x08003cfd   Thumb Code    66  cs32f10x_rcu.o(.text.rcu_clkready_reset_flag_get)
    rcu_rtcclk_config                        0x08003d41   Thumb Code    20  cs32f10x_rcu.o(.text.rcu_rtcclk_config)
    rcu_sysclk_config                        0x08003d55   Thumb Code    20  cs32f10x_rcu.o(.text.rcu_sysclk_config)
    rcu_sysclk_src_get                       0x08003d69   Thumb Code    16  cs32f10x_rcu.o(.text.rcu_sysclk_src_get)
    rtc_alarm_set                            0x08003d79   Thumb Code    34  cs32f10x_rtc.o(.text.rtc_alarm_set)
    rtc_config                               0x08003d9d   Thumb Code   210  init.o(.text.rtc_config)
    rtc_counter_set                          0x08003e71   Thumb Code    34  cs32f10x_rtc.o(.text.rtc_counter_set)
    rtc_prescaler_set                        0x08003e95   Thumb Code    34  cs32f10x_rtc.o(.text.rtc_prescaler_set)
    rtc_wait_for_synchronize                 0x08003eb9   Thumb Code    24  cs32f10x_rtc.o(.text.rtc_wait_for_synchronize)
    task_adc                                 0x08004009   Thumb Code   246  adc.o(.text.task_adc)
    task_app                                 0x08004101   Thumb Code   700  app.o(.text.task_app)
    task_bms                                 0x080043bd   Thumb Code   382  bms_pro.o(.text.task_bms)
    task_com_rx                              0x0800453d   Thumb Code    12  communication.o(.text.task_com_rx)
    task_com_tx                              0x08004549   Thumb Code   204  communication.o(.text.task_com_tx)
    task_coulomp                             0x08004615   Thumb Code    66  coulomp.o(.text.task_coulomp)
    task_debug                               0x08004659   Thumb Code     2  debug.o(.text.task_debug)
    task_health                              0x0800465d   Thumb Code   104  bathealth.o(.text.task_health)
    task_key                                 0x080046cd   Thumb Code   178  key.o(.text.task_key)
    task_led                                 0x08004781   Thumb Code    26  led.o(.text.task_led)
    tick_delay                               0x0800479d   Thumb Code    20  app.o(.text.tick_delay)
    tick_init                                0x080047b1   Thumb Code    70  init.o(.text.tick_init)
    tim_base_init                            0x080047f9   Thumb Code    66  cs32f10x_tim.o(.text.tim_base_init)
    tim_def_init                             0x0800483d   Thumb Code   350  cs32f10x_tim.o(.text.tim_def_init)
    tim_init                                 0x0800499d   Thumb Code   102  init.o(.text.tim_init)
    turn_to_CFGUPDATE                        0x08004a05   Thumb Code   224  bms.o(.text.turn_to_CFGUPDATE)
    uart_init                                0x08004ae5   Thumb Code   128  init.o(.text.uart_init)
    usart_def_init                           0x08004b65   Thumb Code   206  cs32f10x_usart.o(.text.usart_def_init)
    usart_init                               0x08004c35   Thumb Code   114  cs32f10x_usart.o(.text.usart_init)
    __0printf$8                              0x08004ca9   Thumb Code    22  printf8.o(i.__0printf$8)
    __1printf$8                              0x08004ca9   Thumb Code     0  printf8.o(i.__0printf$8)
    __2printf                                0x08004ca9   Thumb Code     0  printf8.o(i.__0printf$8)
    __scatterload_copy                       0x08004cc9   Thumb Code    14  handlers.o(i.__scatterload_copy)
    __scatterload_null                       0x08004cd7   Thumb Code     2  handlers.o(i.__scatterload_null)
    __scatterload_zeroinit                   0x08004cd9   Thumb Code    14  handlers.o(i.__scatterload_zeroinit)
    puts                                     0x0800514d   Thumb Code    30  puts.o(i.puts)
    Region$$Table$$Base                      0x08005280   Number         0  anon$$obj.o(Region$$Table)
    Region$$Table$$Limit                     0x080052a0   Number         0  anon$$obj.o(Region$$Table)
    __stdout                                 0x20000000   Data           4  stdout.o(.data)
    SystemCoreClock                          0x20000004   Data           4  system_cs32f10x.o(.data.SystemCoreClock)
    Tasks_Max                                0x20000080   Data           1  task.o(.data.Tasks_Max)
    bms_capGain                              0x20000084   Data           4  bms.o(.data.bms_capGain)
    bms_ccGain                               0x20000088   Data           4  bms.o(.data.bms_ccGain)
    bms_init_array                           0x2000008c   Data         426  bms.o(.data.bms_init_array)
    led                                      0x20000238   Data          72  led.o(.data.led)
    sys                                      0x20000280   Data          64  app.o(.data.sys)
    t_power_on_cnt_s                         0x200002c0   Data           1  bms.o(.data.t_power_on_cnt_s)
    voltage_soc_ranges                       0x200002c4   Data         144  coulomp.o(.data.voltage_soc_ranges)
    AlarmBits                                0x20000358   Data           2  bms.o(.bss.AlarmBits)
    AlarmBits2                               0x2000035a   Data           2  bms.o(.bss.AlarmBits2)
    CHG                                      0x2000035c   Data           1  bms.o(.bss.CHG)
    CellVoltage                              0x2000035e   Data          32  bms.o(.bss.CellVoltage)
    DSG                                      0x2000037e   Data           1  bms.o(.bss.DSG)
    FET_Status                               0x2000037f   Data           1  bms.o(.bss.FET_Status)
    LD_Voltage                               0x20000380   Data           2  bms.o(.bss.LD_Voltage)
    OCC_Fault                                0x20000382   Data           1  bms.o(.bss.OCC_Fault)
    OCD_Fault                                0x20000383   Data           1  bms.o(.bss.OCD_Fault)
    OV_Fault                                 0x20000384   Data           1  bms.o(.bss.OV_Fault)
    PCHG                                     0x20000385   Data           1  bms.o(.bss.PCHG)
    PDSG                                     0x20000386   Data           1  bms.o(.bss.PDSG)
    Pack_Voltage                             0x20000388   Data           2  bms.o(.bss.Pack_Voltage)
    ProtectionsTriggered                     0x200003c1   Data           1  bms.o(.bss.ProtectionsTriggered)
    RX_32Byte                                0x200003c2   Data          32  bms.o(.bss.RX_32Byte)
    RX_CRC_Fail                              0x200003e2   Data           2  bms.o(.bss.RX_CRC_Fail)
    RX_data                                  0x200003e4   Data           2  bms.o(.bss.RX_data)
    SCD_Fault                                0x200003e6   Data           1  bms.o(.bss.SCD_Fault)
    Stack_Voltage                            0x200003e8   Data           2  bms.o(.bss.Stack_Voltage)
    UV_Fault                                 0x200003ea   Data           1  bms.o(.bss.UV_Fault)
    V_cells                                  0x200003ec   Data          12  bms.o(.bss.V_cells)
    bms_battery_status                       0x20000414   Data           2  bms_pro.o(.bss.bms_battery_status)
    bms_curr                                 0x20000416   Data           2  bms_pro.o(.bss.bms_curr)
    bms_tmp1                                 0x20000418   Data           2  bms_pro.o(.bss.bms_tmp1)
    bms_tmp2                                 0x2000041a   Data           2  bms_pro.o(.bss.bms_tmp2)
    bms_tmp3                                 0x2000041c   Data           2  bms_pro.o(.bss.bms_tmp3)
    bms_tmp4                                 0x2000041e   Data           2  bms_pro.o(.bss.bms_tmp4)
    cmd_g020                                 0x20000420   Data           1  communication.o(.bss.cmd_g020)
    cnt_value                                0x20000424   Data           4  app.o(.bss.cnt_value)
    coulomp                                  0x20000428   Data          12  coulomp.o(.bss.coulomp)
    field_Transmit                           0x20000434   Data           5  communication.o(.bss.field_Transmit)
    field_receive                            0x20000439   Data           4  communication.o(.bss.field_receive)
    health                                   0x20000440   Data           8  bathealth.o(.bss.health)
    key_cb                                   0x20000448   Data           8  key.o(.bss.key_cb)
    pack_pin_voltage                         0x20000456   Data           2  bms_pro.o(.bss.pack_pin_voltage)
    receive_ok                               0x20000459   Data           1  communication.o(.bss.receive_ok)
    rxBuffer                                 0x2000045a   Data          52  queue.o(.bss.rxBuffer)
    rx_CB                                    0x2000048e   Data          28  communication.o(.bss.rx_CB)
    second_flag                              0x200004aa   Data           1  main.o(.bss.second_flag)
    u16_nack_flag                            0x200004ae   Data           2  bms.o(.bss.u16_nack_flag)
    value_PFStatusA                          0x200004b0   Data           1  bms.o(.bss.value_PFStatusA)
    value_PFStatusB                          0x200004b1   Data           1  bms.o(.bss.value_PFStatusB)
    value_PFStatusC                          0x200004b2   Data           1  bms.o(.bss.value_PFStatusC)
    value_SafetyStatusA                      0x200004b3   Data           1  bms.o(.bss.value_SafetyStatusA)
    value_SafetyStatusB                      0x200004b4   Data           1  bms.o(.bss.value_SafetyStatusB)
    value_SafetyStatusC                      0x200004b5   Data           1  bms.o(.bss.value_SafetyStatusC)
    write_nack                               0x200004b6   Data           2  bms.o(.bss.write_nack)
    write_res                                0x200004b8   Data           2  bms.o(.bss.write_res)
    xbms                                     0x200004ba   Data           4  app.o(.bss.xbms)
    __initial_sp                             0x20000cc0   Data           0  startup_cs32f103xb.o(STACK)



==============================================================================

Memory Map of the image

  Image Entry point : 0x080000ed

  Load Region LR_IROM1 (Base: 0x08000000, Size: 0x000055f8, Max: 0x00020000, ABSOLUTE, COMPRESSED[0x000054b0])

    Execution Region ER_IROM1 (Exec base: 0x08000000, Load base: 0x08000000, Size: 0x000052a0, Max: 0x00020000, ABSOLUTE)

    Exec Addr    Load Addr    Size         Type   Attr      Idx    E Section Name        Object

    0x08000000   0x08000000   0x000000ec   Data   RO         1116    RESET               startup_cs32f103xb.o
    0x080000ec   0x080000ec   0x00000000   Code   RO         1136  * .ARM.Collect$$$$00000000  mc_w.l(entry.o)
    0x080000ec   0x080000ec   0x00000004   Code   RO         1434    .ARM.Collect$$$$00000001  mc_w.l(entry2.o)
    0x080000f0   0x080000f0   0x00000004   Code   RO         1437    .ARM.Collect$$$$00000004  mc_w.l(entry5.o)
    0x080000f4   0x080000f4   0x00000000   Code   RO         1439    .ARM.Collect$$$$00000008  mc_w.l(entry7b.o)
    0x080000f4   0x080000f4   0x00000000   Code   RO         1441    .ARM.Collect$$$$0000000A  mc_w.l(entry8b.o)
    0x080000f4   0x080000f4   0x00000008   Code   RO         1442    .ARM.Collect$$$$0000000B  mc_w.l(entry9a.o)
    0x080000fc   0x080000fc   0x00000000   Code   RO         1444    .ARM.Collect$$$$0000000D  mc_w.l(entry10a.o)
    0x080000fc   0x080000fc   0x00000000   Code   RO         1446    .ARM.Collect$$$$0000000F  mc_w.l(entry11a.o)
    0x080000fc   0x080000fc   0x00000004   Code   RO         1435    .ARM.Collect$$$$00002712  mc_w.l(entry2.o)
    0x08000100   0x08000100   0x00000024   Code   RO         1117    .text               startup_cs32f103xb.o
    0x08000124   0x08000124   0x00000062   Code   RO         1145    .text               mc_w.l(uldiv.o)
    0x08000186   0x08000186   0x000000b0   Code   RO         1414    .text               mf_w.l(fadd.o)
    0x08000236   0x08000236   0x00000064   Code   RO         1416    .text               mf_w.l(fmul.o)
    0x0800029a   0x0800029a   0x0000007c   Code   RO         1418    .text               mf_w.l(fdiv.o)
    0x08000316   0x08000316   0x000000e4   Code   RO         1420    .text               mf_w.l(dmul.o)
    0x080003fa   0x080003fa   0x000000de   Code   RO         1422    .text               mf_w.l(ddiv.o)
    0x080004d8   0x080004d8   0x00000012   Code   RO         1424    .text               mf_w.l(fflti.o)
    0x080004ea   0x080004ea   0x00000022   Code   RO         1426    .text               mf_w.l(dflti.o)
    0x0800050c   0x0800050c   0x0000001a   Code   RO         1428    .text               mf_w.l(dfltui.o)
    0x08000526   0x08000526   0x00000032   Code   RO         1430    .text               mf_w.l(ffixi.o)
    0x08000558   0x08000558   0x0000003e   Code   RO         1432    .text               mf_w.l(dfixi.o)
    0x08000596   0x08000596   0x0000001e   Code   RO         1460    .text               mc_w.l(llshl.o)
    0x080005b4   0x080005b4   0x00000020   Code   RO         1462    .text               mc_w.l(llushr.o)
    0x080005d4   0x080005d4   0x00000000   Code   RO         1464    .text               mc_w.l(iusefp.o)
    0x080005d4   0x080005d4   0x0000006e   Code   RO         1465    .text               mf_w.l(fepilogue.o)
    0x08000642   0x08000642   0x000000ba   Code   RO         1467    .text               mf_w.l(depilogue.o)
    0x080006fc   0x080006fc   0x00000030   Code   RO         1475    .text               mc_w.l(init.o)
    0x0800072c   0x0800072c   0x00000056   Code   RO         1487    .text               mc_w.l(__dczerorl2.o)
    0x08000782   0x08000782   0x00000002   PAD
    0x08000784   0x08000784   0x0000009a   Code   RO          213    .text.BQ769x2_Init  bms.o
    0x0800081e   0x0800081e   0x00000002   PAD
    0x08000820   0x08000820   0x00000010   Code   RO          227    .text.BQ769x2_RESET_DSG_OFF  bms.o
    0x08000830   0x08000830   0x0000002c   Code   RO          237    .text.BQ769x2_ReadAlarmRaw  bms.o
    0x0800085c   0x0800085c   0x0000002c   Code   RO          235    .text.BQ769x2_ReadAlarmStatus  bms.o
    0x08000888   0x08000888   0x000000d4   Code   RO          253    .text.BQ769x2_ReadAllVoltages  bms.o
    0x0800095c   0x0800095c   0x0000002e   Code   RO          263    .text.BQ769x2_ReadCurrent  bms.o
    0x0800098a   0x0800098a   0x00000002   PAD
    0x0800098c   0x0800098c   0x0000006e   Code   RO          231    .text.BQ769x2_ReadFETStatus  bms.o
    0x080009fa   0x080009fa   0x00000002   PAD
    0x080009fc   0x080009fc   0x00000036   Code   RO          245    .text.BQ769x2_ReadPFStatusA  bms.o
    0x08000a32   0x08000a32   0x00000002   PAD
    0x08000a34   0x08000a34   0x00000036   Code   RO          247    .text.BQ769x2_ReadPFStatusB  bms.o
    0x08000a6a   0x08000a6a   0x00000002   PAD
    0x08000a6c   0x08000a6c   0x00000036   Code   RO          249    .text.BQ769x2_ReadPFStatusC  bms.o
    0x08000aa2   0x08000aa2   0x00000002   PAD
    0x08000aa4   0x08000aa4   0x0000008a   Code   RO          239    .text.BQ769x2_ReadSafetyStatusA  bms.o
    0x08000b2e   0x08000b2e   0x00000002   PAD
    0x08000b30   0x08000b30   0x00000046   Code   RO          241    .text.BQ769x2_ReadSafetyStatusB  bms.o
    0x08000b76   0x08000b76   0x00000002   PAD
    0x08000b78   0x08000b78   0x00000072   Code   RO          243    .text.BQ769x2_ReadSafetyStatusC  bms.o
    0x08000bea   0x08000bea   0x00000002   PAD
    0x08000bec   0x08000bec   0x0000002c   Code   RO          265    .text.BQ769x2_ReadTemperature  bms.o
    0x08000c18   0x08000c18   0x0000002c   Code   RO          251    .text.BQ769x2_ReadVoltage  bms.o
    0x08000c44   0x08000c44   0x00000010   Code   RO          255    .text.BQ769x2_Read_Vcells_123  bms.o
    0x08000c54   0x08000c54   0x00000012   Code   RO          257    .text.BQ769x2_Read_Vcells_5  bms.o
    0x08000c66   0x08000c66   0x00000002   PAD
    0x08000c68   0x08000c68   0x00000014   Code   RO          259    .text.BQ769x2_Read_Vcells_7  bms.o
    0x08000c7c   0x08000c7c   0x00000014   Code   RO          261    .text.BQ769x2_Read_Vcells_9  bms.o
    0x08000c90   0x08000c90   0x00000176   Code   RO          197    .text.BQ769x2_SetRegister  bms.o
    0x08000e06   0x08000e06   0x00000002   PAD
    0x08000e08   0x08000e08   0x00000002   Code   RO           26    .text.BusFault_Handler  cs32f10x_it.o
    0x08000e0a   0x08000e0a   0x00000002   PAD
    0x08000e0c   0x08000e0c   0x00000002   Code   RO           32    .text.DebugMon_Handler  cs32f10x_it.o
    0x08000e0e   0x08000e0e   0x00000002   PAD
    0x08000e10   0x08000e10   0x0000005a   Code   RO          217    .text.DirectCommands  bms.o
    0x08000e6a   0x08000e6a   0x00000002   PAD
    0x08000e6c   0x08000e6c   0x0000002c   Code   RO           46    .text.EXTI15_10_IRQHandler  cs32f10x_it.o
    0x08000e98   0x08000e98   0x0000002a   Code   RO           44    .text.EXTI1_IRQHandler  cs32f10x_it.o
    0x08000ec2   0x08000ec2   0x00000002   PAD
    0x08000ec4   0x08000ec4   0x0000003a   Code   RO           42    .text.EXTI4_IRQHandler  cs32f10x_it.o
    0x08000efe   0x08000efe   0x00000002   PAD
    0x08000f00   0x08000f00   0x00000002   Code   RO           22    .text.HardFault_Handler  cs32f10x_it.o
    0x08000f02   0x08000f02   0x00000002   PAD
    0x08000f04   0x08000f04   0x0000028a   Code   RO          497    .text.I2C_ReadMulti  iic.o
    0x0800118e   0x0800118e   0x00000002   PAD
    0x08001190   0x08001190   0x000000f6   Code   RO          193    .text.I2C_ReadReg   bms.o
    0x08001286   0x08001286   0x00000002   PAD
    0x08001288   0x08001288   0x000000ce   Code   RO          487    .text.I2C_SendByte  iic.o
    0x08001356   0x08001356   0x00000002   PAD
    0x08001358   0x08001358   0x000000b8   Code   RO          485    .text.I2C_WaitAck   iic.o
    0x08001410   0x08001410   0x00000116   Code   RO          495    .text.I2C_WriteMulti  iic.o
    0x08001526   0x08001526   0x00000002   PAD
    0x08001528   0x08001528   0x000000c8   Code   RO          191    .text.I2C_WriteReg  bms.o
    0x080015f0   0x080015f0   0x00000002   Code   RO           24    .text.MemManage_Handler  cs32f10x_it.o
    0x080015f2   0x080015f2   0x00000002   PAD
    0x080015f4   0x080015f4   0x00000002   Code   RO           20    .text.NMI_Handler   cs32f10x_it.o
    0x080015f6   0x080015f6   0x00000002   PAD
    0x080015f8   0x080015f8   0x00000002   Code   RO           34    .text.PendSV_Handler  cs32f10x_it.o
    0x080015fa   0x080015fa   0x00000002   PAD
    0x080015fc   0x080015fc   0x00000182   Code   RO          435    .text.ProcessData1  queue.o
    0x0800177e   0x0800177e   0x00000002   PAD
    0x08001780   0x08001780   0x00000028   Code   RO           50    .text.RTCAlarm_IRQHandler  cs32f10x_it.o
    0x080017a8   0x080017a8   0x00000024   Code   RO           48    .text.RTC_IRQHandler  cs32f10x_it.o
    0x080017cc   0x080017cc   0x00000002   Code   RO           30    .text.SVC_Handler   cs32f10x_it.o
    0x080017ce   0x080017ce   0x00000002   PAD
    0x080017d0   0x080017d0   0x00000026   Code   RO           36    .text.SysTick_Handler  cs32f10x_it.o
    0x080017f6   0x080017f6   0x00000002   PAD
    0x080017f8   0x080017f8   0x00000112   Code   RO         1124    .text.SystemInit    system_cs32f10x.o
    0x0800190a   0x0800190a   0x00000002   PAD
    0x0800190c   0x0800190c   0x00000022   Code   RO           40    .text.TIM1_UP_IRQHandler  cs32f10x_it.o
    0x0800192e   0x0800192e   0x00000002   PAD
    0x08001930   0x08001930   0x00000042   Code   RO          453    .text.Task_Marks_Handler_Callback  task.o
    0x08001972   0x08001972   0x00000002   PAD
    0x08001974   0x08001974   0x00000046   Code   RO          455    .text.Task_Pro_Handler_Callback  task.o
    0x080019ba   0x080019ba   0x00000002   PAD
    0x080019bc   0x080019bc   0x0000003e   Code   RO           38    .text.USART3_IRQHandler  cs32f10x_it.o
    0x080019fa   0x080019fa   0x00000002   PAD
    0x080019fc   0x080019fc   0x00000002   Code   RO           28    .text.UsageFault_Handler  cs32f10x_it.o
    0x080019fe   0x080019fe   0x00000002   PAD
    0x08001a00   0x08001a00   0x00000050   Code   RO          593    .text.adc_init      cs32f10x_adc.o
    0x08001a50   0x08001a50   0x000000ea   Code   RO           95    .text.adc_init_     adc.o
    0x08001b3a   0x08001b3a   0x00000002   PAD
    0x08001b3c   0x08001b3c   0x00000060   Code   RO          599    .text.adc_regular_channel_config  cs32f10x_adc.o
    0x08001b9c   0x08001b9c   0x00000012   Code   RO          595    .text.adc_struct_init  cs32f10x_adc.o
    0x08001bae   0x08001bae   0x00000002   PAD
    0x08001bb0   0x08001bb0   0x0000014c   Code   RO          129    .text.app_led_control  app.o
    0x08001cfc   0x08001cfc   0x00000084   Code   RO          135    .text.app_power_sw_contorl  app.o
    0x08001d80   0x08001d80   0x000000cc   Code   RO          141    .text.app_sleep     app.o
    0x08001e4c   0x08001e4c   0x00000176   Code   RO          137    .text.app_temperature_protect  app.o
    0x08001fc2   0x08001fc2   0x00000002   PAD
    0x08001fc4   0x08001fc4   0x000001b2   Code   RO          131    .text.app_usba_control_protect  app.o
    0x08002176   0x08002176   0x00000002   PAD
    0x08002178   0x08002178   0x00000178   Code   RO          205    .text.bms_init      bms.o
    0x080022f0   0x080022f0   0x00000074   Code   RO          269    .text.bq76942_reset  bms.o
    0x08002364   0x08002364   0x00000032   Code   RO          425    .text.circ_buffer_push  queue.o
    0x08002396   0x08002396   0x00000002   PAD
    0x08002398   0x08002398   0x0000000c   Code   RO          326    .text.cmd_g020_write  communication.o
    0x080023a4   0x080023a4   0x0000013e   Code   RO          565    .text.coulomp_calc  coulomp.o
    0x080024e2   0x080024e2   0x00000002   PAD
    0x080024e4   0x080024e4   0x0000012c   Code   RO          559    .text.coulomp_init  coulomp.o
    0x08002610   0x08002610   0x000000d0   Code   RO           83    .text.deinit_befor_sleep  init.o
    0x080026e0   0x080026e0   0x00000024   Code   RO          145    .text.eta_driver    app.o
    0x08002704   0x08002704   0x00000016   Code   RO          731    .text.exti_def_init  cs32f10x_exti.o
    0x0800271a   0x0800271a   0x00000002   PAD
    0x0800271c   0x0800271c   0x000000be   Code   RO           77    .text.exti_init     init.o
    0x080027da   0x080027da   0x00000002   PAD
    0x080027dc   0x080027dc   0x00000054   Code   RO          388    .text.f_led_alloff  led.o
    0x08002830   0x08002830   0x0000006c   Code   RO          384    .text.f_led_charge  led.o
    0x0800289c   0x0800289c   0x0000006c   Code   RO          382    .text.f_led_discharge  led.o
    0x08002908   0x08002908   0x00000068   Code   RO          392    .text.f_led_err     led.o
    0x08002970   0x08002970   0x00000058   Code   RO          386    .text.f_led_health  led.o
    0x080029c8   0x080029c8   0x00000058   Code   RO          394    .text.f_led_port_normal  led.o
    0x08002a20   0x08002a20   0x00000128   Code   RO          396    .text.f_led_port_warning  led.o
    0x08002b48   0x08002b48   0x0000005c   Code   RO          380    .text.f_led_show_battery  led.o
    0x08002ba4   0x08002ba4   0x00000058   Code   RO          390    .text.f_led_warning  led.o
    0x08002bfc   0x08002bfc   0x00000060   Code   RO          109    .text.f_uaba_close  app.o
    0x08002c5c   0x08002c5c   0x0000004c   Code   RO          111    .text.f_uaba_fault_ov  app.o
    0x08002ca8   0x08002ca8   0x0000005c   Code   RO          107    .text.f_uaba_open   app.o
    0x08002d04   0x08002d04   0x00000018   Code   RO           61    .text.fputc         init.o
    0x08002d1c   0x08002d1c   0x00000010   Code   RO          785    .text.fwdt_enable   cs32f10x_fwdt.o
    0x08002d2c   0x08002d2c   0x00000020   Code   RO           79    .text.fwdt_init     init.o
    0x08002d4c   0x08002d4c   0x0000000c   Code   RO          779    .text.fwdt_prescaler_set  cs32f10x_fwdt.o
    0x08002d58   0x08002d58   0x00000010   Code   RO          783    .text.fwdt_reload_counter  cs32f10x_fwdt.o
    0x08002d68   0x08002d68   0x0000000c   Code   RO          781    .text.fwdt_reload_set  cs32f10x_fwdt.o
    0x08002d74   0x08002d74   0x0000000c   Code   RO          777    .text.fwdt_write_access_enable_ctrl  cs32f10x_fwdt.o
    0x08002d80   0x08002d80   0x00000036   Code   RO          809    .text.gpio_exti_pin_config  cs32f10x_gpio.o
    0x08002db6   0x08002db6   0x00000002   PAD
    0x08002db8   0x08002db8   0x000000be   Code   RO          797    .text.gpio_mode_config  cs32f10x_gpio.o
    0x08002e76   0x08002e76   0x00000002   PAD
    0x08002e78   0x08002e78   0x00000018   Code   RO          807    .text.gpio_pin_remap_config  cs32f10x_gpio.o
    0x08002e90   0x08002e90   0x0000000e   Code   RO          578    .text.health_init   bathealth.o
    0x08002e9e   0x08002e9e   0x00000002   PAD
    0x08002ea0   0x08002ea0   0x00000038   Code   RO          477    .text.i2c_init_2    iic.o
    0x08002ed8   0x08002ed8   0x00000134   Code   RO           85    .text.init_after_wakeup  init.o
    0x0800300c   0x0800300c   0x0000023a   Code   RO           71    .text.io_sleep_conf  init.o
    0x08003246   0x08003246   0x00000002   PAD
    0x08003248   0x08003248   0x0000004a   Code   RO          367    .text.key_init      key.o
    0x08003292   0x08003292   0x00000002   PAD
    0x08003294   0x08003294   0x00000452   Code   RO          404    .text.led_bat_show  led.o
    0x080036e6   0x080036e6   0x00000002   PAD
    0x080036e8   0x080036e8   0x0000012c   Code   RO          400    .text.led_init      led.o
    0x08003814   0x08003814   0x00000136   Code   RO          406    .text.led_port_show  led.o
    0x0800394a   0x0800394a   0x00000002   PAD
    0x0800394c   0x0800394c   0x000000ae   Code   RO          408    .text.led_pwm_control  led.o
    0x080039fa   0x080039fa   0x00000002   PAD
    0x080039fc   0x080039fc   0x00000068   Code   RO           59    .text.log_init      init.o
    0x08003a64   0x08003a64   0x000000b4   Code   RO            2    .text.main          main.o
    0x08003b18   0x08003b18   0x00000032   Code   RO          857    .text.nvic_init     cs32f10x_misc.o
    0x08003b4a   0x08003b4a   0x00000002   PAD
    0x08003b4c   0x08003b4c   0x00000014   Code   RO          855    .text.nvic_priority_group_config  cs32f10x_misc.o
    0x08003b60   0x08003b60   0x00000090   Code   RO           69    .text.other_io_init  init.o
    0x08003bf0   0x08003bf0   0x0000003e   Code   RO          883    .text.pmu_stop_mode_enter  cs32f10x_pmu.o
    0x08003c2e   0x08003c2e   0x00000002   PAD
    0x08003c30   0x08003c30   0x00000016   Code   RO          875    .text.pmu_vbat_domain_write_config  cs32f10x_pmu.o
    0x08003c46   0x08003c46   0x00000002   PAD
    0x08003c48   0x08003c48   0x00000014   Code   RO          921    .text.rcu_adcclk_config  cs32f10x_rcu.o
    0x08003c5c   0x08003c5c   0x0000009e   Code   RO          929    .text.rcu_clk_freq_get  cs32f10x_rcu.o
    0x08003cfa   0x08003cfa   0x00000002   PAD
    0x08003cfc   0x08003cfc   0x00000042   Code   RO          927    .text.rcu_clkready_reset_flag_get  cs32f10x_rcu.o
    0x08003d3e   0x08003d3e   0x00000002   PAD
    0x08003d40   0x08003d40   0x00000014   Code   RO          925    .text.rcu_rtcclk_config  cs32f10x_rcu.o
    0x08003d54   0x08003d54   0x00000014   Code   RO          911    .text.rcu_sysclk_config  cs32f10x_rcu.o
    0x08003d68   0x08003d68   0x00000010   Code   RO          913    .text.rcu_sysclk_src_get  cs32f10x_rcu.o
    0x08003d78   0x08003d78   0x00000022   Code   RO          945    .text.rtc_alarm_set  cs32f10x_rtc.o
    0x08003d9a   0x08003d9a   0x00000002   PAD
    0x08003d9c   0x08003d9c   0x000000d2   Code   RO           81    .text.rtc_config    init.o
    0x08003e6e   0x08003e6e   0x00000002   PAD
    0x08003e70   0x08003e70   0x00000022   Code   RO          941    .text.rtc_counter_set  cs32f10x_rtc.o
    0x08003e92   0x08003e92   0x00000002   PAD
    0x08003e94   0x08003e94   0x00000022   Code   RO          943    .text.rtc_prescaler_set  cs32f10x_rtc.o
    0x08003eb6   0x08003eb6   0x00000002   PAD
    0x08003eb8   0x08003eb8   0x00000018   Code   RO          947    .text.rtc_wait_for_synchronize  cs32f10x_rtc.o
    0x08003ed0   0x08003ed0   0x00000138   Code   RO          147    .text.sleep_del     app.o
    0x08004008   0x08004008   0x000000f6   Code   RO           97    .text.task_adc      adc.o
    0x080040fe   0x080040fe   0x00000002   PAD
    0x08004100   0x08004100   0x000002bc   Code   RO          115    .text.task_app      app.o
    0x080043bc   0x080043bc   0x0000017e   Code   RO          512    .text.task_bms      bms_pro.o
    0x0800453a   0x0800453a   0x00000002   PAD
    0x0800453c   0x0800453c   0x0000000c   Code   RO          324    .text.task_com_rx   communication.o
    0x08004548   0x08004548   0x000000cc   Code   RO          330    .text.task_com_tx   communication.o
    0x08004614   0x08004614   0x00000042   Code   RO          563    .text.task_coulomp  coulomp.o
    0x08004656   0x08004656   0x00000002   PAD
    0x08004658   0x08004658   0x00000002   Code   RO          351    .text.task_debug    debug.o
    0x0800465a   0x0800465a   0x00000002   PAD
    0x0800465c   0x0800465c   0x00000070   Code   RO          580    .text.task_health   bathealth.o
    0x080046cc   0x080046cc   0x000000b2   Code   RO          369    .text.task_key      key.o
    0x0800477e   0x0800477e   0x00000002   PAD
    0x08004780   0x08004780   0x0000001a   Code   RO          402    .text.task_led      led.o
    0x0800479a   0x0800479a   0x00000002   PAD
    0x0800479c   0x0800479c   0x00000014   Code   RO          149    .text.tick_delay    app.o
    0x080047b0   0x080047b0   0x00000046   Code   RO           73    .text.tick_init     init.o
    0x080047f6   0x080047f6   0x00000002   PAD
    0x080047f8   0x080047f8   0x00000042   Code   RO          975    .text.tim_base_init  cs32f10x_tim.o
    0x0800483a   0x0800483a   0x00000002   PAD
    0x0800483c   0x0800483c   0x0000015e   Code   RO          973    .text.tim_def_init  cs32f10x_tim.o
    0x0800499a   0x0800499a   0x00000002   PAD
    0x0800499c   0x0800499c   0x00000066   Code   RO           75    .text.tim_init      init.o
    0x08004a02   0x08004a02   0x00000002   PAD
    0x08004a04   0x08004a04   0x000000e0   Code   RO          223    .text.turn_to_CFGUPDATE  bms.o
    0x08004ae4   0x08004ae4   0x00000080   Code   RO           65    .text.uart_init     init.o
    0x08004b64   0x08004b64   0x000000ce   Code   RO         1055    .text.usart_def_init  cs32f10x_usart.o
    0x08004c32   0x08004c32   0x00000002   PAD
    0x08004c34   0x08004c34   0x00000072   Code   RO         1057    .text.usart_init    cs32f10x_usart.o
    0x08004ca6   0x08004ca6   0x00000002   PAD
    0x08004ca8   0x08004ca8   0x00000020   Code   RO         1360    i.__0printf$8       mc_w.l(printf8.o)
    0x08004cc8   0x08004cc8   0x0000000e   Code   RO         1481    i.__scatterload_copy  mc_w.l(handlers.o)
    0x08004cd6   0x08004cd6   0x00000002   Code   RO         1482    i.__scatterload_null  mc_w.l(handlers.o)
    0x08004cd8   0x08004cd8   0x0000000e   Code   RO         1483    i.__scatterload_zeroinit  mc_w.l(handlers.o)
    0x08004ce6   0x08004ce6   0x00000002   PAD
    0x08004ce8   0x08004ce8   0x00000410   Code   RO         1367    i._printf_core      mc_w.l(printf8.o)
    0x080050f8   0x080050f8   0x00000024   Code   RO         1368    i._printf_post_padding  mc_w.l(printf8.o)
    0x0800511c   0x0800511c   0x0000002e   Code   RO         1369    i._printf_pre_padding  mc_w.l(printf8.o)
    0x0800514a   0x0800514a   0x00000002   PAD
    0x0800514c   0x0800514c   0x00000024   Code   RO         1139    i.puts              mc_w.l(puts.o)
    0x08005170   0x08005170   0x00000004   Data   RO          932    .rodata.ADC_pdiv_table  cs32f10x_rcu.o
    0x08005174   0x08005174   0x00000010   Data   RO          931    .rodata.APBAHB_pdiv_table  cs32f10x_rcu.o
    0x08005184   0x08005184   0x00000057   Data   RO           11    .rodata.str1.1      main.o
    0x080051db   0x080051db   0x0000005f   Data   RO          161    .rodata.str1.1      app.o
    0x0800523a   0x0800523a   0x0000000e   Data   RO          413    .rodata.str1.1      led.o
    0x08005248   0x08005248   0x0000002d   Data   RO          437    .rodata.str1.1      queue.o
    0x08005275   0x08005275   0x00000009   Data   RO          568    .rodata.str1.1      coulomp.o
    0x0800527e   0x0800527e   0x00000002   PAD
    0x08005280   0x08005280   0x00000020   Data   RO         1480    Region$$Table       anon$$obj.o


    Execution Region RW_IRAM1 (Exec base: 0x20000000, Load base: 0x080052a0, Size: 0x00000cc0, Max: 0x00005000, ABSOLUTE, COMPRESSED[0x00000210])

    Exec Addr    Load Addr    Size         Type   Attr      Idx    E Section Name        Object

    0x20000000   COMPRESSED   0x00000004   Data   RW         1448    .data               mc_w.l(stdout.o)
    0x20000004   COMPRESSED   0x00000004   Data   RW         1128    .data.SystemCoreClock  system_cs32f10x.o
    0x20000008   COMPRESSED   0x00000078   Data   RW          458    .data.Task_Comps    task.o
    0x20000080   COMPRESSED   0x00000001   Data   RW          457    .data.Tasks_Max     task.o
    0x20000081   COMPRESSED   0x00000003   PAD
    0x20000084   COMPRESSED   0x00000004   Data   RW          299    .data.bms_capGain   bms.o
    0x20000088   COMPRESSED   0x00000004   Data   RW          298    .data.bms_ccGain    bms.o
    0x2000008c   COMPRESSED   0x000001aa   Data   RW          300    .data.bms_init_array  bms.o
    0x20000236   COMPRESSED   0x00000002   PAD
    0x20000238   COMPRESSED   0x00000048   Data   RW          412    .data.led           led.o
    0x20000280   COMPRESSED   0x00000040   Data   RW          151    .data.sys           app.o
    0x200002c0   COMPRESSED   0x00000001   Data   RW          296    .data.t_power_on_cnt_s  bms.o
    0x200002c1   COMPRESSED   0x00000003   PAD
    0x200002c4   COMPRESSED   0x00000090   Data   RW          569    .data.voltage_soc_ranges  coulomp.o
    0x20000354   COMPRESSED   0x00000004   PAD
    0x20000358        -       0x00000002   Zero   RW          278    .bss.AlarmBits      bms.o
    0x2000035a        -       0x00000002   Zero   RW          279    .bss.AlarmBits2     bms.o
    0x2000035c        -       0x00000001   Zero   RW          288    .bss.CHG            bms.o
    0x2000035d   COMPRESSED   0x00000001   PAD
    0x2000035e        -       0x00000020   Zero   RW          273    .bss.CellVoltage    bms.o
    0x2000037e        -       0x00000001   Zero   RW          287    .bss.DSG            bms.o
    0x2000037f        -       0x00000001   Zero   RW          301    .bss.FET_Status     bms.o
    0x20000380        -       0x00000002   Zero   RW          276    .bss.LD_Voltage     bms.o
    0x20000382        -       0x00000001   Zero   RW          284    .bss.OCC_Fault      bms.o
    0x20000383        -       0x00000001   Zero   RW          283    .bss.OCD_Fault      bms.o
    0x20000384        -       0x00000001   Zero   RW          281    .bss.OV_Fault       bms.o
    0x20000385        -       0x00000001   Zero   RW          289    .bss.PCHG           bms.o
    0x20000386        -       0x00000001   Zero   RW          290    .bss.PDSG           bms.o
    0x20000387   COMPRESSED   0x00000001   PAD
    0x20000388        -       0x00000002   Zero   RW          275    .bss.Pack_Voltage   bms.o
    0x2000038a   COMPRESSED   0x00000002   PAD
    0x2000038c        -       0x00000032   Zero   RW          442    .bss.ProcessData1.packet  queue.o
    0x200003be        -       0x00000002   Zero   RW          443    .bss.ProcessData1.packetIndex  queue.o
    0x200003c0        -       0x00000001   Zero   RW          444    .bss.ProcessData1.receive_status  queue.o
    0x200003c1        -       0x00000001   Zero   RW          285    .bss.ProtectionsTriggered  bms.o
    0x200003c2        -       0x00000020   Zero   RW          272    .bss.RX_32Byte      bms.o
    0x200003e2        -       0x00000002   Zero   RW          294    .bss.RX_CRC_Fail    bms.o
    0x200003e4        -       0x00000002   Zero   RW          271    .bss.RX_data        bms.o
    0x200003e6        -       0x00000001   Zero   RW          282    .bss.SCD_Fault      bms.o
    0x200003e7   COMPRESSED   0x00000001   PAD
    0x200003e8        -       0x00000002   Zero   RW          274    .bss.Stack_Voltage  bms.o
    0x200003ea        -       0x00000001   Zero   RW          280    .bss.UV_Fault       bms.o
    0x200003eb   COMPRESSED   0x00000001   PAD
    0x200003ec        -       0x0000000c   Zero   RW          308    .bss.V_cells        bms.o
    0x200003f8        -       0x00000002   Zero   RW          169    .bss.app_bms_comm_recover.cnt  app.o
    0x200003fa        -       0x00000001   Zero   RW          157    .bss.app_led_control.err_mode  app.o
    0x200003fb        -       0x00000001   Zero   RW          162    .bss.app_power_rank_contorl.cnt  app.o
    0x200003fc        -       0x00000002   Zero   RW          167    .bss.app_sleep.delay_off  app.o
    0x200003fe        -       0x00000002   Zero   RW          168    .bss.app_sleep.delay_on  app.o
    0x20000400        -       0x00000002   Zero   RW          163    .bss.app_temperature_protect.rep.0  app.o
    0x20000402        -       0x00000002   Zero   RW          164    .bss.app_temperature_protect.rep.1  app.o
    0x20000404        -       0x00000002   Zero   RW          165    .bss.app_temperature_protect.rep.2  app.o
    0x20000406        -       0x00000002   Zero   RW          166    .bss.app_temperature_protect.rep.3  app.o
    0x20000408        -       0x00000001   Zero   RW          159    .bss.app_usba_control_protect.oc_cnt  app.o
    0x20000409   COMPRESSED   0x00000003   PAD
    0x2000040c        -       0x00000004   Zero   RW          160    .bss.app_usba_control_protect.recover_cnt  app.o
    0x20000410        -       0x00000004   Zero   RW          158    .bss.app_usba_control_protect.small_cur_cnt  app.o
    0x20000414        -       0x00000002   Zero   RW          543    .bss.bms_battery_status  bms_pro.o
    0x20000416        -       0x00000002   Zero   RW          529    .bss.bms_curr       bms_pro.o
    0x20000418        -       0x00000002   Zero   RW          521    .bss.bms_tmp1       bms_pro.o
    0x2000041a        -       0x00000002   Zero   RW          517    .bss.bms_tmp2       bms_pro.o
    0x2000041c        -       0x00000002   Zero   RW          518    .bss.bms_tmp3       bms_pro.o
    0x2000041e        -       0x00000002   Zero   RW          534    .bss.bms_tmp4       bms_pro.o
    0x20000420        -       0x00000001   Zero   RW          338    .bss.cmd_g020       communication.o
    0x20000421   COMPRESSED   0x00000003   PAD
    0x20000424        -       0x00000004   Zero   RW          170    .bss.cnt_value      app.o
    0x20000428        -       0x0000000c   Zero   RW          567    .bss.coulomp        coulomp.o
    0x20000434        -       0x00000005   Zero   RW          339    .bss.field_Transmit  communication.o
    0x20000439        -       0x00000004   Zero   RW          342    .bss.field_receive  communication.o
    0x2000043d   COMPRESSED   0x00000003   PAD
    0x20000440        -       0x00000008   Zero   RW          584    .bss.health         bathealth.o
    0x20000448        -       0x00000008   Zero   RW          371    .bss.key_cb         key.o
    0x20000450        -       0x00000001   Zero   RW          152    .bss.key_fast_switch.last_level  app.o
    0x20000451        -       0x00000001   Zero   RW          153    .bss.key_fast_switch.num  app.o
    0x20000452        -       0x00000002   Zero   RW          154    .bss.key_fast_switch.timer  app.o
    0x20000454        -       0x00000001   Zero   RW          414    .bss.led_bat_show.flag  led.o
    0x20000455   COMPRESSED   0x00000001   PAD
    0x20000456        -       0x00000002   Zero   RW          548    .bss.pack_pin_voltage  bms_pro.o
    0x20000458        -       0x00000001   Zero   RW          172    .bss.portA_plug_check.cnt  app.o
    0x20000459        -       0x00000001   Zero   RW          337    .bss.receive_ok     communication.o
    0x2000045a        -       0x00000034   Zero   RW          438    .bss.rxBuffer       queue.o
    0x2000048e        -       0x0000001c   Zero   RW          336    .bss.rx_CB          communication.o
    0x200004aa        -       0x00000001   Zero   RW           10    .bss.second_flag    main.o
    0x200004ab        -       0x00000001   Zero   RW          155    .bss.sys_switch_check.key2_high_cnt  app.o
    0x200004ac        -       0x00000001   Zero   RW          156    .bss.sys_switch_check.key2_low_cnt  app.o
    0x200004ad        -       0x00000001   Zero   RW          547    .bss.task_bms.idx   bms_pro.o
    0x200004ae        -       0x00000002   Zero   RW          295    .bss.u16_nack_flag  bms.o
    0x200004b0        -       0x00000001   Zero   RW          305    .bss.value_PFStatusA  bms.o
    0x200004b1        -       0x00000001   Zero   RW          306    .bss.value_PFStatusB  bms.o
    0x200004b2        -       0x00000001   Zero   RW          307    .bss.value_PFStatusC  bms.o
    0x200004b3        -       0x00000001   Zero   RW          302    .bss.value_SafetyStatusA  bms.o
    0x200004b4        -       0x00000001   Zero   RW          303    .bss.value_SafetyStatusB  bms.o
    0x200004b5        -       0x00000001   Zero   RW          304    .bss.value_SafetyStatusC  bms.o
    0x200004b6        -       0x00000002   Zero   RW          293    .bss.write_nack     bms.o
    0x200004b8        -       0x00000002   Zero   RW          297    .bss.write_res      bms.o
    0x200004ba        -       0x00000004   Zero   RW          171    .bss.xbms           app.o
    0x200004be   COMPRESSED   0x00000002   PAD
    0x200004c0        -       0x00000800   Zero   RW         1114    STACK               startup_cs32f103xb.o


==============================================================================

Image component sizes


      Code (inc. data)   RO Data    RW Data    ZI Data      Debug   Object Name

       480          0          0          0          0       2327   adc.o
      2808        132         95         64         40      10815   app.o
       126          8          0          0          8       1469   bathealth.o
      2898         36          0        435        113      21036   bms.o
       382         20          0          0         15       4020   bms_pro.o
       228          0          0          0         39       4103   communication.o
       684         32          9        144         12       3126   coulomp.o
       194          0          0          0          0       3975   cs32f10x_adc.o
        22          0          0          0          0        966   cs32f10x_exti.o
        68          0          0          0          0       1842   cs32f10x_fwdt.o
       268          0          0          0          0       3526   cs32f10x_gpio.o
       370          0          0          0          0       4199   cs32f10x_it.o
        70          0          0          0          0       3603   cs32f10x_misc.o
        84          0          0          0          0       3619   cs32f10x_pmu.o
       300          0         20          0          0       4969   cs32f10x_rcu.o
       126          0          0          0          0       1638   cs32f10x_rtc.o
       416          0          0          0          0      11855   cs32f10x_tim.o
       320          0          0          0          0       4717   cs32f10x_usart.o
         2          0          0          0          0        978   debug.o
      1374         12          0          0          0      11766   iic.o
      2090          0          0          0          0      10714   init.o
       252          0          0          0          8       2145   key.o
      2972        328         14         72          1       8445   led.o
       180         12         87          0          1       1845   main.o
       436          0         45          0        105       3985   queue.o
        36          8        236          0       2048        840   startup_cs32f103xb.o
       274          0          0          4          0       2961   system_cs32f10x.o
       136          0          0        121          0       1141   task.o

    ----------------------------------------------------------------------
     17736        588        540        848       2412     136625   Object Totals
         0          0         32          0          0          0   (incl. Generated)
       140          0          2          8         22          0   (incl. Padding)

    ----------------------------------------------------------------------

      Code (inc. data)   RO Data    RW Data    ZI Data      Debug   Library Member Name

        86          0          0          0          0          0   __dczerorl2.o
         0          0          0          0          0          0   entry.o
         0          0          0          0          0          0   entry10a.o
         0          0          0          0          0          0   entry11a.o
         8          4          0          0          0          0   entry2.o
         4          0          0          0          0          0   entry5.o
         0          0          0          0          0          0   entry7b.o
         0          0          0          0          0          0   entry8b.o
         8          4          0          0          0          0   entry9a.o
        30          0          0          0          0          0   handlers.o
        48         10          0          0          0         68   init.o
         0          0          0          0          0          0   iusefp.o
        30          0          0          0          0         68   llshl.o
        32          0          0          0          0         68   llushr.o
      1154         54          0          0          0        352   printf8.o
        36          6          0          0          0         80   puts.o
         0          0          0          4          0          0   stdout.o
        98          0          0          0          0         92   uldiv.o
       222          0          0          0          0        100   ddiv.o
       186          0          0          0          0        176   depilogue.o
        62          0          0          0          0         80   dfixi.o
        34          0          0          0          0         76   dflti.o
        26          0          0          0          0         76   dfltui.o
       228          0          0          0          0         96   dmul.o
       176          0          0          0          0        140   fadd.o
       124          0          0          0          0         88   fdiv.o
       110          0          0          0          0        168   fepilogue.o
        50          0          0          0          0         68   ffixi.o
        18          0          0          0          0         68   fflti.o
       100          0          0          0          0         76   fmul.o

    ----------------------------------------------------------------------
      2876         78          0          4          0       1940   Library Totals
         6          0          0          0          0          0   (incl. Padding)

    ----------------------------------------------------------------------

      Code (inc. data)   RO Data    RW Data    ZI Data      Debug   Library Name

      1534         78          0          4          0        728   mc_w.l
      1336          0          0          0          0       1212   mf_w.l

    ----------------------------------------------------------------------
      2876         78          0          4          0       1940   Library Totals

    ----------------------------------------------------------------------

==============================================================================


      Code (inc. data)   RO Data    RW Data    ZI Data      Debug   

     20612        666        540        852       2412     137341   Grand Totals
     20612        666        540        528       2412     137341   ELF Image Totals (compressed)
     20612        666        540        528          0          0   ROM Totals

==============================================================================

    Total RO  Size (Code + RO Data)                21152 (  20.66kB)
    Total RW  Size (RW Data + ZI Data)              3264 (   3.19kB)
    Total ROM Size (Code + RO Data + RW Data)      21680 (  21.17kB)

==============================================================================

